[INFO] [1790443714.248975290] [leader_pid_controller]: Leader PID controller started.
[INFO] [1790443714.249598475] [leader_pid_controller]: Control rate: 10.00 Hz
[INFO] [1790443714.250061648] [leader_pid_controller]: Controller state: TRACK
[INFO] [1790443718.362397803] [leader_pid_controller]: Controller state: TRACK
[INFO] [1790443718.362839186] [leader_pid_controller]: New reference path received: 41 waypoints.
[INFO] [1790443724.365210980] [leader_pid_controller]: Controller state: BRAKE
[INFO] [1790443724.365503238] [leader_pid_controller]: Goal braking started. Total speed=1.000 m/s, surge=0.995 m/s.
[INFO] [1790443725.758388145] [leader_pid_controller]: Boat stopped outside goal tolerance. Distance=1.376 m. Entering RECOVER.
[INFO] [1790443725.759012045] [leader_pid_controller]: Controller state: RECOVER
[INFO] [1790443725.759279456] [leader_pid_controller]: RECOVER mode: ALIGN
[INFO] [1790443725.785237373] [leader_pid_controller]: RECOVER alignment complete. Beginning slow approach.
[INFO] [1790443726.845376386] [leader_pid_controller]: RECOVER capture distance reached. Distance=0.732 m. Entering BRAKE.
[INFO] [1790443726.845777012] [leader_pid_controller]: Controller state: BRAKE
[INFO] [1790443726.845993069] [leader_pid_controller]: Goal braking started. Total speed=0.321 m/s, surge=0.260 m/s.
[INFO] [1790443727.631539711] [leader_pid_controller]: Controller state: HOLD
[INFO] [1790443727.631809765] [leader_pid_controller]: Boat stopped inside target zone. Speed=0.050 m/s, distance=0.826 m.
[INFO] [1790443727.632028185] [leader_pid_controller]: Holding for 5.0 simulated seconds.
[INFO] [1790443728.962067405] [leader_pid_controller]: ========================================
[INFO] [1790443728.962320149] [leader_pid_controller]: EXPERIMENT SUCCESS
[INFO] [1790443728.962522046] [leader_pid_controller]: Goal distance: 0.938 m
[INFO] [1790443728.962779805] [leader_pid_controller]: Speed: 0.017 m/s
[INFO] [1790443728.963049531] [leader_pid_controller]: Remained within 1.00 m for 5.0 simulated seconds.
[INFO] [1790443728.963272622] [leader_pid_controller]: ========================================
Traceback (most recent call last):
  File "/home/sajed/vrx_ws/install/platoon_control/lib/platoon_control/leader_pid_controller", line 33, in <module>
    sys.exit(load_entry_point('platoon-control', 'console_scripts', 'leader_pid_controller')())
             ^^^^^^^^^^^^^^^^^^^^^^^^^^^^^^^^^^^^^^^^^^^^^^^^^^^^^^^^^^^^^^^^^^^^^^^^^^^^^^^^^
  File "/home/sajed/vrx_ws/build/platoon_control/platoon_control/leader_pid_controller.py", line 2126, in main
    node.stop()
  File "/home/sajed/vrx_ws/build/platoon_control/platoon_control/leader_pid_controller.py", line 2096, in stop
    self.publish_zero_thrust()
  File "/home/sajed/vrx_ws/build/platoon_control/platoon_control/leader_pid_controller.py", line 2046, in publish_zero_thrust
    self.publish_thrusters(
  File "/home/sajed/vrx_ws/build/platoon_control/platoon_control/leader_pid_controller.py", line 2006, in publish_thrusters
    self.left_position_publisher.publish(
  File "/opt/ros/jazzy/lib/python3.12/site-packages/rclpy/publisher.py", line 70, in publish
    self.__publisher.publish(msg)
rclpy._rclpy_pybind11.RCLError: Failed to publish: publisher's context is invalid, at ./src/rcl/publisher.c:423
[ros2run]: Process exited with failure 1
