[INFO] [1790443714.243933914] [trajectory_logger]: Trajectory logger started.
[INFO] [1790443714.244410208] [trajectory_logger]: CSV output: /home/sajed/vrx_ws/src/vrx_platooning/results/autotune_sessions/leader_smart_01/speed_003_straight/trajectory.csv

============================================
 TRAJECTORY LOGGER SUMMARY
============================================
Completion reason       : SUCCESS
CSV                     : /home/sajed/vrx_ws/src/vrx_platooning/results/autotune_sessions/leader_smart_01/speed_003_straight/trajectory.csv
Samples                 : 793
Mean position error     : 0.353 m
Max position error      : 1.430 m
Position RMSE           : 0.470 m
Mean |heading error|    : 0.110 rad
Mean speed              : 0.576 m/s
============================================

Traceback (most recent call last):
  File "/home/sajed/vrx_ws/install/platoon_monitor/lib/platoon_monitor/trajectory_logger", line 33, in <module>
    sys.exit(load_entry_point('platoon-monitor', 'console_scripts', 'trajectory_logger')())
             ^^^^^^^^^^^^^^^^^^^^^^^^^^^^^^^^^^^^^^^^^^^^^^^^^^^^^^^^^^^^^^^^^^^^^^^^^^^^^
  File "/home/sajed/vrx_ws/build/platoon_monitor/platoon_monitor/trajectory_logger.py", line 1049, in main
    node.destroy_node()
  File "/opt/ros/jazzy/lib/python3.12/site-packages/rclpy/node.py", line 1958, in destroy_node
    self.destroy_subscription(self._subscriptions[0])
  File "/opt/ros/jazzy/lib/python3.12/site-packages/rclpy/node.py", line 1854, in destroy_subscription
    subscription.destroy()
  File "/opt/ros/jazzy/lib/python3.12/site-packages/rclpy/subscription.py", line 101, in destroy
    self.handle.destroy_when_not_in_use()
KeyboardInterrupt
[ros2run]: Interrupt
