[INFO] [1790444738.817546557] [leader_pid_controller]: Leader PID controller started.
[INFO] [1790444738.818110610] [leader_pid_controller]: Control rate: 10.00 Hz
[INFO] [1790444738.818571040] [leader_pid_controller]: Controller state: TRACK
[INFO] [1790444743.477722469] [leader_pid_controller]: Controller state: TRACK
[INFO] [1790444743.478024045] [leader_pid_controller]: New reference path received: 64 waypoints.
[INFO] [1790444754.557219549] [leader_pid_controller]: Controller state: BRAKE
[INFO] [1790444754.557500635] [leader_pid_controller]: Goal braking started. Total speed=0.801 m/s, surge=0.757 m/s.
[INFO] [1790444755.718076136] [leader_pid_controller]: Controller state: HOLD
[INFO] [1790444755.718380926] [leader_pid_controller]: Boat stopped inside target zone. Speed=0.049 m/s, distance=0.835 m.
[INFO] [1790444755.718648879] [leader_pid_controller]: Holding for 5.0 simulated seconds.
[INFO] [1790444757.022150576] [leader_pid_controller]: ========================================
[INFO] [1790444757.022407211] [leader_pid_controller]: EXPERIMENT SUCCESS
[INFO] [1790444757.022610654] [leader_pid_controller]: Goal distance: 0.908 m
[INFO] [1790444757.022817921] [leader_pid_controller]: Speed: 0.010 m/s
[INFO] [1790444757.023074751] [leader_pid_controller]: Remained within 1.00 m for 5.0 simulated seconds.
[INFO] [1790444757.023354054] [leader_pid_controller]: ========================================
Traceback (most recent call last):
  File "/home/sajed/vrx_ws/install/platoon_control/lib/platoon_control/leader_pid_controller", line 33, in <module>
    sys.exit(load_entry_point('platoon-control', 'console_scripts', 'leader_pid_controller')())
             ^^^^^^^^^^^^^^^^^^^^^^^^^^^^^^^^^^^^^^^^^^^^^^^^^^^^^^^^^^^^^^^^^^^^^^^^^^^^^^^^^
  File "/home/sajed/vrx_ws/build/platoon_control/platoon_control/leader_pid_controller.py", line 2126, in main
    node.stop()
  File "/home/sajed/vrx_ws/build/platoon_control/platoon_control/leader_pid_controller.py", line 2096, in stop
    self.publish_zero_thrust()
  File "/home/sajed/vrx_ws/build/platoon_control/platoon_control/leader_pid_controller.py", line 2046, in publish_zero_thrust
    self.publish_thrusters(
  File "/home/sajed/vrx_ws/build/platoon_control/platoon_control/leader_pid_controller.py", line 2006, in publish_thrusters
    self.left_position_publisher.publish(
  File "/opt/ros/jazzy/lib/python3.12/site-packages/rclpy/publisher.py", line 70, in publish
    self.__publisher.publish(msg)
rclpy._rclpy_pybind11.RCLError: Failed to publish: publisher's context is invalid, at ./src/rcl/publisher.c:423
[ros2run]: Process exited with failure 1
