[INFO] [1790443612.048956935] [leader_pid_controller]: Leader PID controller started.
[INFO] [1790443612.049527501] [leader_pid_controller]: Control rate: 10.00 Hz
[INFO] [1790443612.050005117] [leader_pid_controller]: Controller state: TRACK
[INFO] [1790443617.938629875] [leader_pid_controller]: Controller state: TRACK
[INFO] [1790443617.938905952] [leader_pid_controller]: New reference path received: 64 waypoints.
[INFO] [1790443627.018821656] [leader_pid_controller]: Controller state: BRAKE
[INFO] [1790443627.019095546] [leader_pid_controller]: Goal braking started. Total speed=1.024 m/s, surge=0.934 m/s.
[INFO] [1790443628.680493678] [leader_pid_controller]: Boat stopped outside goal tolerance. Distance=1.729 m. Entering RECOVER.
[INFO] [1790443628.681002273] [leader_pid_controller]: Controller state: RECOVER
[INFO] [1790443628.681232331] [leader_pid_controller]: RECOVER mode: ALIGN
[INFO] [1790443629.274223789] [leader_pid_controller]: RECOVER alignment complete. Beginning slow approach.
[INFO] [1790443630.786698046] [leader_pid_controller]: RECOVER capture distance reached. Distance=0.738 m. Entering BRAKE.
[INFO] [1790443630.787115512] [leader_pid_controller]: Controller state: BRAKE
[INFO] [1790443630.787380881] [leader_pid_controller]: Goal braking started. Total speed=0.286 m/s, surge=0.254 m/s.
[INFO] [1790443631.527307855] [leader_pid_controller]: Controller state: HOLD
[INFO] [1790443631.527690649] [leader_pid_controller]: Boat stopped inside target zone. Speed=0.047 m/s, distance=0.835 m.
[INFO] [1790443631.527960154] [leader_pid_controller]: Holding for 5.0 simulated seconds.
[INFO] [1790443632.847703493] [leader_pid_controller]: ========================================
[INFO] [1790443632.848046620] [leader_pid_controller]: EXPERIMENT SUCCESS
[INFO] [1790443632.848350405] [leader_pid_controller]: Goal distance: 0.932 m
[INFO] [1790443632.848557528] [leader_pid_controller]: Speed: 0.011 m/s
[INFO] [1790443632.848899207] [leader_pid_controller]: Remained within 1.00 m for 5.0 simulated seconds.
[INFO] [1790443632.849185122] [leader_pid_controller]: ========================================
Traceback (most recent call last):
  File "/home/sajed/vrx_ws/install/platoon_control/lib/platoon_control/leader_pid_controller", line 33, in <module>
    sys.exit(load_entry_point('platoon-control', 'console_scripts', 'leader_pid_controller')())
             ^^^^^^^^^^^^^^^^^^^^^^^^^^^^^^^^^^^^^^^^^^^^^^^^^^^^^^^^^^^^^^^^^^^^^^^^^^^^^^^^^
  File "/home/sajed/vrx_ws/build/platoon_control/platoon_control/leader_pid_controller.py", line 2126, in main
    node.stop()
  File "/home/sajed/vrx_ws/build/platoon_control/platoon_control/leader_pid_controller.py", line 2096, in stop
    self.publish_zero_thrust()
  File "/home/sajed/vrx_ws/build/platoon_control/platoon_control/leader_pid_controller.py", line 2046, in publish_zero_thrust
    self.publish_thrusters(
  File "/home/sajed/vrx_ws/build/platoon_control/platoon_control/leader_pid_controller.py", line 2006, in publish_thrusters
    self.left_position_publisher.publish(
  File "/opt/ros/jazzy/lib/python3.12/site-packages/rclpy/publisher.py", line 70, in publish
    self.__publisher.publish(msg)
rclpy._rclpy_pybind11.RCLError: Failed to publish: publisher's context is invalid, at ./src/rcl/publisher.c:423
[ros2run]: Process exited with failure 1
