[INFO] [1790444904.733620793] [leader_pid_controller]: Leader PID controller started.
[INFO] [1790444904.734294640] [leader_pid_controller]: Control rate: 10.00 Hz
[INFO] [1790444904.734768148] [leader_pid_controller]: Controller state: TRACK
[INFO] [1790444908.807120372] [leader_pid_controller]: Controller state: TRACK
[INFO] [1790444908.807440071] [leader_pid_controller]: New reference path received: 64 waypoints.
[INFO] [1790444920.056418925] [leader_pid_controller]: Controller state: BRAKE
[INFO] [1790444920.056744054] [leader_pid_controller]: Goal braking started. Total speed=0.795 m/s, surge=0.764 m/s.
[INFO] [1790444921.101346367] [leader_pid_controller]: Controller state: HOLD
[INFO] [1790444921.101665767] [leader_pid_controller]: Boat stopped inside target zone. Speed=0.050 m/s, distance=0.787 m.
[INFO] [1790444921.101886706] [leader_pid_controller]: Holding for 5.0 simulated seconds.
[INFO] [1790444922.432435208] [leader_pid_controller]: ========================================
[INFO] [1790444922.432691735] [leader_pid_controller]: EXPERIMENT SUCCESS
[INFO] [1790444922.432938615] [leader_pid_controller]: Goal distance: 0.845 m
[INFO] [1790444922.433141494] [leader_pid_controller]: Speed: 0.011 m/s
[INFO] [1790444922.433376148] [leader_pid_controller]: Remained within 1.00 m for 5.0 simulated seconds.
[INFO] [1790444922.433592416] [leader_pid_controller]: ========================================
Traceback (most recent call last):
  File "/home/sajed/vrx_ws/install/platoon_control/lib/platoon_control/leader_pid_controller", line 33, in <module>
    sys.exit(load_entry_point('platoon-control', 'console_scripts', 'leader_pid_controller')())
             ^^^^^^^^^^^^^^^^^^^^^^^^^^^^^^^^^^^^^^^^^^^^^^^^^^^^^^^^^^^^^^^^^^^^^^^^^^^^^^^^^
  File "/home/sajed/vrx_ws/build/platoon_control/platoon_control/leader_pid_controller.py", line 2126, in main
    node.stop()
  File "/home/sajed/vrx_ws/build/platoon_control/platoon_control/leader_pid_controller.py", line 2096, in stop
    self.publish_zero_thrust()
  File "/home/sajed/vrx_ws/build/platoon_control/platoon_control/leader_pid_controller.py", line 2046, in publish_zero_thrust
    self.publish_thrusters(
  File "/home/sajed/vrx_ws/build/platoon_control/platoon_control/leader_pid_controller.py", line 2006, in publish_thrusters
    self.left_position_publisher.publish(
  File "/opt/ros/jazzy/lib/python3.12/site-packages/rclpy/publisher.py", line 70, in publish
    self.__publisher.publish(msg)
rclpy._rclpy_pybind11.RCLError: Failed to publish: publisher's context is invalid, at ./src/rcl/publisher.c:423
[ros2run]: Process exited with failure 1
