[INFO] [1790443686.547939724] [leader_pid_controller]: Leader PID controller started.
[INFO] [1790443686.548556191] [leader_pid_controller]: Control rate: 10.00 Hz
[INFO] [1790443686.549016379] [leader_pid_controller]: Controller state: TRACK
[INFO] [1790443693.163216839] [leader_pid_controller]: Controller state: TRACK
[INFO] [1790443693.163501984] [leader_pid_controller]: New reference path received: 64 waypoints.
[INFO] [1790443703.199648807] [leader_pid_controller]: Controller state: BRAKE
[INFO] [1790443703.200023014] [leader_pid_controller]: Goal braking started. Total speed=1.027 m/s, surge=0.938 m/s.
[INFO] [1790443704.771559414] [leader_pid_controller]: Boat stopped outside goal tolerance. Distance=1.735 m. Entering RECOVER.
[INFO] [1790443704.772099923] [leader_pid_controller]: Controller state: RECOVER
[INFO] [1790443704.772313700] [leader_pid_controller]: RECOVER mode: ALIGN
[INFO] [1790443705.342541915] [leader_pid_controller]: RECOVER alignment complete. Beginning slow approach.
[INFO] [1790443706.988346380] [leader_pid_controller]: RECOVER capture distance reached. Distance=0.738 m. Entering BRAKE.
[INFO] [1790443706.988758252] [leader_pid_controller]: Controller state: BRAKE
[INFO] [1790443706.988979696] [leader_pid_controller]: Goal braking started. Total speed=0.287 m/s, surge=0.269 m/s.
[INFO] [1790443707.733253470] [leader_pid_controller]: Controller state: HOLD
[INFO] [1790443707.733559171] [leader_pid_controller]: Boat stopped inside target zone. Speed=0.045 m/s, distance=0.818 m.
[INFO] [1790443707.733902071] [leader_pid_controller]: Holding for 5.0 simulated seconds.
[INFO] [1790443709.050989683] [leader_pid_controller]: ========================================
[INFO] [1790443709.051237166] [leader_pid_controller]: EXPERIMENT SUCCESS
[INFO] [1790443709.051478628] [leader_pid_controller]: Goal distance: 0.913 m
[INFO] [1790443709.051688715] [leader_pid_controller]: Speed: 0.010 m/s
[INFO] [1790443709.051900323] [leader_pid_controller]: Remained within 1.00 m for 5.0 simulated seconds.
[INFO] [1790443709.052099202] [leader_pid_controller]: ========================================
Traceback (most recent call last):
  File "/home/sajed/vrx_ws/install/platoon_control/lib/platoon_control/leader_pid_controller", line 33, in <module>
    sys.exit(load_entry_point('platoon-control', 'console_scripts', 'leader_pid_controller')())
             ^^^^^^^^^^^^^^^^^^^^^^^^^^^^^^^^^^^^^^^^^^^^^^^^^^^^^^^^^^^^^^^^^^^^^^^^^^^^^^^^^
  File "/home/sajed/vrx_ws/build/platoon_control/platoon_control/leader_pid_controller.py", line 2126, in main
    node.stop()
  File "/home/sajed/vrx_ws/build/platoon_control/platoon_control/leader_pid_controller.py", line 2096, in stop
    self.publish_zero_thrust()
  File "/home/sajed/vrx_ws/build/platoon_control/platoon_control/leader_pid_controller.py", line 2046, in publish_zero_thrust
    self.publish_thrusters(
  File "/home/sajed/vrx_ws/build/platoon_control/platoon_control/leader_pid_controller.py", line 2006, in publish_thrusters
    self.left_position_publisher.publish(
  File "/opt/ros/jazzy/lib/python3.12/site-packages/rclpy/publisher.py", line 70, in publish
    self.__publisher.publish(msg)
rclpy._rclpy_pybind11.RCLError: Failed to publish: publisher's context is invalid, at ./src/rcl/publisher.c:423
[ros2run]: Process exited with failure 1
