[INFO] [1790444975.797530417] [leader_pid_controller]: Leader PID controller started.
[INFO] [1790444975.798290670] [leader_pid_controller]: Control rate: 10.00 Hz
[INFO] [1790444975.798883107] [leader_pid_controller]: Controller state: TRACK
[INFO] [1790444980.529548549] [leader_pid_controller]: Controller state: TRACK
[INFO] [1790444980.529848476] [leader_pid_controller]: New reference path received: 64 waypoints.
[INFO] [1790444992.733490573] [leader_pid_controller]: Controller state: BRAKE
[INFO] [1790444992.733783512] [leader_pid_controller]: Goal braking started. Total speed=0.789 m/s, surge=0.749 m/s.
[INFO] [1790444993.888032237] [leader_pid_controller]: Controller state: HOLD
[INFO] [1790444993.888438826] [leader_pid_controller]: Boat stopped inside target zone. Speed=0.049 m/s, distance=0.868 m.
[INFO] [1790444993.888712654] [leader_pid_controller]: Holding for 5.0 simulated seconds.
[INFO] [1790444995.338463121] [leader_pid_controller]: ========================================
[INFO] [1790444995.338731126] [leader_pid_controller]: EXPERIMENT SUCCESS
[INFO] [1790444995.338988271] [leader_pid_controller]: Goal distance: 0.943 m
[INFO] [1790444995.339216384] [leader_pid_controller]: Speed: 0.011 m/s
[INFO] [1790444995.339511116] [leader_pid_controller]: Remained within 1.00 m for 5.0 simulated seconds.
[INFO] [1790444995.339764924] [leader_pid_controller]: ========================================
Traceback (most recent call last):
  File "/home/sajed/vrx_ws/install/platoon_control/lib/platoon_control/leader_pid_controller", line 33, in <module>
    sys.exit(load_entry_point('platoon-control', 'console_scripts', 'leader_pid_controller')())
             ^^^^^^^^^^^^^^^^^^^^^^^^^^^^^^^^^^^^^^^^^^^^^^^^^^^^^^^^^^^^^^^^^^^^^^^^^^^^^^^^^
  File "/home/sajed/vrx_ws/build/platoon_control/platoon_control/leader_pid_controller.py", line 2126, in main
    node.stop()
  File "/home/sajed/vrx_ws/build/platoon_control/platoon_control/leader_pid_controller.py", line 2096, in stop
    self.publish_zero_thrust()
  File "/home/sajed/vrx_ws/build/platoon_control/platoon_control/leader_pid_controller.py", line 2046, in publish_zero_thrust
    self.publish_thrusters(
  File "/home/sajed/vrx_ws/build/platoon_control/platoon_control/leader_pid_controller.py", line 2006, in publish_thrusters
    self.left_position_publisher.publish(
  File "/opt/ros/jazzy/lib/python3.12/site-packages/rclpy/publisher.py", line 70, in publish
    self.__publisher.publish(msg)
rclpy._rclpy_pybind11.RCLError: Failed to publish: publisher's context is invalid, at ./src/rcl/publisher.c:423
[ros2run]: Process exited with failure 1
