[INFO] [1790443638.051783946] [leader_pid_controller]: Leader PID controller started.
[INFO] [1790443638.052384076] [leader_pid_controller]: Control rate: 10.00 Hz
[INFO] [1790443638.052871549] [leader_pid_controller]: Controller state: TRACK
[INFO] [1790443645.259651164] [leader_pid_controller]: Controller state: TRACK
[INFO] [1790443645.259992767] [leader_pid_controller]: New reference path received: 41 waypoints.
[INFO] [1790443651.019744087] [leader_pid_controller]: Controller state: BRAKE
[INFO] [1790443651.020011580] [leader_pid_controller]: Goal braking started. Total speed=0.997 m/s, surge=0.993 m/s.
[INFO] [1790443652.429654907] [leader_pid_controller]: Boat stopped outside goal tolerance. Distance=1.466 m. Entering RECOVER.
[INFO] [1790443652.430058885] [leader_pid_controller]: Controller state: RECOVER
[INFO] [1790443652.430267830] [leader_pid_controller]: RECOVER mode: ALIGN
[INFO] [1790443652.455172942] [leader_pid_controller]: RECOVER alignment complete. Beginning slow approach.
[INFO] [1790443653.546397819] [leader_pid_controller]: RECOVER capture distance reached. Distance=0.733 m. Entering BRAKE.
[INFO] [1790443653.546810439] [leader_pid_controller]: Controller state: BRAKE
[INFO] [1790443653.547035405] [leader_pid_controller]: Goal braking started. Total speed=0.320 m/s, surge=0.250 m/s.
[INFO] [1790443654.302221439] [leader_pid_controller]: Controller state: HOLD
[INFO] [1790443654.302459409] [leader_pid_controller]: Boat stopped inside target zone. Speed=0.049 m/s, distance=0.828 m.
[INFO] [1790443654.302667913] [leader_pid_controller]: Holding for 5.0 simulated seconds.
[INFO] [1790443655.608482806] [leader_pid_controller]: ========================================
[INFO] [1790443655.608727089] [leader_pid_controller]: EXPERIMENT SUCCESS
[INFO] [1790443655.608929553] [leader_pid_controller]: Goal distance: 0.938 m
[INFO] [1790443655.609129904] [leader_pid_controller]: Speed: 0.016 m/s
[INFO] [1790443655.609345141] [leader_pid_controller]: Remained within 1.00 m for 5.0 simulated seconds.
[INFO] [1790443655.609560575] [leader_pid_controller]: ========================================
Traceback (most recent call last):
  File "/home/sajed/vrx_ws/install/platoon_control/lib/platoon_control/leader_pid_controller", line 33, in <module>
    sys.exit(load_entry_point('platoon-control', 'console_scripts', 'leader_pid_controller')())
             ^^^^^^^^^^^^^^^^^^^^^^^^^^^^^^^^^^^^^^^^^^^^^^^^^^^^^^^^^^^^^^^^^^^^^^^^^^^^^^^^^
  File "/home/sajed/vrx_ws/build/platoon_control/platoon_control/leader_pid_controller.py", line 2126, in main
    node.stop()
  File "/home/sajed/vrx_ws/build/platoon_control/platoon_control/leader_pid_controller.py", line 2096, in stop
    self.publish_zero_thrust()
  File "/home/sajed/vrx_ws/build/platoon_control/platoon_control/leader_pid_controller.py", line 2046, in publish_zero_thrust
    self.publish_thrusters(
  File "/home/sajed/vrx_ws/build/platoon_control/platoon_control/leader_pid_controller.py", line 2006, in publish_thrusters
    self.left_position_publisher.publish(
  File "/opt/ros/jazzy/lib/python3.12/site-packages/rclpy/publisher.py", line 70, in publish
    self.__publisher.publish(msg)
rclpy._rclpy_pybind11.RCLError: Failed to publish: publisher's context is invalid, at ./src/rcl/publisher.c:423
[ros2run]: Process exited with failure 1
