[INFO] [1790443638.744551393] [vehicle_state_node]: Vehicle state node started in WORLD NED frame.
[INFO] [1790443638.744931159] [vehicle_state_node]: World origin: lat=-33.724223, lon=150.679736
[INFO] [1790443638.745197555] [vehicle_state_node]: Convention: x=North, y=East, heading 0=North, +pi/2=East
Traceback (most recent call last):
  File "/home/sajed/vrx_ws/install/platoon_state/lib/platoon_state/vehicle_state", line 33, in <module>
    sys.exit(load_entry_point('platoon-state', 'console_scripts', 'vehicle_state')())
             ^^^^^^^^^^^^^^^^^^^^^^^^^^^^^^^^^^^^^^^^^^^^^^^^^^^^^^^^^^^^^^^^^^^^^^^
  File "/home/sajed/vrx_ws/build/platoon_state/platoon_state/vehicle_state_node.py", line 455, in main
    rclpy.spin(node)
  File "/opt/ros/jazzy/lib/python3.12/site-packages/rclpy/__init__.py", line 247, in spin
    executor.spin_once()
  File "/opt/ros/jazzy/lib/python3.12/site-packages/rclpy/executors.py", line 926, in spin_once
    self._spin_once_impl(timeout_sec)
  File "/opt/ros/jazzy/lib/python3.12/site-packages/rclpy/executors.py", line 918, in _spin_once_impl
    raise handler.exception()
  File "/opt/ros/jazzy/lib/python3.12/site-packages/rclpy/task.py", line 286, in _execute_coroutine_step
    result = coro.send(None)
             ^^^^^^^^^^^^^^^
  File "/opt/ros/jazzy/lib/python3.12/site-packages/rclpy/executors.py", line 584, in handler
    call_coroutine = take_from_wait_list(entity)
                     ^^^^^^^^^^^^^^^^^^^^^^^^^^^
  File "/opt/ros/jazzy/lib/python3.12/site-packages/rclpy/executors.py", line 470, in _take_subscription
    msg_info = sub.handle.take_message(sub.msg_type, sub.raw)
               ^^^^^^^^^^^^^^^^^^^^^^^^^^^^^^^^^^^^^^^^^^^^^^
RuntimeError: Unable to convert call argument '0' to Python object (#define PYBIND11_DETAILED_ERROR_MESSAGES or compile in debug mode for details)
[ros2run]: Process exited with failure 1
