[INFO] [1790440836.500042443] [leader_pid_controller]: Leader PID controller started.
[INFO] [1790440836.500606389] [leader_pid_controller]: Control rate: 10.00 Hz
[INFO] [1790440836.501073334] [leader_pid_controller]: Controller state: TRACK
[INFO] [1790440841.187431432] [leader_pid_controller]: Controller state: TRACK
[INFO] [1790440841.187702328] [leader_pid_controller]: New reference path received: 41 waypoints.
[INFO] [1790440848.366483146] [leader_pid_controller]: Controller state: BRAKE
[INFO] [1790440848.366721504] [leader_pid_controller]: Goal braking started. Total speed=0.748 m/s, surge=0.744 m/s.
[INFO] [1790440849.504569293] [leader_pid_controller]: Boat stopped outside goal tolerance. Distance=1.329 m. Entering RECOVER.
[INFO] [1790440849.505085432] [leader_pid_controller]: Controller state: RECOVER
[INFO] [1790440849.505299536] [leader_pid_controller]: RECOVER mode: ALIGN
[INFO] [1790440849.530020921] [leader_pid_controller]: RECOVER alignment complete. Beginning slow approach.
[INFO] [1790440850.438495174] [leader_pid_controller]: RECOVER capture distance reached. Distance=0.748 m. Entering BRAKE.
[INFO] [1790440850.438894660] [leader_pid_controller]: Controller state: BRAKE
[INFO] [1790440850.439123519] [leader_pid_controller]: Goal braking started. Total speed=0.227 m/s, surge=0.203 m/s.
[INFO] [1790440850.996946857] [leader_pid_controller]: Controller state: HOLD
[INFO] [1790440850.997235575] [leader_pid_controller]: Boat stopped inside target zone. Speed=0.049 m/s, distance=0.799 m.
[INFO] [1790440850.997461030] [leader_pid_controller]: Holding for 5.0 simulated seconds.
[INFO] [1790440852.294292118] [leader_pid_controller]: ========================================
[INFO] [1790440852.294546884] [leader_pid_controller]: EXPERIMENT SUCCESS
[INFO] [1790440852.294745466] [leader_pid_controller]: Goal distance: 0.894 m
[INFO] [1790440852.294945504] [leader_pid_controller]: Speed: 0.007 m/s
[INFO] [1790440852.295150632] [leader_pid_controller]: Remained within 1.00 m for 5.0 simulated seconds.
[INFO] [1790440852.295405155] [leader_pid_controller]: ========================================
Traceback (most recent call last):
  File "/home/sajed/vrx_ws/install/platoon_control/lib/platoon_control/leader_pid_controller", line 33, in <module>
    sys.exit(load_entry_point('platoon-control', 'console_scripts', 'leader_pid_controller')())
             ^^^^^^^^^^^^^^^^^^^^^^^^^^^^^^^^^^^^^^^^^^^^^^^^^^^^^^^^^^^^^^^^^^^^^^^^^^^^^^^^^
  File "/home/sajed/vrx_ws/build/platoon_control/platoon_control/leader_pid_controller.py", line 2126, in main
    node.stop()
  File "/home/sajed/vrx_ws/build/platoon_control/platoon_control/leader_pid_controller.py", line 2096, in stop
    self.publish_zero_thrust()
  File "/home/sajed/vrx_ws/build/platoon_control/platoon_control/leader_pid_controller.py", line 2046, in publish_zero_thrust
    self.publish_thrusters(
  File "/home/sajed/vrx_ws/build/platoon_control/platoon_control/leader_pid_controller.py", line 2006, in publish_thrusters
    self.left_position_publisher.publish(
  File "/opt/ros/jazzy/lib/python3.12/site-packages/rclpy/publisher.py", line 70, in publish
    self.__publisher.publish(msg)
rclpy._rclpy_pybind11.RCLError: Failed to publish: publisher's context is invalid, at ./src/rcl/publisher.c:423
[ros2run]: Process exited with failure 1
