[INFO] [1790443734.782936683] [leader_pid_controller]: Leader PID controller started.
[INFO] [1790443734.783668982] [leader_pid_controller]: Control rate: 10.00 Hz
[INFO] [1790443734.784271578] [leader_pid_controller]: Controller state: TRACK
[INFO] [1790443740.842949646] [leader_pid_controller]: Controller state: TRACK
[INFO] [1790443740.843236341] [leader_pid_controller]: New reference path received: 64 waypoints.
[INFO] [1790443752.556843922] [leader_pid_controller]: Controller state: BRAKE
[INFO] [1790443752.557476891] [leader_pid_controller]: Goal braking started. Total speed=0.795 m/s, surge=0.756 m/s.
[INFO] [1790443754.104633554] [leader_pid_controller]: Boat stopped outside goal tolerance. Distance=1.448 m. Entering RECOVER.
[INFO] [1790443754.105272168] [leader_pid_controller]: Controller state: RECOVER
[INFO] [1790443754.105495192] [leader_pid_controller]: RECOVER mode: ALIGN
[INFO] [1790443754.501164304] [leader_pid_controller]: RECOVER alignment complete. Beginning slow approach.
[INFO] [1790443755.711000161] [leader_pid_controller]: RECOVER capture distance reached. Distance=0.750 m. Entering BRAKE.
[INFO] [1790443755.711409602] [leader_pid_controller]: Controller state: BRAKE
[INFO] [1790443755.711651050] [leader_pid_controller]: Goal braking started. Total speed=0.276 m/s, surge=0.209 m/s.
[INFO] [1790443756.531938351] [leader_pid_controller]: Controller state: HOLD
[INFO] [1790443756.532200775] [leader_pid_controller]: Boat stopped inside target zone. Speed=0.048 m/s, distance=0.890 m.
[INFO] [1790443756.532413160] [leader_pid_controller]: Holding for 5.0 simulated seconds.
[INFO] [1790443757.845003107] [leader_pid_controller]: ========================================
[INFO] [1790443757.845278602] [leader_pid_controller]: EXPERIMENT SUCCESS
[INFO] [1790443757.845503412] [leader_pid_controller]: Goal distance: 0.988 m
[INFO] [1790443757.845709595] [leader_pid_controller]: Speed: 0.012 m/s
[INFO] [1790443757.846035411] [leader_pid_controller]: Remained within 1.00 m for 5.0 simulated seconds.
[INFO] [1790443757.846302736] [leader_pid_controller]: ========================================
Traceback (most recent call last):
  File "/home/sajed/vrx_ws/install/platoon_control/lib/platoon_control/leader_pid_controller", line 33, in <module>
    sys.exit(load_entry_point('platoon-control', 'console_scripts', 'leader_pid_controller')())
             ^^^^^^^^^^^^^^^^^^^^^^^^^^^^^^^^^^^^^^^^^^^^^^^^^^^^^^^^^^^^^^^^^^^^^^^^^^^^^^^^^
  File "/home/sajed/vrx_ws/build/platoon_control/platoon_control/leader_pid_controller.py", line 2126, in main
    node.stop()
  File "/home/sajed/vrx_ws/build/platoon_control/platoon_control/leader_pid_controller.py", line 2096, in stop
    self.publish_zero_thrust()
  File "/home/sajed/vrx_ws/build/platoon_control/platoon_control/leader_pid_controller.py", line 2046, in publish_zero_thrust
    self.publish_thrusters(
  File "/home/sajed/vrx_ws/build/platoon_control/platoon_control/leader_pid_controller.py", line 2006, in publish_thrusters
    self.left_position_publisher.publish(
  File "/opt/ros/jazzy/lib/python3.12/site-packages/rclpy/publisher.py", line 70, in publish
    self.__publisher.publish(msg)
rclpy._rclpy_pybind11.RCLError: Failed to publish: publisher's context is invalid, at ./src/rcl/publisher.c:423
[ros2run]: Process exited with failure 1
