[INFO] [1790443334.647166779] [leader_pid_controller]: Leader PID controller started.
[INFO] [1790443334.648057888] [leader_pid_controller]: Control rate: 10.00 Hz
[INFO] [1790443334.649056654] [leader_pid_controller]: Controller state: TRACK
[INFO] [1790443338.703932947] [leader_pid_controller]: Controller state: TRACK
[INFO] [1790443338.704419045] [leader_pid_controller]: New reference path received: 64 waypoints.
[INFO] [1790443350.810115783] [leader_pid_controller]: Controller state: BRAKE
[INFO] [1790443350.810537495] [leader_pid_controller]: Goal braking started. Total speed=0.765 m/s, surge=0.721 m/s.
[INFO] [1790443352.204125113] [leader_pid_controller]: Boat stopped outside goal tolerance. Distance=1.428 m. Entering RECOVER.
[INFO] [1790443352.204608449] [leader_pid_controller]: Controller state: RECOVER
[INFO] [1790443352.204823396] [leader_pid_controller]: RECOVER mode: ALIGN
[INFO] [1790443352.660375791] [leader_pid_controller]: RECOVER alignment complete. Beginning slow approach.
[INFO] [1790443353.984933265] [leader_pid_controller]: RECOVER capture distance reached. Distance=0.750 m. Entering BRAKE.
[INFO] [1790443353.985329974] [leader_pid_controller]: Controller state: BRAKE
[INFO] [1790443353.985565936] [leader_pid_controller]: Goal braking started. Total speed=0.282 m/s, surge=0.197 m/s.
[INFO] [1790443354.945646332] [leader_pid_controller]: Controller state: HOLD
[INFO] [1790443354.945939051] [leader_pid_controller]: Boat stopped inside target zone. Speed=0.050 m/s, distance=0.892 m.
[INFO] [1790443354.946163690] [leader_pid_controller]: Holding for 5.0 simulated seconds.
[INFO] [1790443356.317052282] [leader_pid_controller]: ========================================
[INFO] [1790443356.317292124] [leader_pid_controller]: EXPERIMENT SUCCESS
[INFO] [1790443356.317516619] [leader_pid_controller]: Goal distance: 0.970 m
[INFO] [1790443356.317923092] [leader_pid_controller]: Speed: 0.012 m/s
[INFO] [1790443356.318159889] [leader_pid_controller]: Remained within 1.00 m for 5.0 simulated seconds.
[INFO] [1790443356.318368560] [leader_pid_controller]: ========================================
Traceback (most recent call last):
  File "/home/sajed/vrx_ws/install/platoon_control/lib/platoon_control/leader_pid_controller", line 33, in <module>
    sys.exit(load_entry_point('platoon-control', 'console_scripts', 'leader_pid_controller')())
             ^^^^^^^^^^^^^^^^^^^^^^^^^^^^^^^^^^^^^^^^^^^^^^^^^^^^^^^^^^^^^^^^^^^^^^^^^^^^^^^^^
  File "/home/sajed/vrx_ws/build/platoon_control/platoon_control/leader_pid_controller.py", line 2126, in main
    node.stop()
  File "/home/sajed/vrx_ws/build/platoon_control/platoon_control/leader_pid_controller.py", line 2096, in stop
    self.publish_zero_thrust()
  File "/home/sajed/vrx_ws/build/platoon_control/platoon_control/leader_pid_controller.py", line 2046, in publish_zero_thrust
    self.publish_thrusters(
  File "/home/sajed/vrx_ws/build/platoon_control/platoon_control/leader_pid_controller.py", line 2006, in publish_thrusters
    self.left_position_publisher.publish(
  File "/opt/ros/jazzy/lib/python3.12/site-packages/rclpy/publisher.py", line 70, in publish
    self.__publisher.publish(msg)
rclpy._rclpy_pybind11.RCLError: Failed to publish: publisher's context is invalid, at ./src/rcl/publisher.c:423
[ros2run]: Process exited with failure 1
