[INFO] [1790444400.984825108] [leader_pid_controller]: Leader PID controller started.
[INFO] [1790444400.985466349] [leader_pid_controller]: Control rate: 10.00 Hz
[INFO] [1790444400.986219238] [leader_pid_controller]: Controller state: TRACK
[INFO] [1790444407.105990210] [leader_pid_controller]: Controller state: TRACK
[INFO] [1790444407.106250701] [leader_pid_controller]: New reference path received: 41 waypoints.
[INFO] [1790444414.646744968] [leader_pid_controller]: Controller state: BRAKE
[INFO] [1790444414.647017463] [leader_pid_controller]: Goal braking started. Total speed=0.769 m/s, surge=0.768 m/s.
[INFO] [1790444414.943487737] [leader_pid_controller]: Controller state: HOLD
[INFO] [1790444414.943737243] [leader_pid_controller]: Boat stopped inside target zone. Speed=0.044 m/s, distance=0.659 m.
[INFO] [1790444414.943928507] [leader_pid_controller]: Holding for 5.0 simulated seconds.
[INFO] [1790444416.310747283] [leader_pid_controller]: ========================================
[INFO] [1790444416.311090276] [leader_pid_controller]: EXPERIMENT SUCCESS
[INFO] [1790444416.311346319] [leader_pid_controller]: Goal distance: 0.672 m
[INFO] [1790444416.311725159] [leader_pid_controller]: Speed: 0.002 m/s
[INFO] [1790444416.312031931] [leader_pid_controller]: Remained within 1.00 m for 5.0 simulated seconds.
[INFO] [1790444416.312303502] [leader_pid_controller]: ========================================
Traceback (most recent call last):
  File "/home/sajed/vrx_ws/install/platoon_control/lib/platoon_control/leader_pid_controller", line 33, in <module>
    sys.exit(load_entry_point('platoon-control', 'console_scripts', 'leader_pid_controller')())
             ^^^^^^^^^^^^^^^^^^^^^^^^^^^^^^^^^^^^^^^^^^^^^^^^^^^^^^^^^^^^^^^^^^^^^^^^^^^^^^^^^
  File "/home/sajed/vrx_ws/build/platoon_control/platoon_control/leader_pid_controller.py", line 2126, in main
    node.stop()
  File "/home/sajed/vrx_ws/build/platoon_control/platoon_control/leader_pid_controller.py", line 2096, in stop
    self.publish_zero_thrust()
  File "/home/sajed/vrx_ws/build/platoon_control/platoon_control/leader_pid_controller.py", line 2046, in publish_zero_thrust
    self.publish_thrusters(
  File "/home/sajed/vrx_ws/build/platoon_control/platoon_control/leader_pid_controller.py", line 2006, in publish_thrusters
    self.left_position_publisher.publish(
  File "/opt/ros/jazzy/lib/python3.12/site-packages/rclpy/publisher.py", line 70, in publish
    self.__publisher.publish(msg)
rclpy._rclpy_pybind11.RCLError: Failed to publish: publisher's context is invalid, at ./src/rcl/publisher.c:423
[ros2run]: Process exited with failure 1
