[INFO] [1790444612.921662563] [leader_pid_controller]: Leader PID controller started.
[INFO] [1790444612.922214793] [leader_pid_controller]: Control rate: 10.00 Hz
[INFO] [1790444612.922704559] [leader_pid_controller]: Controller state: TRACK
[INFO] [1790444616.982704632] [leader_pid_controller]: Controller state: TRACK
[INFO] [1790444616.982983908] [leader_pid_controller]: New reference path received: 64 waypoints.
[INFO] [1790444627.960145850] [leader_pid_controller]: Controller state: BRAKE
[INFO] [1790444627.960432770] [leader_pid_controller]: Goal braking started. Total speed=0.781 m/s, surge=0.754 m/s.
[INFO] [1790444628.959970206] [leader_pid_controller]: Controller state: HOLD
[INFO] [1790444628.960240372] [leader_pid_controller]: Boat stopped inside target zone. Speed=0.049 m/s, distance=0.763 m.
[INFO] [1790444628.960466235] [leader_pid_controller]: Holding for 5.0 simulated seconds.
[INFO] [1790444630.267578771] [leader_pid_controller]: ========================================
[INFO] [1790444630.267824617] [leader_pid_controller]: EXPERIMENT SUCCESS
[INFO] [1790444630.268031676] [leader_pid_controller]: Goal distance: 0.836 m
[INFO] [1790444630.268235806] [leader_pid_controller]: Speed: 0.010 m/s
[INFO] [1790444630.268453178] [leader_pid_controller]: Remained within 1.00 m for 5.0 simulated seconds.
[INFO] [1790444630.268663378] [leader_pid_controller]: ========================================
Traceback (most recent call last):
  File "/home/sajed/vrx_ws/install/platoon_control/lib/platoon_control/leader_pid_controller", line 33, in <module>
    sys.exit(load_entry_point('platoon-control', 'console_scripts', 'leader_pid_controller')())
             ^^^^^^^^^^^^^^^^^^^^^^^^^^^^^^^^^^^^^^^^^^^^^^^^^^^^^^^^^^^^^^^^^^^^^^^^^^^^^^^^^
  File "/home/sajed/vrx_ws/build/platoon_control/platoon_control/leader_pid_controller.py", line 2126, in main
    node.stop()
  File "/home/sajed/vrx_ws/build/platoon_control/platoon_control/leader_pid_controller.py", line 2096, in stop
    self.publish_zero_thrust()
  File "/home/sajed/vrx_ws/build/platoon_control/platoon_control/leader_pid_controller.py", line 2046, in publish_zero_thrust
    self.publish_thrusters(
  File "/home/sajed/vrx_ws/build/platoon_control/platoon_control/leader_pid_controller.py", line 2006, in publish_thrusters
    self.left_position_publisher.publish(
  File "/opt/ros/jazzy/lib/python3.12/site-packages/rclpy/publisher.py", line 70, in publish
    self.__publisher.publish(msg)
rclpy._rclpy_pybind11.RCLError: Failed to publish: publisher's context is invalid, at ./src/rcl/publisher.c:423
[ros2run]: Process exited with failure 1
