[INFO] [1790441048.397613479] [leader_pid_controller]: Leader PID controller started.
[INFO] [1790441048.398419575] [leader_pid_controller]: Control rate: 10.00 Hz
[INFO] [1790441048.398976068] [leader_pid_controller]: Controller state: TRACK
[INFO] [1790441053.086819316] [leader_pid_controller]: Controller state: TRACK
[INFO] [1790441053.087087389] [leader_pid_controller]: New reference path received: 64 waypoints.
[INFO] [1790441064.630184849] [leader_pid_controller]: Controller state: BRAKE
[INFO] [1790441064.630460682] [leader_pid_controller]: Goal braking started. Total speed=0.760 m/s, surge=0.729 m/s.
[INFO] [1790441065.832588208] [leader_pid_controller]: Boat stopped outside goal tolerance. Distance=1.416 m. Entering RECOVER.
[INFO] [1790441065.833090847] [leader_pid_controller]: Controller state: RECOVER
[INFO] [1790441065.833371582] [leader_pid_controller]: RECOVER mode: ALIGN
[INFO] [1790441066.262373701] [leader_pid_controller]: RECOVER alignment complete. Beginning slow approach.
[INFO] [1790441067.460922452] [leader_pid_controller]: RECOVER capture distance reached. Distance=0.741 m. Entering BRAKE.
[INFO] [1790441067.461301326] [leader_pid_controller]: Controller state: BRAKE
[INFO] [1790441067.461522527] [leader_pid_controller]: Goal braking started. Total speed=0.280 m/s, surge=0.193 m/s.
[INFO] [1790441068.198044451] [leader_pid_controller]: Controller state: HOLD
[INFO] [1790441068.198415899] [leader_pid_controller]: Boat stopped inside target zone. Speed=0.049 m/s, distance=0.856 m.
[INFO] [1790441068.198652478] [leader_pid_controller]: Holding for 5.0 simulated seconds.
[INFO] [1790441069.466942844] [leader_pid_controller]: ========================================
[INFO] [1790441069.467172361] [leader_pid_controller]: EXPERIMENT SUCCESS
[INFO] [1790441069.467412537] [leader_pid_controller]: Goal distance: 0.951 m
[INFO] [1790441069.467616389] [leader_pid_controller]: Speed: 0.003 m/s
[INFO] [1790441069.467813544] [leader_pid_controller]: Remained within 1.00 m for 5.0 simulated seconds.
[INFO] [1790441069.468027710] [leader_pid_controller]: ========================================
Traceback (most recent call last):
  File "/home/sajed/vrx_ws/build/platoon_control/platoon_control/leader_pid_controller.py", line 2116, in main
    rclpy.spin(
  File "/opt/ros/jazzy/lib/python3.12/site-packages/rclpy/__init__.py", line 247, in spin
    executor.spin_once()
  File "/opt/ros/jazzy/lib/python3.12/site-packages/rclpy/executors.py", line 926, in spin_once
    self._spin_once_impl(timeout_sec)
  File "/opt/ros/jazzy/lib/python3.12/site-packages/rclpy/executors.py", line 918, in _spin_once_impl
    raise handler.exception()
  File "/opt/ros/jazzy/lib/python3.12/site-packages/rclpy/task.py", line 286, in _execute_coroutine_step
    result = coro.send(None)
             ^^^^^^^^^^^^^^^
  File "/opt/ros/jazzy/lib/python3.12/site-packages/rclpy/executors.py", line 584, in handler
    call_coroutine = take_from_wait_list(entity)
                     ^^^^^^^^^^^^^^^^^^^^^^^^^^^
  File "/opt/ros/jazzy/lib/python3.12/site-packages/rclpy/executors.py", line 470, in _take_subscription
    msg_info = sub.handle.take_message(sub.msg_type, sub.raw)
               ^^^^^^^^^^^^^^^^^^^^^^^^^^^^^^^^^^^^^^^^^^^^^^
RuntimeError: Unable to convert call argument '0' to Python object (#define PYBIND11_DETAILED_ERROR_MESSAGES or compile in debug mode for details)

During handling of the above exception, another exception occurred:

Traceback (most recent call last):
  File "/home/sajed/vrx_ws/install/platoon_control/lib/platoon_control/leader_pid_controller", line 33, in <module>
    sys.exit(load_entry_point('platoon-control', 'console_scripts', 'leader_pid_controller')())
             ^^^^^^^^^^^^^^^^^^^^^^^^^^^^^^^^^^^^^^^^^^^^^^^^^^^^^^^^^^^^^^^^^^^^^^^^^^^^^^^^^
  File "/home/sajed/vrx_ws/build/platoon_control/platoon_control/leader_pid_controller.py", line 2126, in main
    node.stop()
  File "/home/sajed/vrx_ws/build/platoon_control/platoon_control/leader_pid_controller.py", line 2096, in stop
    self.publish_zero_thrust()
  File "/home/sajed/vrx_ws/build/platoon_control/platoon_control/leader_pid_controller.py", line 2046, in publish_zero_thrust
    self.publish_thrusters(
  File "/home/sajed/vrx_ws/build/platoon_control/platoon_control/leader_pid_controller.py", line 2006, in publish_thrusters
    self.left_position_publisher.publish(
  File "/opt/ros/jazzy/lib/python3.12/site-packages/rclpy/publisher.py", line 70, in publish
    self.__publisher.publish(msg)
rclpy._rclpy_pybind11.RCLError: Failed to publish: publisher's context is invalid, at ./src/rcl/publisher.c:423
[ros2run]: Process exited with failure 1
