[INFO] [1790441048.407230308] [trajectory_logger]: Trajectory logger started.
[INFO] [1790441048.407824217] [trajectory_logger]: CSV output: /home/sajed/vrx_ws/src/vrx_platooning/results/autotune_sessions/leader_autotune_full_01/heading_008_curved/trajectory.csv

============================================
 TRAJECTORY LOGGER SUMMARY
============================================
Completion reason       : SUCCESS
CSV                     : /home/sajed/vrx_ws/src/vrx_platooning/results/autotune_sessions/leader_autotune_full_01/heading_008_curved/trajectory.csv
Samples                 : 1276
Mean position error     : 0.568 m
Max position error      : 1.426 m
Position RMSE           : 0.650 m
Mean |heading error|    : 0.126 rad
Mean speed              : 0.562 m/s
============================================

Traceback (most recent call last):
  File "/home/sajed/vrx_ws/install/platoon_monitor/lib/platoon_monitor/trajectory_logger", line 33, in <module>
    sys.exit(load_entry_point('platoon-monitor', 'console_scripts', 'trajectory_logger')())
             ^^^^^^^^^^^^^^^^^^^^^^^^^^^^^^^^^^^^^^^^^^^^^^^^^^^^^^^^^^^^^^^^^^^^^^^^^^^^^
  File "/home/sajed/vrx_ws/build/platoon_monitor/platoon_monitor/trajectory_logger.py", line 1034, in main
    rclpy.spin(
  File "/opt/ros/jazzy/lib/python3.12/site-packages/rclpy/__init__.py", line 247, in spin
    executor.spin_once()
  File "/opt/ros/jazzy/lib/python3.12/site-packages/rclpy/executors.py", line 926, in spin_once
    self._spin_once_impl(timeout_sec)
  File "/opt/ros/jazzy/lib/python3.12/site-packages/rclpy/executors.py", line 918, in _spin_once_impl
    raise handler.exception()
  File "/opt/ros/jazzy/lib/python3.12/site-packages/rclpy/task.py", line 286, in _execute_coroutine_step
    result = coro.send(None)
             ^^^^^^^^^^^^^^^
  File "/opt/ros/jazzy/lib/python3.12/site-packages/rclpy/executors.py", line 584, in handler
    call_coroutine = take_from_wait_list(entity)
                     ^^^^^^^^^^^^^^^^^^^^^^^^^^^
  File "/opt/ros/jazzy/lib/python3.12/site-packages/rclpy/executors.py", line 470, in _take_subscription
    msg_info = sub.handle.take_message(sub.msg_type, sub.raw)
               ^^^^^^^^^^^^^^^^^^^^^^^^^^^^^^^^^^^^^^^^^^^^^^
RuntimeError: Unable to convert call argument '0' to Python object (#define PYBIND11_DETAILED_ERROR_MESSAGES or compile in debug mode for details)
[ros2run]: Process exited with failure 1
