[INFO] [1790441026.918595167] [leader_pid_controller]: Leader PID controller started.
[INFO] [1790441026.919407833] [leader_pid_controller]: Control rate: 10.00 Hz
[INFO] [1790441026.919973059] [leader_pid_controller]: Controller state: TRACK
[INFO] [1790441030.940138795] [leader_pid_controller]: Controller state: TRACK
[INFO] [1790441030.979467270] [leader_pid_controller]: New reference path received: 41 waypoints.
[INFO] [1790441038.630194456] [leader_pid_controller]: Controller state: BRAKE
[INFO] [1790441038.630445168] [leader_pid_controller]: Goal braking started. Total speed=0.752 m/s, surge=0.737 m/s.
[INFO] [1790441039.758014817] [leader_pid_controller]: Boat stopped outside goal tolerance. Distance=1.359 m. Entering RECOVER.
[INFO] [1790441039.758441705] [leader_pid_controller]: Controller state: RECOVER
[INFO] [1790441039.758656091] [leader_pid_controller]: RECOVER mode: ALIGN
[INFO] [1790441040.143890038] [leader_pid_controller]: RECOVER alignment complete. Beginning slow approach.
[INFO] [1790441041.252891537] [leader_pid_controller]: RECOVER capture distance reached. Distance=0.749 m. Entering BRAKE.
[INFO] [1790441041.253572167] [leader_pid_controller]: Controller state: BRAKE
[INFO] [1790441041.253809549] [leader_pid_controller]: Goal braking started. Total speed=0.269 m/s, surge=0.196 m/s.
[INFO] [1790441041.967095052] [leader_pid_controller]: Controller state: HOLD
[INFO] [1790441041.967684203] [leader_pid_controller]: Boat stopped inside target zone. Speed=0.048 m/s, distance=0.872 m.
[INFO] [1790441041.968179858] [leader_pid_controller]: Holding for 5.0 simulated seconds.
[INFO] [1790441043.252475085] [leader_pid_controller]: ========================================
[INFO] [1790441043.252711014] [leader_pid_controller]: EXPERIMENT SUCCESS
[INFO] [1790441043.252903882] [leader_pid_controller]: Goal distance: 0.963 m
[INFO] [1790441043.253099489] [leader_pid_controller]: Speed: 0.010 m/s
[INFO] [1790441043.253298885] [leader_pid_controller]: Remained within 1.00 m for 5.0 simulated seconds.
[INFO] [1790441043.253500289] [leader_pid_controller]: ========================================
Traceback (most recent call last):
  File "/home/sajed/vrx_ws/install/platoon_control/lib/platoon_control/leader_pid_controller", line 33, in <module>
    sys.exit(load_entry_point('platoon-control', 'console_scripts', 'leader_pid_controller')())
             ^^^^^^^^^^^^^^^^^^^^^^^^^^^^^^^^^^^^^^^^^^^^^^^^^^^^^^^^^^^^^^^^^^^^^^^^^^^^^^^^^
  File "/home/sajed/vrx_ws/build/platoon_control/platoon_control/leader_pid_controller.py", line 2126, in main
    node.stop()
  File "/home/sajed/vrx_ws/build/platoon_control/platoon_control/leader_pid_controller.py", line 2096, in stop
    self.publish_zero_thrust()
  File "/home/sajed/vrx_ws/build/platoon_control/platoon_control/leader_pid_controller.py", line 2046, in publish_zero_thrust
    self.publish_thrusters(
  File "/home/sajed/vrx_ws/build/platoon_control/platoon_control/leader_pid_controller.py", line 2006, in publish_thrusters
    self.left_position_publisher.publish(
  File "/opt/ros/jazzy/lib/python3.12/site-packages/rclpy/publisher.py", line 70, in publish
    self.__publisher.publish(msg)
rclpy._rclpy_pybind11.RCLError: Failed to publish: publisher's context is invalid, at ./src/rcl/publisher.c:423
[ros2run]: Process exited with failure 1
