[INFO] [1790441588.564180172] [leader_pid_controller]: Leader PID controller started.
[INFO] [1790441588.564724683] [leader_pid_controller]: Control rate: 10.00 Hz
[INFO] [1790441588.565217507] [leader_pid_controller]: Controller state: TRACK
[INFO] [1790441593.244146546] [leader_pid_controller]: Controller state: TRACK
[INFO] [1790441593.244415353] [leader_pid_controller]: New reference path received: 41 waypoints.
[INFO] [1790441600.825361203] [leader_pid_controller]: Controller state: BRAKE
[INFO] [1790441600.825675650] [leader_pid_controller]: Goal braking started. Total speed=0.748 m/s, surge=0.747 m/s.
[INFO] [1790441602.000725701] [leader_pid_controller]: Boat stopped outside goal tolerance. Distance=1.312 m. Entering RECOVER.
[INFO] [1790441602.001445566] [leader_pid_controller]: Controller state: RECOVER
[INFO] [1790441602.001670172] [leader_pid_controller]: RECOVER mode: ALIGN
[INFO] [1790441602.027422565] [leader_pid_controller]: RECOVER alignment complete. Beginning slow approach.
[INFO] [1790441602.995597857] [leader_pid_controller]: RECOVER capture distance reached. Distance=0.747 m. Entering BRAKE.
[INFO] [1790441602.995982300] [leader_pid_controller]: Controller state: BRAKE
[INFO] [1790441602.996212414] [leader_pid_controller]: Goal braking started. Total speed=0.229 m/s, surge=0.206 m/s.
[INFO] [1790441603.341854276] [leader_pid_controller]: Controller state: HOLD
[INFO] [1790441603.342164235] [leader_pid_controller]: Boat stopped inside target zone. Speed=0.045 m/s, distance=0.746 m.
[INFO] [1790441603.342391880] [leader_pid_controller]: Holding for 5.0 simulated seconds.
[INFO] [1790441604.651712464] [leader_pid_controller]: ========================================
[INFO] [1790441604.652094624] [leader_pid_controller]: EXPERIMENT SUCCESS
[INFO] [1790441604.652434545] [leader_pid_controller]: Goal distance: 0.864 m
[INFO] [1790441604.652832979] [leader_pid_controller]: Speed: 0.003 m/s
[INFO] [1790441604.653205470] [leader_pid_controller]: Remained within 1.00 m for 5.0 simulated seconds.
[INFO] [1790441604.653488103] [leader_pid_controller]: ========================================
Traceback (most recent call last):
  File "/home/sajed/vrx_ws/install/platoon_control/lib/platoon_control/leader_pid_controller", line 33, in <module>
    sys.exit(load_entry_point('platoon-control', 'console_scripts', 'leader_pid_controller')())
             ^^^^^^^^^^^^^^^^^^^^^^^^^^^^^^^^^^^^^^^^^^^^^^^^^^^^^^^^^^^^^^^^^^^^^^^^^^^^^^^^^
  File "/home/sajed/vrx_ws/build/platoon_control/platoon_control/leader_pid_controller.py", line 2126, in main
    node.stop()
  File "/home/sajed/vrx_ws/build/platoon_control/platoon_control/leader_pid_controller.py", line 2096, in stop
    self.publish_zero_thrust()
  File "/home/sajed/vrx_ws/build/platoon_control/platoon_control/leader_pid_controller.py", line 2046, in publish_zero_thrust
    self.publish_thrusters(
  File "/home/sajed/vrx_ws/build/platoon_control/platoon_control/leader_pid_controller.py", line 2006, in publish_thrusters
    self.left_position_publisher.publish(
  File "/opt/ros/jazzy/lib/python3.12/site-packages/rclpy/publisher.py", line 70, in publish
    self.__publisher.publish(msg)
rclpy._rclpy_pybind11.RCLError: Failed to publish: publisher's context is invalid, at ./src/rcl/publisher.c:423
[ros2run]: Process exited with failure 1
