[INFO] [1790441891.988400984] [leader_pid_controller]: Leader PID controller started.
[INFO] [1790441891.988973057] [leader_pid_controller]: Control rate: 10.00 Hz
[INFO] [1790441891.989436179] [leader_pid_controller]: Controller state: TRACK
[INFO] [1790441899.134993228] [leader_pid_controller]: Controller state: TRACK
[INFO] [1790441899.135462342] [leader_pid_controller]: New reference path received: 41 waypoints.
[INFO] [1790441906.783392300] [leader_pid_controller]: Controller state: BRAKE
[INFO] [1790441906.783808035] [leader_pid_controller]: Goal braking started. Total speed=0.747 m/s, surge=0.747 m/s.
[INFO] [1790441908.021103763] [leader_pid_controller]: Boat stopped outside goal tolerance. Distance=1.338 m. Entering RECOVER.
[INFO] [1790441908.021594451] [leader_pid_controller]: Controller state: RECOVER
[INFO] [1790441908.021805462] [leader_pid_controller]: RECOVER mode: ALIGN
[INFO] [1790441908.046752505] [leader_pid_controller]: RECOVER alignment complete. Beginning slow approach.
[INFO] [1790441908.947393528] [leader_pid_controller]: RECOVER capture distance reached. Distance=0.746 m. Entering BRAKE.
[INFO] [1790441908.947735274] [leader_pid_controller]: Controller state: BRAKE
[INFO] [1790441908.947956766] [leader_pid_controller]: Goal braking started. Total speed=0.208 m/s, surge=0.207 m/s.
[INFO] [1790441909.077961132] [leader_pid_controller]: Controller state: HOLD
[INFO] [1790441909.078204270] [leader_pid_controller]: Boat stopped inside target zone. Speed=0.035 m/s, distance=0.691 m.
[INFO] [1790441909.078417126] [leader_pid_controller]: Holding for 5.0 simulated seconds.
[INFO] [1790441910.359071009] [leader_pid_controller]: ========================================
[INFO] [1790441910.359312929] [leader_pid_controller]: EXPERIMENT SUCCESS
[INFO] [1790441910.359508421] [leader_pid_controller]: Goal distance: 0.828 m
[INFO] [1790441910.359738211] [leader_pid_controller]: Speed: 0.009 m/s
[INFO] [1790441910.359978672] [leader_pid_controller]: Remained within 1.00 m for 5.0 simulated seconds.
[INFO] [1790441910.360187738] [leader_pid_controller]: ========================================
Traceback (most recent call last):
  File "/home/sajed/vrx_ws/install/platoon_control/lib/platoon_control/leader_pid_controller", line 33, in <module>
    sys.exit(load_entry_point('platoon-control', 'console_scripts', 'leader_pid_controller')())
             ^^^^^^^^^^^^^^^^^^^^^^^^^^^^^^^^^^^^^^^^^^^^^^^^^^^^^^^^^^^^^^^^^^^^^^^^^^^^^^^^^
  File "/home/sajed/vrx_ws/build/platoon_control/platoon_control/leader_pid_controller.py", line 2126, in main
    node.stop()
  File "/home/sajed/vrx_ws/build/platoon_control/platoon_control/leader_pid_controller.py", line 2096, in stop
    self.publish_zero_thrust()
  File "/home/sajed/vrx_ws/build/platoon_control/platoon_control/leader_pid_controller.py", line 2046, in publish_zero_thrust
    self.publish_thrusters(
  File "/home/sajed/vrx_ws/build/platoon_control/platoon_control/leader_pid_controller.py", line 2006, in publish_thrusters
    self.left_position_publisher.publish(
  File "/opt/ros/jazzy/lib/python3.12/site-packages/rclpy/publisher.py", line 70, in publish
    self.__publisher.publish(msg)
rclpy._rclpy_pybind11.RCLError: Failed to publish: publisher's context is invalid, at ./src/rcl/publisher.c:423
[ros2run]: Process exited with failure 1
