[INFO] [1790443488.450701759] [leader_pid_controller]: Leader PID controller started.
[INFO] [1790443488.451473885] [leader_pid_controller]: Control rate: 10.00 Hz
[INFO] [1790443488.452044169] [leader_pid_controller]: Controller state: TRACK
[INFO] [1790443492.509917122] [leader_pid_controller]: Controller state: TRACK
[INFO] [1790443492.510180289] [leader_pid_controller]: New reference path received: 41 waypoints.
[INFO] [1790443499.942161882] [leader_pid_controller]: Controller state: BRAKE
[INFO] [1790443499.942419984] [leader_pid_controller]: Goal braking started. Total speed=0.748 m/s, surge=0.746 m/s.
[INFO] [1790443501.118163497] [leader_pid_controller]: Boat stopped outside goal tolerance. Distance=1.288 m. Entering RECOVER.
[INFO] [1790443501.118753344] [leader_pid_controller]: Controller state: RECOVER
[INFO] [1790443501.118979762] [leader_pid_controller]: RECOVER mode: ALIGN
[INFO] [1790443501.143232923] [leader_pid_controller]: RECOVER alignment complete. Beginning slow approach.
[INFO] [1790443502.029973845] [leader_pid_controller]: RECOVER capture distance reached. Distance=0.747 m. Entering BRAKE.
[INFO] [1790443502.030350300] [leader_pid_controller]: Controller state: BRAKE
[INFO] [1790443502.030569799] [leader_pid_controller]: Goal braking started. Total speed=0.263 m/s, surge=0.201 m/s.
[INFO] [1790443502.628746269] [leader_pid_controller]: Controller state: HOLD
[INFO] [1790443502.629015794] [leader_pid_controller]: Boat stopped inside target zone. Speed=0.048 m/s, distance=0.792 m.
[INFO] [1790443502.629309631] [leader_pid_controller]: Holding for 5.0 simulated seconds.
[INFO] [1790443503.931501172] [leader_pid_controller]: ========================================
[INFO] [1790443503.931762322] [leader_pid_controller]: EXPERIMENT SUCCESS
[INFO] [1790443503.931977571] [leader_pid_controller]: Goal distance: 0.889 m
[INFO] [1790443503.932167908] [leader_pid_controller]: Speed: 0.007 m/s
[INFO] [1790443503.932408309] [leader_pid_controller]: Remained within 1.00 m for 5.0 simulated seconds.
[INFO] [1790443503.932624221] [leader_pid_controller]: ========================================
Traceback (most recent call last):
  File "/home/sajed/vrx_ws/install/platoon_control/lib/platoon_control/leader_pid_controller", line 33, in <module>
    sys.exit(load_entry_point('platoon-control', 'console_scripts', 'leader_pid_controller')())
             ^^^^^^^^^^^^^^^^^^^^^^^^^^^^^^^^^^^^^^^^^^^^^^^^^^^^^^^^^^^^^^^^^^^^^^^^^^^^^^^^^
  File "/home/sajed/vrx_ws/build/platoon_control/platoon_control/leader_pid_controller.py", line 2126, in main
    node.stop()
  File "/home/sajed/vrx_ws/build/platoon_control/platoon_control/leader_pid_controller.py", line 2096, in stop
    self.publish_zero_thrust()
  File "/home/sajed/vrx_ws/build/platoon_control/platoon_control/leader_pid_controller.py", line 2046, in publish_zero_thrust
    self.publish_thrusters(
  File "/home/sajed/vrx_ws/build/platoon_control/platoon_control/leader_pid_controller.py", line 2006, in publish_thrusters
    self.left_position_publisher.publish(
  File "/opt/ros/jazzy/lib/python3.12/site-packages/rclpy/publisher.py", line 70, in publish
    self.__publisher.publish(msg)
rclpy._rclpy_pybind11.RCLError: Failed to publish: publisher's context is invalid, at ./src/rcl/publisher.c:423
[ros2run]: Process exited with failure 1
