[INFO] [1790441609.814320935] [leader_pid_controller]: Leader PID controller started.
[INFO] [1790441609.814865060] [leader_pid_controller]: Control rate: 10.00 Hz
[INFO] [1790441609.815368356] [leader_pid_controller]: Controller state: TRACK
[INFO] [1790441613.899711947] [leader_pid_controller]: Controller state: TRACK
[INFO] [1790441613.899978275] [leader_pid_controller]: New reference path received: 64 waypoints.
[INFO] [1790441625.842821408] [leader_pid_controller]: Controller state: BRAKE
[INFO] [1790441625.843288332] [leader_pid_controller]: Goal braking started. Total speed=0.761 m/s, surge=0.703 m/s.
[INFO] [1790441627.330001025] [leader_pid_controller]: Boat stopped outside goal tolerance. Distance=1.516 m. Entering RECOVER.
[INFO] [1790441627.330504532] [leader_pid_controller]: Controller state: RECOVER
[INFO] [1790441627.330725725] [leader_pid_controller]: RECOVER mode: ALIGN
[INFO] [1790441627.887166513] [leader_pid_controller]: RECOVER alignment complete. Beginning slow approach.
[INFO] [1790441629.319466312] [leader_pid_controller]: RECOVER capture distance reached. Distance=0.739 m. Entering BRAKE.
[INFO] [1790441629.319983793] [leader_pid_controller]: Controller state: BRAKE
[INFO] [1790441629.320218066] [leader_pid_controller]: Goal braking started. Total speed=0.264 m/s, surge=0.198 m/s.
[INFO] [1790441630.179919889] [leader_pid_controller]: Controller state: HOLD
[INFO] [1790441630.180185281] [leader_pid_controller]: Boat stopped inside target zone. Speed=0.048 m/s, distance=0.872 m.
[INFO] [1790441630.180405747] [leader_pid_controller]: Holding for 5.0 simulated seconds.
[INFO] [1790441631.491928829] [leader_pid_controller]: ========================================
[INFO] [1790441631.492186775] [leader_pid_controller]: EXPERIMENT SUCCESS
[INFO] [1790441631.492386411] [leader_pid_controller]: Goal distance: 0.960 m
[INFO] [1790441631.492610452] [leader_pid_controller]: Speed: 0.019 m/s
[INFO] [1790441631.492816693] [leader_pid_controller]: Remained within 1.00 m for 5.0 simulated seconds.
[INFO] [1790441631.493024324] [leader_pid_controller]: ========================================
Traceback (most recent call last):
  File "/home/sajed/vrx_ws/install/platoon_control/lib/platoon_control/leader_pid_controller", line 33, in <module>
    sys.exit(load_entry_point('platoon-control', 'console_scripts', 'leader_pid_controller')())
             ^^^^^^^^^^^^^^^^^^^^^^^^^^^^^^^^^^^^^^^^^^^^^^^^^^^^^^^^^^^^^^^^^^^^^^^^^^^^^^^^^
  File "/home/sajed/vrx_ws/build/platoon_control/platoon_control/leader_pid_controller.py", line 2126, in main
    node.stop()
  File "/home/sajed/vrx_ws/build/platoon_control/platoon_control/leader_pid_controller.py", line 2096, in stop
    self.publish_zero_thrust()
  File "/home/sajed/vrx_ws/build/platoon_control/platoon_control/leader_pid_controller.py", line 2046, in publish_zero_thrust
    self.publish_thrusters(
  File "/home/sajed/vrx_ws/build/platoon_control/platoon_control/leader_pid_controller.py", line 2006, in publish_thrusters
    self.left_position_publisher.publish(
  File "/opt/ros/jazzy/lib/python3.12/site-packages/rclpy/publisher.py", line 70, in publish
    self.__publisher.publish(msg)
rclpy._rclpy_pybind11.RCLError: Failed to publish: publisher's context is invalid, at ./src/rcl/publisher.c:423
[ros2run]: Process exited with failure 1
