[INFO] [1790443212.769942403] [leader_pid_controller]: Leader PID controller started.
[INFO] [1790443212.770538679] [leader_pid_controller]: Control rate: 10.00 Hz
[INFO] [1790443212.771026230] [leader_pid_controller]: Controller state: TRACK
[INFO] [1790443216.749664286] [leader_pid_controller]: Controller state: TRACK
[INFO] [1790443216.749971350] [leader_pid_controller]: New reference path received: 64 waypoints.
[INFO] [1790443228.152173479] [leader_pid_controller]: Controller state: BRAKE
[INFO] [1790443228.152482068] [leader_pid_controller]: Goal braking started. Total speed=0.758 m/s, surge=0.731 m/s.
[INFO] [1790443229.419212988] [leader_pid_controller]: Boat stopped outside goal tolerance. Distance=1.409 m. Entering RECOVER.
[INFO] [1790443229.419803125] [leader_pid_controller]: Controller state: RECOVER
[INFO] [1790443229.420075180] [leader_pid_controller]: RECOVER mode: ALIGN
[INFO] [1790443229.802859228] [leader_pid_controller]: RECOVER alignment complete. Beginning slow approach.
[INFO] [1790443230.971421506] [leader_pid_controller]: RECOVER capture distance reached. Distance=0.737 m. Entering BRAKE.
[INFO] [1790443230.972111872] [leader_pid_controller]: Controller state: BRAKE
[INFO] [1790443230.972457551] [leader_pid_controller]: Goal braking started. Total speed=0.280 m/s, surge=0.193 m/s.
[INFO] [1790443231.694783331] [leader_pid_controller]: Controller state: HOLD
[INFO] [1790443231.695046627] [leader_pid_controller]: Boat stopped inside target zone. Speed=0.048 m/s, distance=0.854 m.
[INFO] [1790443231.695260108] [leader_pid_controller]: Holding for 5.0 simulated seconds.
[INFO] [1790443233.062904762] [leader_pid_controller]: ========================================
[INFO] [1790443233.063162289] [leader_pid_controller]: EXPERIMENT SUCCESS
[INFO] [1790443233.063398289] [leader_pid_controller]: Goal distance: 0.950 m
[INFO] [1790443233.063648978] [leader_pid_controller]: Speed: 0.005 m/s
[INFO] [1790443233.063852308] [leader_pid_controller]: Remained within 1.00 m for 5.0 simulated seconds.
[INFO] [1790443233.064046222] [leader_pid_controller]: ========================================
Traceback (most recent call last):
  File "/home/sajed/vrx_ws/install/platoon_control/lib/platoon_control/leader_pid_controller", line 33, in <module>
    sys.exit(load_entry_point('platoon-control', 'console_scripts', 'leader_pid_controller')())
             ^^^^^^^^^^^^^^^^^^^^^^^^^^^^^^^^^^^^^^^^^^^^^^^^^^^^^^^^^^^^^^^^^^^^^^^^^^^^^^^^^
  File "/home/sajed/vrx_ws/build/platoon_control/platoon_control/leader_pid_controller.py", line 2126, in main
    node.stop()
  File "/home/sajed/vrx_ws/build/platoon_control/platoon_control/leader_pid_controller.py", line 2096, in stop
    self.publish_zero_thrust()
  File "/home/sajed/vrx_ws/build/platoon_control/platoon_control/leader_pid_controller.py", line 2046, in publish_zero_thrust
    self.publish_thrusters(
  File "/home/sajed/vrx_ws/build/platoon_control/platoon_control/leader_pid_controller.py", line 2006, in publish_thrusters
    self.left_position_publisher.publish(
  File "/opt/ros/jazzy/lib/python3.12/site-packages/rclpy/publisher.py", line 70, in publish
    self.__publisher.publish(msg)
rclpy._rclpy_pybind11.RCLError: Failed to publish: publisher's context is invalid, at ./src/rcl/publisher.c:423
[ros2run]: Process exited with failure 1
