[INFO] [1790440857.396250893] [leader_pid_controller]: Leader PID controller started.
[INFO] [1790440857.396992410] [leader_pid_controller]: Control rate: 10.00 Hz
[INFO] [1790440857.397508071] [leader_pid_controller]: Controller state: TRACK
[INFO] [1790440863.893804564] [leader_pid_controller]: Controller state: TRACK
[INFO] [1790440863.894085913] [leader_pid_controller]: New reference path received: 64 waypoints.
[INFO] [1790440876.473503546] [leader_pid_controller]: Controller state: BRAKE
[INFO] [1790440876.473792032] [leader_pid_controller]: Goal braking started. Total speed=0.793 m/s, surge=0.619 m/s.
[INFO] [1790440878.021639223] [leader_pid_controller]: Boat stopped outside goal tolerance. Distance=1.991 m. Entering RECOVER.
[INFO] [1790440878.022194342] [leader_pid_controller]: Controller state: RECOVER
[INFO] [1790440878.022485770] [leader_pid_controller]: RECOVER mode: ALIGN
[INFO] [1790440879.694760383] [leader_pid_controller]: RECOVER alignment complete. Beginning slow approach.
[INFO] [1790440882.134518791] [leader_pid_controller]: RECOVER capture distance reached. Distance=0.738 m. Entering BRAKE.
[INFO] [1790440882.134902587] [leader_pid_controller]: Controller state: BRAKE
[INFO] [1790440882.135122613] [leader_pid_controller]: Goal braking started. Total speed=0.237 m/s, surge=0.196 m/s.
[INFO] [1790440882.619577034] [leader_pid_controller]: Controller state: HOLD
[INFO] [1790440882.619857877] [leader_pid_controller]: Boat stopped inside target zone. Speed=0.047 m/s, distance=0.792 m.
[INFO] [1790440882.620076763] [leader_pid_controller]: Holding for 5.0 simulated seconds.
[INFO] [1790440883.895237477] [leader_pid_controller]: ========================================
[INFO] [1790440883.895533831] [leader_pid_controller]: EXPERIMENT SUCCESS
[INFO] [1790440883.895750845] [leader_pid_controller]: Goal distance: 0.900 m
[INFO] [1790440883.895951203] [leader_pid_controller]: Speed: 0.005 m/s
[INFO] [1790440883.896214254] [leader_pid_controller]: Remained within 1.00 m for 5.0 simulated seconds.
[INFO] [1790440883.896447496] [leader_pid_controller]: ========================================
Traceback (most recent call last):
  File "/home/sajed/vrx_ws/install/platoon_control/lib/platoon_control/leader_pid_controller", line 33, in <module>
    sys.exit(load_entry_point('platoon-control', 'console_scripts', 'leader_pid_controller')())
             ^^^^^^^^^^^^^^^^^^^^^^^^^^^^^^^^^^^^^^^^^^^^^^^^^^^^^^^^^^^^^^^^^^^^^^^^^^^^^^^^^
  File "/home/sajed/vrx_ws/build/platoon_control/platoon_control/leader_pid_controller.py", line 2126, in main
    node.stop()
  File "/home/sajed/vrx_ws/build/platoon_control/platoon_control/leader_pid_controller.py", line 2096, in stop
    self.publish_zero_thrust()
  File "/home/sajed/vrx_ws/build/platoon_control/platoon_control/leader_pid_controller.py", line 2046, in publish_zero_thrust
    self.publish_thrusters(
  File "/home/sajed/vrx_ws/build/platoon_control/platoon_control/leader_pid_controller.py", line 2006, in publish_thrusters
    self.left_position_publisher.publish(
  File "/opt/ros/jazzy/lib/python3.12/site-packages/rclpy/publisher.py", line 70, in publish
    self.__publisher.publish(msg)
rclpy._rclpy_pybind11.RCLError: Failed to publish: publisher's context is invalid, at ./src/rcl/publisher.c:423
[ros2run]: Process exited with failure 1
