[INFO] [1790441967.496968674] [leader_pid_controller]: Leader PID controller started.
[INFO] [1790441967.498558188] [leader_pid_controller]: Control rate: 10.00 Hz
[INFO] [1790441967.499504258] [leader_pid_controller]: Controller state: TRACK
[INFO] [1790441974.112026265] [leader_pid_controller]: Controller state: TRACK
[INFO] [1790441974.112321457] [leader_pid_controller]: New reference path received: 64 waypoints.
[INFO] [1790441986.960924713] [leader_pid_controller]: Controller state: BRAKE
[INFO] [1790441986.961216772] [leader_pid_controller]: Goal braking started. Total speed=0.746 m/s, surge=0.746 m/s.
[INFO] [1790441988.200391014] [leader_pid_controller]: Boat stopped outside goal tolerance. Distance=1.261 m. Entering RECOVER.
[INFO] [1790441988.200895621] [leader_pid_controller]: Controller state: RECOVER
[INFO] [1790441988.201150187] [leader_pid_controller]: RECOVER mode: ALIGN
[INFO] [1790441988.227418267] [leader_pid_controller]: RECOVER alignment complete. Beginning slow approach.
[INFO] [1790441989.110229907] [leader_pid_controller]: RECOVER capture distance reached. Distance=0.741 m. Entering BRAKE.
[INFO] [1790441989.110664357] [leader_pid_controller]: Controller state: BRAKE
[INFO] [1790441989.110919613] [leader_pid_controller]: Goal braking started. Total speed=0.211 m/s, surge=0.202 m/s.
[INFO] [1790441989.469287705] [leader_pid_controller]: Controller state: HOLD
[INFO] [1790441989.469554318] [leader_pid_controller]: Boat stopped inside target zone. Speed=0.049 m/s, distance=0.741 m.
[INFO] [1790441989.469844994] [leader_pid_controller]: Holding for 5.0 simulated seconds.
[INFO] [1790441990.819155304] [leader_pid_controller]: ========================================
[INFO] [1790441990.819417508] [leader_pid_controller]: EXPERIMENT SUCCESS
[INFO] [1790441990.819624192] [leader_pid_controller]: Goal distance: 0.846 m
[INFO] [1790441990.819820980] [leader_pid_controller]: Speed: 0.012 m/s
[INFO] [1790441990.820026721] [leader_pid_controller]: Remained within 1.00 m for 5.0 simulated seconds.
[INFO] [1790441990.820240548] [leader_pid_controller]: ========================================
Traceback (most recent call last):
  File "/home/sajed/vrx_ws/install/platoon_control/lib/platoon_control/leader_pid_controller", line 33, in <module>
    sys.exit(load_entry_point('platoon-control', 'console_scripts', 'leader_pid_controller')())
             ^^^^^^^^^^^^^^^^^^^^^^^^^^^^^^^^^^^^^^^^^^^^^^^^^^^^^^^^^^^^^^^^^^^^^^^^^^^^^^^^^
  File "/home/sajed/vrx_ws/build/platoon_control/platoon_control/leader_pid_controller.py", line 2126, in main
    node.stop()
  File "/home/sajed/vrx_ws/build/platoon_control/platoon_control/leader_pid_controller.py", line 2096, in stop
    self.publish_zero_thrust()
  File "/home/sajed/vrx_ws/build/platoon_control/platoon_control/leader_pid_controller.py", line 2046, in publish_zero_thrust
    self.publish_thrusters(
  File "/home/sajed/vrx_ws/build/platoon_control/platoon_control/leader_pid_controller.py", line 2006, in publish_thrusters
    self.left_position_publisher.publish(
  File "/opt/ros/jazzy/lib/python3.12/site-packages/rclpy/publisher.py", line 70, in publish
    self.__publisher.publish(msg)
rclpy._rclpy_pybind11.RCLError: Failed to publish: publisher's context is invalid, at ./src/rcl/publisher.c:423
[ros2run]: Process exited with failure 1
