[INFO] [1790441171.637804364] [leader_pid_controller]: Leader PID controller started.
[INFO] [1790441171.638398918] [leader_pid_controller]: Control rate: 10.00 Hz
[INFO] [1790441171.638843737] [leader_pid_controller]: Controller state: TRACK
[INFO] [1790441176.289365109] [leader_pid_controller]: Controller state: TRACK
[INFO] [1790441176.289614238] [leader_pid_controller]: New reference path received: 41 waypoints.
[INFO] [1790441183.521563528] [leader_pid_controller]: Controller state: BRAKE
[INFO] [1790441183.521820571] [leader_pid_controller]: Goal braking started. Total speed=0.747 m/s, surge=0.747 m/s.
[INFO] [1790441184.647878082] [leader_pid_controller]: Boat stopped outside goal tolerance. Distance=1.276 m. Entering RECOVER.
[INFO] [1790441184.648424535] [leader_pid_controller]: Controller state: RECOVER
[INFO] [1790441184.648634584] [leader_pid_controller]: RECOVER mode: ALIGN
[INFO] [1790441184.673775630] [leader_pid_controller]: RECOVER alignment complete. Beginning slow approach.
[INFO] [1790441185.489118997] [leader_pid_controller]: RECOVER capture distance reached. Distance=0.750 m. Entering BRAKE.
[INFO] [1790441185.489528275] [leader_pid_controller]: Controller state: BRAKE
[INFO] [1790441185.489753388] [leader_pid_controller]: Goal braking started. Total speed=0.209 m/s, surge=0.202 m/s.
[INFO] [1790441185.771847069] [leader_pid_controller]: Controller state: HOLD
[INFO] [1790441185.772102757] [leader_pid_controller]: Boat stopped inside target zone. Speed=0.045 m/s, distance=0.733 m.
[INFO] [1790441185.772391107] [leader_pid_controller]: Holding for 5.0 simulated seconds.
[INFO] [1790441187.050340456] [leader_pid_controller]: ========================================
[INFO] [1790441187.050570192] [leader_pid_controller]: EXPERIMENT SUCCESS
[INFO] [1790441187.050769809] [leader_pid_controller]: Goal distance: 0.841 m
[INFO] [1790441187.051136146] [leader_pid_controller]: Speed: 0.006 m/s
[INFO] [1790441187.051527026] [leader_pid_controller]: Remained within 1.00 m for 5.0 simulated seconds.
[INFO] [1790441187.051780901] [leader_pid_controller]: ========================================
Traceback (most recent call last):
  File "/home/sajed/vrx_ws/install/platoon_control/lib/platoon_control/leader_pid_controller", line 33, in <module>
    sys.exit(load_entry_point('platoon-control', 'console_scripts', 'leader_pid_controller')())
             ^^^^^^^^^^^^^^^^^^^^^^^^^^^^^^^^^^^^^^^^^^^^^^^^^^^^^^^^^^^^^^^^^^^^^^^^^^^^^^^^^
  File "/home/sajed/vrx_ws/build/platoon_control/platoon_control/leader_pid_controller.py", line 2126, in main
    node.stop()
  File "/home/sajed/vrx_ws/build/platoon_control/platoon_control/leader_pid_controller.py", line 2096, in stop
    self.publish_zero_thrust()
  File "/home/sajed/vrx_ws/build/platoon_control/platoon_control/leader_pid_controller.py", line 2046, in publish_zero_thrust
    self.publish_thrusters(
  File "/home/sajed/vrx_ws/build/platoon_control/platoon_control/leader_pid_controller.py", line 2006, in publish_thrusters
    self.left_position_publisher.publish(
  File "/opt/ros/jazzy/lib/python3.12/site-packages/rclpy/publisher.py", line 70, in publish
    self.__publisher.publish(msg)
rclpy._rclpy_pybind11.RCLError: Failed to publish: publisher's context is invalid, at ./src/rcl/publisher.c:423
[ros2run]: Process exited with failure 1
