[INFO] [1790440708.979949543] [leader_pid_controller]: Leader PID controller started.
[INFO] [1790440708.980555384] [leader_pid_controller]: Control rate: 10.00 Hz
[INFO] [1790440708.981031921] [leader_pid_controller]: Controller state: TRACK
[INFO] [1790440712.990383315] [leader_pid_controller]: Controller state: TRACK
[INFO] [1790440712.990679548] [leader_pid_controller]: New reference path received: 64 waypoints.
[INFO] [1790440724.872557694] [leader_pid_controller]: Controller state: BRAKE
[INFO] [1790440724.872854630] [leader_pid_controller]: Goal braking started. Total speed=0.760 m/s, surge=0.685 m/s.
[INFO] [1790440726.352125652] [leader_pid_controller]: Boat stopped outside goal tolerance. Distance=1.593 m. Entering RECOVER.
[INFO] [1790440726.352807226] [leader_pid_controller]: Controller state: RECOVER
[INFO] [1790440726.353093302] [leader_pid_controller]: RECOVER mode: ALIGN
[INFO] [1790440727.029676245] [leader_pid_controller]: RECOVER alignment complete. Beginning slow approach.
[INFO] [1790440728.635123416] [leader_pid_controller]: RECOVER capture distance reached. Distance=0.749 m. Entering BRAKE.
[INFO] [1790440728.635576252] [leader_pid_controller]: Controller state: BRAKE
[INFO] [1790440728.635804111] [leader_pid_controller]: Goal braking started. Total speed=0.261 m/s, surge=0.200 m/s.
[INFO] [1790440729.297807103] [leader_pid_controller]: Controller state: HOLD
[INFO] [1790440729.298066228] [leader_pid_controller]: Boat stopped inside target zone. Speed=0.049 m/s, distance=0.834 m.
[INFO] [1790440729.298271703] [leader_pid_controller]: Holding for 5.0 simulated seconds.
[INFO] [1790440730.605389212] [leader_pid_controller]: ========================================
[INFO] [1790440730.605651114] [leader_pid_controller]: EXPERIMENT SUCCESS
[INFO] [1790440730.605865309] [leader_pid_controller]: Goal distance: 0.939 m
[INFO] [1790440730.606062781] [leader_pid_controller]: Speed: 0.006 m/s
[INFO] [1790440730.606308015] [leader_pid_controller]: Remained within 1.00 m for 5.0 simulated seconds.
[INFO] [1790440730.606551336] [leader_pid_controller]: ========================================
Traceback (most recent call last):
  File "/home/sajed/vrx_ws/install/platoon_control/lib/platoon_control/leader_pid_controller", line 33, in <module>
    sys.exit(load_entry_point('platoon-control', 'console_scripts', 'leader_pid_controller')())
             ^^^^^^^^^^^^^^^^^^^^^^^^^^^^^^^^^^^^^^^^^^^^^^^^^^^^^^^^^^^^^^^^^^^^^^^^^^^^^^^^^
  File "/home/sajed/vrx_ws/build/platoon_control/platoon_control/leader_pid_controller.py", line 2126, in main
    node.stop()
  File "/home/sajed/vrx_ws/build/platoon_control/platoon_control/leader_pid_controller.py", line 2096, in stop
    self.publish_zero_thrust()
  File "/home/sajed/vrx_ws/build/platoon_control/platoon_control/leader_pid_controller.py", line 2046, in publish_zero_thrust
    self.publish_thrusters(
  File "/home/sajed/vrx_ws/build/platoon_control/platoon_control/leader_pid_controller.py", line 2006, in publish_thrusters
    self.left_position_publisher.publish(
  File "/opt/ros/jazzy/lib/python3.12/site-packages/rclpy/publisher.py", line 70, in publish
    self.__publisher.publish(msg)
rclpy._rclpy_pybind11.RCLError: Failed to publish: publisher's context is invalid, at ./src/rcl/publisher.c:423
[ros2run]: Process exited with failure 1
