[INFO] [1790444031.574283305] [leader_pid_controller]: Leader PID controller started.
[INFO] [1790444031.575062261] [leader_pid_controller]: Control rate: 10.00 Hz
[INFO] [1790444031.575623747] [leader_pid_controller]: Controller state: TRACK
[INFO] [1790444038.177873045] [leader_pid_controller]: Controller state: TRACK
[INFO] [1790444038.178177657] [leader_pid_controller]: New reference path received: 64 waypoints.
[INFO] [1790444052.060992265] [leader_pid_controller]: Controller state: BRAKE
[INFO] [1790444052.061302364] [leader_pid_controller]: Goal braking started. Total speed=0.628 m/s, surge=0.615 m/s.
[INFO] [1790444053.260331247] [leader_pid_controller]: Boat stopped outside goal tolerance. Distance=1.261 m. Entering RECOVER.
[INFO] [1790444053.260811012] [leader_pid_controller]: Controller state: RECOVER
[INFO] [1790444053.261031296] [leader_pid_controller]: RECOVER mode: ALIGN
[INFO] [1790444053.497587400] [leader_pid_controller]: RECOVER alignment complete. Beginning slow approach.
[INFO] [1790444054.664366187] [leader_pid_controller]: RECOVER capture distance reached. Distance=0.748 m. Entering BRAKE.
[INFO] [1790444054.664752585] [leader_pid_controller]: Controller state: BRAKE
[INFO] [1790444054.664970321] [leader_pid_controller]: Goal braking started. Total speed=0.240 m/s, surge=0.172 m/s.
[INFO] [1790444055.254149319] [leader_pid_controller]: Controller state: HOLD
[INFO] [1790444055.254404143] [leader_pid_controller]: Boat stopped inside target zone. Speed=0.050 m/s, distance=0.802 m.
[INFO] [1790444055.254619751] [leader_pid_controller]: Holding for 5.0 simulated seconds.
[INFO] [1790444056.597199656] [leader_pid_controller]: ========================================
[INFO] [1790444056.597485268] [leader_pid_controller]: EXPERIMENT SUCCESS
[INFO] [1790444056.597702597] [leader_pid_controller]: Goal distance: 0.899 m
[INFO] [1790444056.597974386] [leader_pid_controller]: Speed: 0.008 m/s
[INFO] [1790444056.598211052] [leader_pid_controller]: Remained within 1.00 m for 5.0 simulated seconds.
[INFO] [1790444056.598425611] [leader_pid_controller]: ========================================
Traceback (most recent call last):
  File "/home/sajed/vrx_ws/install/platoon_control/lib/platoon_control/leader_pid_controller", line 33, in <module>
    sys.exit(load_entry_point('platoon-control', 'console_scripts', 'leader_pid_controller')())
             ^^^^^^^^^^^^^^^^^^^^^^^^^^^^^^^^^^^^^^^^^^^^^^^^^^^^^^^^^^^^^^^^^^^^^^^^^^^^^^^^^
  File "/home/sajed/vrx_ws/build/platoon_control/platoon_control/leader_pid_controller.py", line 2126, in main
    node.stop()
  File "/home/sajed/vrx_ws/build/platoon_control/platoon_control/leader_pid_controller.py", line 2096, in stop
    self.publish_zero_thrust()
  File "/home/sajed/vrx_ws/build/platoon_control/platoon_control/leader_pid_controller.py", line 2046, in publish_zero_thrust
    self.publish_thrusters(
  File "/home/sajed/vrx_ws/build/platoon_control/platoon_control/leader_pid_controller.py", line 2006, in publish_thrusters
    self.left_position_publisher.publish(
  File "/opt/ros/jazzy/lib/python3.12/site-packages/rclpy/publisher.py", line 70, in publish
    self.__publisher.publish(msg)
rclpy._rclpy_pybind11.RCLError: Failed to publish: publisher's context is invalid, at ./src/rcl/publisher.c:423
[ros2run]: Process exited with failure 1
