[INFO] [1790440786.496774899] [leader_pid_controller]: Leader PID controller started.
[INFO] [1790440786.497312754] [leader_pid_controller]: Control rate: 10.00 Hz
[INFO] [1790440786.497776564] [leader_pid_controller]: Controller state: TRACK
[INFO] [1790440791.136841943] [leader_pid_controller]: Controller state: TRACK
[INFO] [1790440791.137225403] [leader_pid_controller]: New reference path received: 41 waypoints.
[INFO] [1790440798.670370960] [leader_pid_controller]: Controller state: BRAKE
[INFO] [1790440798.670643219] [leader_pid_controller]: Goal braking started. Total speed=0.771 m/s, surge=0.696 m/s.
[INFO] [1790440800.406799332] [leader_pid_controller]: Boat stopped outside goal tolerance. Distance=1.641 m. Entering RECOVER.
[INFO] [1790440800.407590414] [leader_pid_controller]: Controller state: RECOVER
[INFO] [1790440800.407917992] [leader_pid_controller]: RECOVER mode: ALIGN
[INFO] [1790440801.034580923] [leader_pid_controller]: RECOVER alignment complete. Beginning slow approach.
[INFO] [1790440802.659086055] [leader_pid_controller]: RECOVER capture distance reached. Distance=0.739 m. Entering BRAKE.
[INFO] [1790440802.659488731] [leader_pid_controller]: Controller state: BRAKE
[INFO] [1790440802.659715560] [leader_pid_controller]: Goal braking started. Total speed=0.260 m/s, surge=0.192 m/s.
[INFO] [1790440803.405592900] [leader_pid_controller]: Controller state: HOLD
[INFO] [1790440803.405857908] [leader_pid_controller]: Boat stopped inside target zone. Speed=0.048 m/s, distance=0.835 m.
[INFO] [1790440803.406071085] [leader_pid_controller]: Holding for 5.0 simulated seconds.
[INFO] [1790440804.673443021] [leader_pid_controller]: ========================================
[INFO] [1790440804.673672701] [leader_pid_controller]: EXPERIMENT SUCCESS
[INFO] [1790440804.673913865] [leader_pid_controller]: Goal distance: 0.921 m
[INFO] [1790440804.674119282] [leader_pid_controller]: Speed: 0.012 m/s
[INFO] [1790440804.674360861] [leader_pid_controller]: Remained within 1.00 m for 5.0 simulated seconds.
[INFO] [1790440804.674572472] [leader_pid_controller]: ========================================
Traceback (most recent call last):
  File "/home/sajed/vrx_ws/install/platoon_control/lib/platoon_control/leader_pid_controller", line 33, in <module>
    sys.exit(load_entry_point('platoon-control', 'console_scripts', 'leader_pid_controller')())
             ^^^^^^^^^^^^^^^^^^^^^^^^^^^^^^^^^^^^^^^^^^^^^^^^^^^^^^^^^^^^^^^^^^^^^^^^^^^^^^^^^
  File "/home/sajed/vrx_ws/build/platoon_control/platoon_control/leader_pid_controller.py", line 2126, in main
    node.stop()
  File "/home/sajed/vrx_ws/build/platoon_control/platoon_control/leader_pid_controller.py", line 2096, in stop
    self.publish_zero_thrust()
  File "/home/sajed/vrx_ws/build/platoon_control/platoon_control/leader_pid_controller.py", line 2046, in publish_zero_thrust
    self.publish_thrusters(
  File "/home/sajed/vrx_ws/build/platoon_control/platoon_control/leader_pid_controller.py", line 2006, in publish_thrusters
    self.left_position_publisher.publish(
  File "/opt/ros/jazzy/lib/python3.12/site-packages/rclpy/publisher.py", line 70, in publish
    self.__publisher.publish(msg)
rclpy._rclpy_pybind11.RCLError: Failed to publish: publisher's context is invalid, at ./src/rcl/publisher.c:423
[ros2run]: Process exited with failure 1
