[INFO] [1790443873.672404121] [leader_pid_controller]: Leader PID controller started.
[INFO] [1790443873.673038437] [leader_pid_controller]: Control rate: 10.00 Hz
[INFO] [1790443873.673560917] [leader_pid_controller]: Controller state: TRACK
[INFO] [1790443877.749032955] [leader_pid_controller]: Controller state: TRACK
[INFO] [1790443877.749313213] [leader_pid_controller]: New reference path received: 64 waypoints.
[INFO] [1790443890.684691523] [leader_pid_controller]: Controller state: BRAKE
[INFO] [1790443890.685000564] [leader_pid_controller]: Goal braking started. Total speed=0.682 m/s, surge=0.664 m/s.
[INFO] [1790443891.931299481] [leader_pid_controller]: Boat stopped outside goal tolerance. Distance=1.302 m. Entering RECOVER.
[INFO] [1790443891.931805966] [leader_pid_controller]: Controller state: RECOVER
[INFO] [1790443891.932023894] [leader_pid_controller]: RECOVER mode: ALIGN
[INFO] [1790443892.228246395] [leader_pid_controller]: RECOVER alignment complete. Beginning slow approach.
[INFO] [1790443893.559839736] [leader_pid_controller]: RECOVER capture distance reached. Distance=0.743 m. Entering BRAKE.
[INFO] [1790443893.560598997] [leader_pid_controller]: Controller state: BRAKE
[INFO] [1790443893.561078533] [leader_pid_controller]: Goal braking started. Total speed=0.231 m/s, surge=0.181 m/s.
[INFO] [1790443894.261460011] [leader_pid_controller]: Controller state: HOLD
[INFO] [1790443894.261740798] [leader_pid_controller]: Boat stopped inside target zone. Speed=0.046 m/s, distance=0.812 m.
[INFO] [1790443894.261971630] [leader_pid_controller]: Holding for 5.0 simulated seconds.
[INFO] [1790443895.660904957] [leader_pid_controller]: ========================================
[INFO] [1790443895.661147675] [leader_pid_controller]: EXPERIMENT SUCCESS
[INFO] [1790443895.661344718] [leader_pid_controller]: Goal distance: 0.887 m
[INFO] [1790443895.661539663] [leader_pid_controller]: Speed: 0.016 m/s
[INFO] [1790443895.661827952] [leader_pid_controller]: Remained within 1.00 m for 5.0 simulated seconds.
[INFO] [1790443895.662095060] [leader_pid_controller]: ========================================
Traceback (most recent call last):
  File "/home/sajed/vrx_ws/install/platoon_control/lib/platoon_control/leader_pid_controller", line 33, in <module>
    sys.exit(load_entry_point('platoon-control', 'console_scripts', 'leader_pid_controller')())
             ^^^^^^^^^^^^^^^^^^^^^^^^^^^^^^^^^^^^^^^^^^^^^^^^^^^^^^^^^^^^^^^^^^^^^^^^^^^^^^^^^
  File "/home/sajed/vrx_ws/build/platoon_control/platoon_control/leader_pid_controller.py", line 2126, in main
    node.stop()
  File "/home/sajed/vrx_ws/build/platoon_control/platoon_control/leader_pid_controller.py", line 2096, in stop
    self.publish_zero_thrust()
  File "/home/sajed/vrx_ws/build/platoon_control/platoon_control/leader_pid_controller.py", line 2046, in publish_zero_thrust
    self.publish_thrusters(
  File "/home/sajed/vrx_ws/build/platoon_control/platoon_control/leader_pid_controller.py", line 2006, in publish_thrusters
    self.left_position_publisher.publish(
  File "/opt/ros/jazzy/lib/python3.12/site-packages/rclpy/publisher.py", line 70, in publish
    self.__publisher.publish(msg)
rclpy._rclpy_pybind11.RCLError: Failed to publish: publisher's context is invalid, at ./src/rcl/publisher.c:423
[ros2run]: Process exited with failure 1
