[INFO] [1790443415.590156165] [leader_pid_controller]: Leader PID controller started.
[INFO] [1790443415.590726063] [leader_pid_controller]: Control rate: 10.00 Hz
[INFO] [1790443415.591210221] [leader_pid_controller]: Controller state: TRACK
[INFO] [1790443419.576960196] [leader_pid_controller]: Controller state: TRACK
[INFO] [1790443419.577258575] [leader_pid_controller]: New reference path received: 64 waypoints.
[INFO] [1790443431.401941028] [leader_pid_controller]: Controller state: BRAKE
[INFO] [1790443431.402288694] [leader_pid_controller]: Goal braking started. Total speed=0.761 m/s, surge=0.732 m/s.
[INFO] [1790443432.647992992] [leader_pid_controller]: Boat stopped outside goal tolerance. Distance=1.423 m. Entering RECOVER.
[INFO] [1790443432.648498439] [leader_pid_controller]: Controller state: RECOVER
[INFO] [1790443432.648719951] [leader_pid_controller]: RECOVER mode: ALIGN
[INFO] [1790443433.041700691] [leader_pid_controller]: RECOVER alignment complete. Beginning slow approach.
[INFO] [1790443434.246702451] [leader_pid_controller]: RECOVER capture distance reached. Distance=0.739 m. Entering BRAKE.
[INFO] [1790443434.247106243] [leader_pid_controller]: Controller state: BRAKE
[INFO] [1790443434.247339852] [leader_pid_controller]: Goal braking started. Total speed=0.271 m/s, surge=0.194 m/s.
[INFO] [1790443434.950050672] [leader_pid_controller]: Controller state: HOLD
[INFO] [1790443434.950319521] [leader_pid_controller]: Boat stopped inside target zone. Speed=0.048 m/s, distance=0.836 m.
[INFO] [1790443434.950547600] [leader_pid_controller]: Holding for 5.0 simulated seconds.
[INFO] [1790443436.249562300] [leader_pid_controller]: ========================================
[INFO] [1790443436.249905285] [leader_pid_controller]: EXPERIMENT SUCCESS
[INFO] [1790443436.250122172] [leader_pid_controller]: Goal distance: 0.930 m
[INFO] [1790443436.250353073] [leader_pid_controller]: Speed: 0.002 m/s
[INFO] [1790443436.250607122] [leader_pid_controller]: Remained within 1.00 m for 5.0 simulated seconds.
[INFO] [1790443436.250822693] [leader_pid_controller]: ========================================
Traceback (most recent call last):
  File "/home/sajed/vrx_ws/install/platoon_control/lib/platoon_control/leader_pid_controller", line 33, in <module>
    sys.exit(load_entry_point('platoon-control', 'console_scripts', 'leader_pid_controller')())
             ^^^^^^^^^^^^^^^^^^^^^^^^^^^^^^^^^^^^^^^^^^^^^^^^^^^^^^^^^^^^^^^^^^^^^^^^^^^^^^^^^
  File "/home/sajed/vrx_ws/build/platoon_control/platoon_control/leader_pid_controller.py", line 2126, in main
    node.stop()
  File "/home/sajed/vrx_ws/build/platoon_control/platoon_control/leader_pid_controller.py", line 2096, in stop
    self.publish_zero_thrust()
  File "/home/sajed/vrx_ws/build/platoon_control/platoon_control/leader_pid_controller.py", line 2046, in publish_zero_thrust
    self.publish_thrusters(
  File "/home/sajed/vrx_ws/build/platoon_control/platoon_control/leader_pid_controller.py", line 2006, in publish_thrusters
    self.left_position_publisher.publish(
  File "/opt/ros/jazzy/lib/python3.12/site-packages/rclpy/publisher.py", line 70, in publish
    self.__publisher.publish(msg)
rclpy._rclpy_pybind11.RCLError: Failed to publish: publisher's context is invalid, at ./src/rcl/publisher.c:423
[ros2run]: Process exited with failure 1
