[INFO] [1790441386.002747468] [leader_pid_controller]: Leader PID controller started.
[INFO] [1790441386.003454430] [leader_pid_controller]: Control rate: 10.00 Hz
[INFO] [1790441386.004026486] [leader_pid_controller]: Controller state: TRACK
[INFO] [1790441392.544306140] [leader_pid_controller]: Controller state: TRACK
[INFO] [1790441392.544585040] [leader_pid_controller]: New reference path received: 41 waypoints.
[INFO] [1790441399.923772787] [leader_pid_controller]: Controller state: BRAKE
[INFO] [1790441399.924034231] [leader_pid_controller]: Goal braking started. Total speed=0.752 m/s, surge=0.732 m/s.
[INFO] [1790441401.259771957] [leader_pid_controller]: Boat stopped outside goal tolerance. Distance=1.377 m. Entering RECOVER.
[INFO] [1790441401.260236956] [leader_pid_controller]: Controller state: RECOVER
[INFO] [1790441401.260487213] [leader_pid_controller]: RECOVER mode: ALIGN
[INFO] [1790441401.827630317] [leader_pid_controller]: RECOVER alignment complete. Beginning slow approach.
[INFO] [1790441402.984828889] [leader_pid_controller]: RECOVER capture distance reached. Distance=0.735 m. Entering BRAKE.
[INFO] [1790441402.985197207] [leader_pid_controller]: Controller state: BRAKE
[INFO] [1790441402.985473495] [leader_pid_controller]: Goal braking started. Total speed=0.254 m/s, surge=0.201 m/s.
[INFO] [1790441403.760757055] [leader_pid_controller]: Controller state: HOLD
[INFO] [1790441403.761035548] [leader_pid_controller]: Boat stopped inside target zone. Speed=0.049 m/s, distance=0.874 m.
[INFO] [1790441403.761249890] [leader_pid_controller]: Holding for 5.0 simulated seconds.
[INFO] [1790441405.037775464] [leader_pid_controller]: ========================================
[INFO] [1790441405.038019511] [leader_pid_controller]: EXPERIMENT SUCCESS
[INFO] [1790441405.038211550] [leader_pid_controller]: Goal distance: 0.959 m
[INFO] [1790441405.038395873] [leader_pid_controller]: Speed: 0.006 m/s
[INFO] [1790441405.038598859] [leader_pid_controller]: Remained within 1.00 m for 5.0 simulated seconds.
[INFO] [1790441405.038913215] [leader_pid_controller]: ========================================
Traceback (most recent call last):
  File "/home/sajed/vrx_ws/install/platoon_control/lib/platoon_control/leader_pid_controller", line 33, in <module>
    sys.exit(load_entry_point('platoon-control', 'console_scripts', 'leader_pid_controller')())
             ^^^^^^^^^^^^^^^^^^^^^^^^^^^^^^^^^^^^^^^^^^^^^^^^^^^^^^^^^^^^^^^^^^^^^^^^^^^^^^^^^
  File "/home/sajed/vrx_ws/build/platoon_control/platoon_control/leader_pid_controller.py", line 2126, in main
    node.stop()
  File "/home/sajed/vrx_ws/build/platoon_control/platoon_control/leader_pid_controller.py", line 2096, in stop
    self.publish_zero_thrust()
  File "/home/sajed/vrx_ws/build/platoon_control/platoon_control/leader_pid_controller.py", line 2046, in publish_zero_thrust
    self.publish_thrusters(
  File "/home/sajed/vrx_ws/build/platoon_control/platoon_control/leader_pid_controller.py", line 2006, in publish_thrusters
    self.left_position_publisher.publish(
  File "/opt/ros/jazzy/lib/python3.12/site-packages/rclpy/publisher.py", line 70, in publish
    self.__publisher.publish(msg)
rclpy._rclpy_pybind11.RCLError: Failed to publish: publisher's context is invalid, at ./src/rcl/publisher.c:423
[ros2run]: Process exited with failure 1
