[INFO] [1790440439.662248323] [leader_pid_controller]: Leader PID controller started.
[INFO] [1790440439.662862976] [leader_pid_controller]: Control rate: 10.00 Hz
[INFO] [1790440439.663462305] [leader_pid_controller]: Controller state: TRACK
[INFO] [1790440444.295738144] [leader_pid_controller]: Controller state: TRACK
[INFO] [1790440444.296022851] [leader_pid_controller]: New reference path received: 41 waypoints.
[INFO] [1790440451.844700822] [leader_pid_controller]: Controller state: BRAKE
[INFO] [1790440451.844948834] [leader_pid_controller]: Goal braking started. Total speed=0.747 m/s, surge=0.745 m/s.
[INFO] [1790440452.976903010] [leader_pid_controller]: Boat stopped outside goal tolerance. Distance=1.336 m. Entering RECOVER.
[INFO] [1790440452.977528156] [leader_pid_controller]: Controller state: RECOVER
[INFO] [1790440452.977789975] [leader_pid_controller]: RECOVER mode: ALIGN
[INFO] [1790440453.002624958] [leader_pid_controller]: RECOVER alignment complete. Beginning slow approach.
[INFO] [1790440453.953625799] [leader_pid_controller]: RECOVER capture distance reached. Distance=0.741 m. Entering BRAKE.
[INFO] [1790440453.954083188] [leader_pid_controller]: Controller state: BRAKE
[INFO] [1790440453.954319267] [leader_pid_controller]: Goal braking started. Total speed=0.248 m/s, surge=0.201 m/s.
[INFO] [1790440454.462221880] [leader_pid_controller]: Controller state: HOLD
[INFO] [1790440454.462554893] [leader_pid_controller]: Boat stopped inside target zone. Speed=0.050 m/s, distance=0.779 m.
[INFO] [1790440454.462792619] [leader_pid_controller]: Holding for 5.0 simulated seconds.
[INFO] [1790440455.894177169] [leader_pid_controller]: ========================================
[INFO] [1790440455.894418336] [leader_pid_controller]: EXPERIMENT SUCCESS
[INFO] [1790440455.894609278] [leader_pid_controller]: Goal distance: 0.891 m
[INFO] [1790440455.894892154] [leader_pid_controller]: Speed: 0.008 m/s
[INFO] [1790440455.895134594] [leader_pid_controller]: Remained within 1.00 m for 5.0 simulated seconds.
[INFO] [1790440455.895408781] [leader_pid_controller]: ========================================
Traceback (most recent call last):
  File "/home/sajed/vrx_ws/install/platoon_control/lib/platoon_control/leader_pid_controller", line 33, in <module>
    sys.exit(load_entry_point('platoon-control', 'console_scripts', 'leader_pid_controller')())
             ^^^^^^^^^^^^^^^^^^^^^^^^^^^^^^^^^^^^^^^^^^^^^^^^^^^^^^^^^^^^^^^^^^^^^^^^^^^^^^^^^
  File "/home/sajed/vrx_ws/build/platoon_control/platoon_control/leader_pid_controller.py", line 2126, in main
    node.stop()
  File "/home/sajed/vrx_ws/build/platoon_control/platoon_control/leader_pid_controller.py", line 2096, in stop
    self.publish_zero_thrust()
  File "/home/sajed/vrx_ws/build/platoon_control/platoon_control/leader_pid_controller.py", line 2046, in publish_zero_thrust
    self.publish_thrusters(
  File "/home/sajed/vrx_ws/build/platoon_control/platoon_control/leader_pid_controller.py", line 2006, in publish_thrusters
    self.left_position_publisher.publish(
  File "/opt/ros/jazzy/lib/python3.12/site-packages/rclpy/publisher.py", line 70, in publish
    self.__publisher.publish(msg)
rclpy._rclpy_pybind11.RCLError: Failed to publish: publisher's context is invalid, at ./src/rcl/publisher.c:423
[ros2run]: Process exited with failure 1
