[INFO] [1790440946.261778102] [leader_pid_controller]: Leader PID controller started.
[INFO] [1790440946.262379943] [leader_pid_controller]: Control rate: 10.00 Hz
[INFO] [1790440946.262832737] [leader_pid_controller]: Controller state: TRACK
[INFO] [1790440950.925974350] [leader_pid_controller]: Controller state: TRACK
[INFO] [1790440950.926331492] [leader_pid_controller]: New reference path received: 64 waypoints.
[INFO] [1790440962.761954575] [leader_pid_controller]: Controller state: BRAKE
[INFO] [1790440962.762239423] [leader_pid_controller]: Goal braking started. Total speed=0.753 m/s, surge=0.700 m/s.
[INFO] [1790440964.160476283] [leader_pid_controller]: Boat stopped outside goal tolerance. Distance=1.491 m. Entering RECOVER.
[INFO] [1790440964.161167832] [leader_pid_controller]: Controller state: RECOVER
[INFO] [1790440964.161393999] [leader_pid_controller]: RECOVER mode: ALIGN
[INFO] [1790440964.669408022] [leader_pid_controller]: RECOVER alignment complete. Beginning slow approach.
[INFO] [1790440966.006017893] [leader_pid_controller]: RECOVER capture distance reached. Distance=0.742 m. Entering BRAKE.
[INFO] [1790440966.006410958] [leader_pid_controller]: Controller state: BRAKE
[INFO] [1790440966.006628050] [leader_pid_controller]: Goal braking started. Total speed=0.268 m/s, surge=0.198 m/s.
[INFO] [1790440966.769342977] [leader_pid_controller]: Controller state: HOLD
[INFO] [1790440966.769612586] [leader_pid_controller]: Boat stopped inside target zone. Speed=0.050 m/s, distance=0.873 m.
[INFO] [1790440966.769818942] [leader_pid_controller]: Holding for 5.0 simulated seconds.
[INFO] [1790440968.074290904] [leader_pid_controller]: ========================================
[INFO] [1790440968.074550020] [leader_pid_controller]: EXPERIMENT SUCCESS
[INFO] [1790440968.074765968] [leader_pid_controller]: Goal distance: 0.964 m
[INFO] [1790440968.074963119] [leader_pid_controller]: Speed: 0.018 m/s
[INFO] [1790440968.075298800] [leader_pid_controller]: Remained within 1.00 m for 5.0 simulated seconds.
[INFO] [1790440968.075572378] [leader_pid_controller]: ========================================
Traceback (most recent call last):
  File "/home/sajed/vrx_ws/install/platoon_control/lib/platoon_control/leader_pid_controller", line 33, in <module>
    sys.exit(load_entry_point('platoon-control', 'console_scripts', 'leader_pid_controller')())
             ^^^^^^^^^^^^^^^^^^^^^^^^^^^^^^^^^^^^^^^^^^^^^^^^^^^^^^^^^^^^^^^^^^^^^^^^^^^^^^^^^
  File "/home/sajed/vrx_ws/build/platoon_control/platoon_control/leader_pid_controller.py", line 2126, in main
    node.stop()
  File "/home/sajed/vrx_ws/build/platoon_control/platoon_control/leader_pid_controller.py", line 2096, in stop
    self.publish_zero_thrust()
  File "/home/sajed/vrx_ws/build/platoon_control/platoon_control/leader_pid_controller.py", line 2046, in publish_zero_thrust
    self.publish_thrusters(
  File "/home/sajed/vrx_ws/build/platoon_control/platoon_control/leader_pid_controller.py", line 2006, in publish_thrusters
    self.left_position_publisher.publish(
  File "/opt/ros/jazzy/lib/python3.12/site-packages/rclpy/publisher.py", line 70, in publish
    self.__publisher.publish(msg)
rclpy._rclpy_pybind11.RCLError: Failed to publish: publisher's context is invalid, at ./src/rcl/publisher.c:423
[ros2run]: Process exited with failure 1
