[INFO] [1790441864.264505464] [leader_pid_controller]: Leader PID controller started.
[INFO] [1790441864.265186978] [leader_pid_controller]: Control rate: 10.00 Hz
[INFO] [1790441864.265671433] [leader_pid_controller]: Controller state: TRACK
[INFO] [1790441868.916734671] [leader_pid_controller]: Controller state: TRACK
[INFO] [1790441868.917035208] [leader_pid_controller]: New reference path received: 64 waypoints.
[INFO] [1790441881.170932636] [leader_pid_controller]: Controller state: BRAKE
[INFO] [1790441881.171301911] [leader_pid_controller]: Goal braking started. Total speed=0.756 m/s, surge=0.706 m/s.
[INFO] [1790441882.676669323] [leader_pid_controller]: Boat stopped outside goal tolerance. Distance=1.474 m. Entering RECOVER.
[INFO] [1790441882.677531727] [leader_pid_controller]: Controller state: RECOVER
[INFO] [1790441882.677760124] [leader_pid_controller]: RECOVER mode: ALIGN
[INFO] [1790441883.201349564] [leader_pid_controller]: RECOVER alignment complete. Beginning slow approach.
[INFO] [1790441884.569034456] [leader_pid_controller]: RECOVER capture distance reached. Distance=0.742 m. Entering BRAKE.
[INFO] [1790441884.569457749] [leader_pid_controller]: Controller state: BRAKE
[INFO] [1790441884.569698663] [leader_pid_controller]: Goal braking started. Total speed=0.268 m/s, surge=0.200 m/s.
[INFO] [1790441885.405927232] [leader_pid_controller]: Controller state: HOLD
[INFO] [1790441885.406181963] [leader_pid_controller]: Boat stopped inside target zone. Speed=0.049 m/s, distance=0.890 m.
[INFO] [1790441885.406431485] [leader_pid_controller]: Holding for 5.0 simulated seconds.
[INFO] [1790441886.719057517] [leader_pid_controller]: ========================================
[INFO] [1790441886.719364212] [leader_pid_controller]: EXPERIMENT SUCCESS
[INFO] [1790441886.719586128] [leader_pid_controller]: Goal distance: 0.977 m
[INFO] [1790441886.719784352] [leader_pid_controller]: Speed: 0.020 m/s
[INFO] [1790441886.720082284] [leader_pid_controller]: Remained within 1.00 m for 5.0 simulated seconds.
[INFO] [1790441886.720373540] [leader_pid_controller]: ========================================
Traceback (most recent call last):
  File "/home/sajed/vrx_ws/install/platoon_control/lib/platoon_control/leader_pid_controller", line 33, in <module>
    sys.exit(load_entry_point('platoon-control', 'console_scripts', 'leader_pid_controller')())
             ^^^^^^^^^^^^^^^^^^^^^^^^^^^^^^^^^^^^^^^^^^^^^^^^^^^^^^^^^^^^^^^^^^^^^^^^^^^^^^^^^
  File "/home/sajed/vrx_ws/build/platoon_control/platoon_control/leader_pid_controller.py", line 2126, in main
    node.stop()
  File "/home/sajed/vrx_ws/build/platoon_control/platoon_control/leader_pid_controller.py", line 2096, in stop
    self.publish_zero_thrust()
  File "/home/sajed/vrx_ws/build/platoon_control/platoon_control/leader_pid_controller.py", line 2046, in publish_zero_thrust
    self.publish_thrusters(
  File "/home/sajed/vrx_ws/build/platoon_control/platoon_control/leader_pid_controller.py", line 2006, in publish_thrusters
    self.left_position_publisher.publish(
  File "/opt/ros/jazzy/lib/python3.12/site-packages/rclpy/publisher.py", line 70, in publish
    self.__publisher.publish(msg)
rclpy._rclpy_pybind11.RCLError: Failed to publish: publisher's context is invalid, at ./src/rcl/publisher.c:423
[ros2run]: Process exited with failure 1
