[INFO] [1790442081.893529344] [leader_pid_controller]: Leader PID controller started.
[INFO] [1790442081.894597159] [leader_pid_controller]: Control rate: 10.00 Hz
[INFO] [1790442081.895562285] [leader_pid_controller]: Controller state: TRACK
[INFO] [1790442085.995875460] [leader_pid_controller]: Controller state: TRACK
[INFO] [1790442085.996124083] [leader_pid_controller]: New reference path received: 64 waypoints.
[INFO] [1790442099.165275770] [leader_pid_controller]: Controller state: BRAKE
[INFO] [1790442099.165574224] [leader_pid_controller]: Goal braking started. Total speed=0.791 m/s, surge=0.628 m/s.
[INFO] [1790442100.749416668] [leader_pid_controller]: Boat stopped outside goal tolerance. Distance=1.783 m. Entering RECOVER.
[INFO] [1790442100.749963975] [leader_pid_controller]: Controller state: RECOVER
[INFO] [1790442100.750189981] [leader_pid_controller]: RECOVER mode: ALIGN
[INFO] [1790442101.527896177] [leader_pid_controller]: RECOVER alignment complete. Beginning slow approach.
[INFO] [1790442103.427159441] [leader_pid_controller]: RECOVER capture distance reached. Distance=0.738 m. Entering BRAKE.
[INFO] [1790442103.427603929] [leader_pid_controller]: Controller state: BRAKE
[INFO] [1790442103.427847040] [leader_pid_controller]: Goal braking started. Total speed=0.260 m/s, surge=0.201 m/s.
[INFO] [1790442104.322924445] [leader_pid_controller]: Controller state: HOLD
[INFO] [1790442104.323539094] [leader_pid_controller]: Boat stopped inside target zone. Speed=0.048 m/s, distance=0.905 m.
[INFO] [1790442104.323803107] [leader_pid_controller]: Holding for 5.0 simulated seconds.
[INFO] [1790442105.646453214] [leader_pid_controller]: ========================================
[INFO] [1790442105.646682703] [leader_pid_controller]: EXPERIMENT SUCCESS
[INFO] [1790442105.646882979] [leader_pid_controller]: Goal distance: 0.994 m
[INFO] [1790442105.647165342] [leader_pid_controller]: Speed: 0.015 m/s
[INFO] [1790442105.647435534] [leader_pid_controller]: Remained within 1.00 m for 5.0 simulated seconds.
[INFO] [1790442105.647659468] [leader_pid_controller]: ========================================
Traceback (most recent call last):
  File "/home/sajed/vrx_ws/install/platoon_control/lib/platoon_control/leader_pid_controller", line 33, in <module>
    sys.exit(load_entry_point('platoon-control', 'console_scripts', 'leader_pid_controller')())
             ^^^^^^^^^^^^^^^^^^^^^^^^^^^^^^^^^^^^^^^^^^^^^^^^^^^^^^^^^^^^^^^^^^^^^^^^^^^^^^^^^
  File "/home/sajed/vrx_ws/build/platoon_control/platoon_control/leader_pid_controller.py", line 2126, in main
    node.stop()
  File "/home/sajed/vrx_ws/build/platoon_control/platoon_control/leader_pid_controller.py", line 2096, in stop
    self.publish_zero_thrust()
  File "/home/sajed/vrx_ws/build/platoon_control/platoon_control/leader_pid_controller.py", line 2046, in publish_zero_thrust
    self.publish_thrusters(
  File "/home/sajed/vrx_ws/build/platoon_control/platoon_control/leader_pid_controller.py", line 2010, in publish_thrusters
    self.right_position_publisher.publish(
  File "/opt/ros/jazzy/lib/python3.12/site-packages/rclpy/publisher.py", line 70, in publish
    self.__publisher.publish(msg)
rclpy._rclpy_pybind11.RCLError: Failed to publish: publisher's context is invalid, at ./src/rcl/publisher.c:423
[ros2run]: Process exited with failure 1
