[INFO] [1790441508.604009342] [leader_pid_controller]: Leader PID controller started.
[INFO] [1790441508.605674158] [leader_pid_controller]: Control rate: 10.00 Hz
[INFO] [1790441508.606329834] [leader_pid_controller]: Controller state: TRACK
[INFO] [1790441514.844584163] [leader_pid_controller]: Controller state: TRACK
[INFO] [1790441514.844852423] [leader_pid_controller]: New reference path received: 64 waypoints.
[INFO] [1790441528.919972749] [leader_pid_controller]: Controller state: BRAKE
[INFO] [1790441528.920286279] [leader_pid_controller]: Goal braking started. Total speed=0.735 m/s, surge=0.734 m/s.
[INFO] [1790441530.261050372] [leader_pid_controller]: Boat stopped outside goal tolerance. Distance=1.284 m. Entering RECOVER.
[INFO] [1790441530.261556111] [leader_pid_controller]: Controller state: RECOVER
[INFO] [1790441530.261801129] [leader_pid_controller]: RECOVER mode: ALIGN
[INFO] [1790441530.290641563] [leader_pid_controller]: RECOVER alignment complete. Beginning slow approach.
[INFO] [1790441531.116989686] [leader_pid_controller]: RECOVER capture distance reached. Distance=0.747 m. Entering BRAKE.
[INFO] [1790441531.117507833] [leader_pid_controller]: Controller state: BRAKE
[INFO] [1790441531.117730062] [leader_pid_controller]: Goal braking started. Total speed=0.211 m/s, surge=0.201 m/s.
[INFO] [1790441531.424498853] [leader_pid_controller]: Controller state: HOLD
[INFO] [1790441531.424760022] [leader_pid_controller]: Boat stopped inside target zone. Speed=0.046 m/s, distance=0.739 m.
[INFO] [1790441531.424965338] [leader_pid_controller]: Holding for 5.0 simulated seconds.
[INFO] [1790441532.737515991] [leader_pid_controller]: ========================================
[INFO] [1790441532.737790889] [leader_pid_controller]: EXPERIMENT SUCCESS
[INFO] [1790441532.738111192] [leader_pid_controller]: Goal distance: 0.849 m
[INFO] [1790441532.738376978] [leader_pid_controller]: Speed: 0.004 m/s
Traceback (most recent call last):
  File "/home/sajed/vrx_ws/install/platoon_control/lib/platoon_control/leader_pid_controller", line 33, in <module>
    sys.exit(load_entry_point('platoon-control', 'console_scripts', 'leader_pid_controller')())
             ^^^^^^^^^^^^^^^^^^^^^^^^^^^^^^^^^^^^^^^^^^^^^^^^^^^^^^^^^^^^^^^^^^^^^^^^^^^^^^^^^
  File "/home/sajed/vrx_ws/build/platoon_control/platoon_control/leader_pid_controller.py", line 2126, in main
    node.stop()
  File "/home/sajed/vrx_ws/build/platoon_control/platoon_control/leader_pid_controller.py", line 2096, in stop
    self.publish_zero_thrust()
  File "/home/sajed/vrx_ws/build/platoon_control/platoon_control/leader_pid_controller.py", line 2046, in publish_zero_thrust
    self.publish_thrusters(
  File "/home/sajed/vrx_ws/build/platoon_control/platoon_control/leader_pid_controller.py", line 2006, in publish_thrusters
    self.left_position_publisher.publish(
  File "/opt/ros/jazzy/lib/python3.12/site-packages/rclpy/publisher.py", line 70, in publish
    self.__publisher.publish(msg)
rclpy._rclpy_pybind11.RCLError: Failed to publish: publisher's context is invalid, at ./src/rcl/publisher.c:423
[ros2run]: Process exited with failure 1
