[INFO] [1790444545.993408545] [leader_pid_controller]: Leader PID controller started.
[INFO] [1790444545.993944529] [leader_pid_controller]: Control rate: 10.00 Hz
[INFO] [1790444545.994390303] [leader_pid_controller]: Controller state: TRACK
[INFO] [1790444551.261469937] [leader_pid_controller]: Controller state: TRACK
[INFO] [1790444551.261820747] [leader_pid_controller]: New reference path received: 41 waypoints.
[INFO] [1790444558.539040635] [leader_pid_controller]: Controller state: BRAKE
[INFO] [1790444558.539345522] [leader_pid_controller]: Goal braking started. Total speed=0.795 m/s, surge=0.793 m/s.
[INFO] [1790444558.856306831] [leader_pid_controller]: Controller state: HOLD
[INFO] [1790444558.856571554] [leader_pid_controller]: Boat stopped inside target zone. Speed=0.045 m/s, distance=0.634 m.
[INFO] [1790444558.856805028] [leader_pid_controller]: Holding for 5.0 simulated seconds.
[INFO] [1790444560.201459670] [leader_pid_controller]: ========================================
[INFO] [1790444560.201698736] [leader_pid_controller]: EXPERIMENT SUCCESS
[INFO] [1790444560.201900640] [leader_pid_controller]: Goal distance: 0.718 m
[INFO] [1790444560.202093970] [leader_pid_controller]: Speed: 0.006 m/s
[INFO] [1790444560.202291352] [leader_pid_controller]: Remained within 1.00 m for 5.0 simulated seconds.
[INFO] [1790444560.202544269] [leader_pid_controller]: ========================================
Traceback (most recent call last):
  File "/home/sajed/vrx_ws/install/platoon_control/lib/platoon_control/leader_pid_controller", line 33, in <module>
    sys.exit(load_entry_point('platoon-control', 'console_scripts', 'leader_pid_controller')())
             ^^^^^^^^^^^^^^^^^^^^^^^^^^^^^^^^^^^^^^^^^^^^^^^^^^^^^^^^^^^^^^^^^^^^^^^^^^^^^^^^^
  File "/home/sajed/vrx_ws/build/platoon_control/platoon_control/leader_pid_controller.py", line 2126, in main
    node.stop()
  File "/home/sajed/vrx_ws/build/platoon_control/platoon_control/leader_pid_controller.py", line 2096, in stop
    self.publish_zero_thrust()
  File "/home/sajed/vrx_ws/build/platoon_control/platoon_control/leader_pid_controller.py", line 2046, in publish_zero_thrust
    self.publish_thrusters(
  File "/home/sajed/vrx_ws/build/platoon_control/platoon_control/leader_pid_controller.py", line 2006, in publish_thrusters
    self.left_position_publisher.publish(
  File "/opt/ros/jazzy/lib/python3.12/site-packages/rclpy/publisher.py", line 70, in publish
    self.__publisher.publish(msg)
rclpy._rclpy_pybind11.RCLError: Failed to publish: publisher's context is invalid, at ./src/rcl/publisher.c:423
[ros2run]: Process exited with failure 1
