[INFO] [1790444789.816938758] [leader_pid_controller]: Leader PID controller started.
[INFO] [1790444789.817634846] [leader_pid_controller]: Control rate: 10.00 Hz
[INFO] [1790444789.818184738] [leader_pid_controller]: Controller state: TRACK
[INFO] [1790444793.891223546] [leader_pid_controller]: Controller state: TRACK
[INFO] [1790444793.891517085] [leader_pid_controller]: New reference path received: 64 waypoints.
[INFO] [1790444805.164448970] [leader_pid_controller]: Controller state: BRAKE
[INFO] [1790444805.164869391] [leader_pid_controller]: Goal braking started. Total speed=0.781 m/s, surge=0.749 m/s.
[INFO] [1790444806.192793662] [leader_pid_controller]: Controller state: HOLD
[INFO] [1790444806.193041287] [leader_pid_controller]: Boat stopped inside target zone. Speed=0.050 m/s, distance=0.777 m.
[INFO] [1790444806.193252393] [leader_pid_controller]: Holding for 5.0 simulated seconds.
[INFO] [1790444807.506280315] [leader_pid_controller]: ========================================
[INFO] [1790444807.506530762] [leader_pid_controller]: EXPERIMENT SUCCESS
[INFO] [1790444807.506734708] [leader_pid_controller]: Goal distance: 0.851 m
[INFO] [1790444807.506961230] [leader_pid_controller]: Speed: 0.011 m/s
[INFO] [1790444807.507314139] [leader_pid_controller]: Remained within 1.00 m for 5.0 simulated seconds.
[INFO] [1790444807.507579032] [leader_pid_controller]: ========================================
Traceback (most recent call last):
  File "/home/sajed/vrx_ws/install/platoon_control/lib/platoon_control/leader_pid_controller", line 33, in <module>
    sys.exit(load_entry_point('platoon-control', 'console_scripts', 'leader_pid_controller')())
             ^^^^^^^^^^^^^^^^^^^^^^^^^^^^^^^^^^^^^^^^^^^^^^^^^^^^^^^^^^^^^^^^^^^^^^^^^^^^^^^^^
  File "/home/sajed/vrx_ws/build/platoon_control/platoon_control/leader_pid_controller.py", line 2126, in main
    node.stop()
  File "/home/sajed/vrx_ws/build/platoon_control/platoon_control/leader_pid_controller.py", line 2096, in stop
    self.publish_zero_thrust()
  File "/home/sajed/vrx_ws/build/platoon_control/platoon_control/leader_pid_controller.py", line 2046, in publish_zero_thrust
    self.publish_thrusters(
  File "/home/sajed/vrx_ws/build/platoon_control/platoon_control/leader_pid_controller.py", line 2006, in publish_thrusters
    self.left_position_publisher.publish(
  File "/opt/ros/jazzy/lib/python3.12/site-packages/rclpy/publisher.py", line 70, in publish
    self.__publisher.publish(msg)
rclpy._rclpy_pybind11.RCLError: Failed to publish: publisher's context is invalid, at ./src/rcl/publisher.c:423
[ros2run]: Process exited with failure 1
