[INFO] [1790444348.724212781] [leader_pid_controller]: Leader PID controller started.
[INFO] [1790444348.724767620] [leader_pid_controller]: Control rate: 10.00 Hz
[INFO] [1790444348.725272384] [leader_pid_controller]: Controller state: TRACK
[INFO] [1790444352.766718087] [leader_pid_controller]: Controller state: TRACK
[INFO] [1790444352.766986562] [leader_pid_controller]: New reference path received: 64 waypoints.
[INFO] [1790444364.680298569] [leader_pid_controller]: Controller state: BRAKE
[INFO] [1790444364.680636500] [leader_pid_controller]: Goal braking started. Total speed=0.779 m/s, surge=0.742 m/s.
[INFO] [1790444365.932549664] [leader_pid_controller]: Controller state: HOLD
[INFO] [1790444365.932849628] [leader_pid_controller]: Boat stopped inside target zone. Speed=0.047 m/s, distance=0.951 m.
[INFO] [1790444365.933070255] [leader_pid_controller]: Holding for 5.0 simulated seconds.
[WARN] [1790444366.632770685] [leader_pid_controller]: Robot left goal tolerance during HOLD. Entering RECOVER.
[INFO] [1790444366.633308424] [leader_pid_controller]: Controller state: RECOVER
[INFO] [1790444366.633536850] [leader_pid_controller]: RECOVER mode: ALIGN
[INFO] [1790444367.380190820] [leader_pid_controller]: RECOVER alignment complete. Beginning slow approach.
[INFO] [1790444368.545582058] [leader_pid_controller]: RECOVER capture distance reached. Distance=0.736 m. Entering BRAKE.
[INFO] [1790444368.546099416] [leader_pid_controller]: Controller state: BRAKE
[INFO] [1790444368.546508558] [leader_pid_controller]: Goal braking started. Total speed=0.301 m/s, surge=0.194 m/s.
[INFO] [1790444369.524090731] [leader_pid_controller]: Controller state: HOLD
[INFO] [1790444369.524357223] [leader_pid_controller]: Boat stopped inside target zone. Speed=0.050 m/s, distance=0.770 m.
[INFO] [1790444369.524574624] [leader_pid_controller]: Holding for 5.0 simulated seconds.
[INFO] [1790444370.994233878] [leader_pid_controller]: ========================================
[INFO] [1790444370.994523443] [leader_pid_controller]: EXPERIMENT SUCCESS
[INFO] [1790444370.994728625] [leader_pid_controller]: Goal distance: 0.813 m
[INFO] [1790444370.994925526] [leader_pid_controller]: Speed: 0.022 m/s
[INFO] [1790444370.995250015] [leader_pid_controller]: Remained within 1.00 m for 5.0 simulated seconds.
[INFO] [1790444370.995545977] [leader_pid_controller]: ========================================
Traceback (most recent call last):
  File "/home/sajed/vrx_ws/install/platoon_control/lib/platoon_control/leader_pid_controller", line 33, in <module>
    sys.exit(load_entry_point('platoon-control', 'console_scripts', 'leader_pid_controller')())
             ^^^^^^^^^^^^^^^^^^^^^^^^^^^^^^^^^^^^^^^^^^^^^^^^^^^^^^^^^^^^^^^^^^^^^^^^^^^^^^^^^
  File "/home/sajed/vrx_ws/build/platoon_control/platoon_control/leader_pid_controller.py", line 2126, in main
    node.stop()
  File "/home/sajed/vrx_ws/build/platoon_control/platoon_control/leader_pid_controller.py", line 2096, in stop
    self.publish_zero_thrust()
  File "/home/sajed/vrx_ws/build/platoon_control/platoon_control/leader_pid_controller.py", line 2046, in publish_zero_thrust
    self.publish_thrusters(
  File "/home/sajed/vrx_ws/build/platoon_control/platoon_control/leader_pid_controller.py", line 2006, in publish_thrusters
    self.left_position_publisher.publish(
  File "/opt/ros/jazzy/lib/python3.12/site-packages/rclpy/publisher.py", line 70, in publish
    self.__publisher.publish(msg)
rclpy._rclpy_pybind11.RCLError: Failed to publish: publisher's context is invalid, at ./src/rcl/publisher.c:423
[ros2run]: Process exited with failure 1
