[INFO] [1790443185.262968306] [leader_pid_controller]: Leader PID controller started.
[INFO] [1790443185.263677099] [leader_pid_controller]: Control rate: 10.00 Hz
[INFO] [1790443185.264148997] [leader_pid_controller]: Controller state: TRACK
[INFO] [1790443189.018329998] [leader_pid_controller]: Controller state: TRACK
[INFO] [1790443189.018600574] [leader_pid_controller]: New reference path received: 64 waypoints.
[INFO] [1790443201.341836940] [leader_pid_controller]: Controller state: BRAKE
[INFO] [1790443201.342112136] [leader_pid_controller]: Goal braking started. Total speed=0.764 m/s, surge=0.719 m/s.
[INFO] [1790443202.704146785] [leader_pid_controller]: Boat stopped outside goal tolerance. Distance=1.445 m. Entering RECOVER.
[INFO] [1790443202.705666448] [leader_pid_controller]: Controller state: RECOVER
[INFO] [1790443202.705902121] [leader_pid_controller]: RECOVER mode: ALIGN
[INFO] [1790443203.180225471] [leader_pid_controller]: RECOVER alignment complete. Beginning slow approach.
[INFO] [1790443204.523577561] [leader_pid_controller]: RECOVER capture distance reached. Distance=0.737 m. Entering BRAKE.
[INFO] [1790443204.523985567] [leader_pid_controller]: Controller state: BRAKE
[INFO] [1790443204.524255426] [leader_pid_controller]: Goal braking started. Total speed=0.280 m/s, surge=0.202 m/s.
[INFO] [1790443205.484273534] [leader_pid_controller]: Controller state: HOLD
[INFO] [1790443205.484768436] [leader_pid_controller]: Boat stopped inside target zone. Speed=0.048 m/s, distance=0.896 m.
[INFO] [1790443205.485089986] [leader_pid_controller]: Holding for 5.0 simulated seconds.
[INFO] [1790443206.796239564] [leader_pid_controller]: ========================================
[INFO] [1790443206.796487510] [leader_pid_controller]: EXPERIMENT SUCCESS
[INFO] [1790443206.796686201] [leader_pid_controller]: Goal distance: 0.973 m
[INFO] [1790443206.796877452] [leader_pid_controller]: Speed: 0.017 m/s
[INFO] [1790443206.797085779] [leader_pid_controller]: Remained within 1.00 m for 5.0 simulated seconds.
[INFO] [1790443206.797278117] [leader_pid_controller]: ========================================
Traceback (most recent call last):
  File "/home/sajed/vrx_ws/install/platoon_control/lib/platoon_control/leader_pid_controller", line 33, in <module>
    sys.exit(load_entry_point('platoon-control', 'console_scripts', 'leader_pid_controller')())
             ^^^^^^^^^^^^^^^^^^^^^^^^^^^^^^^^^^^^^^^^^^^^^^^^^^^^^^^^^^^^^^^^^^^^^^^^^^^^^^^^^
  File "/home/sajed/vrx_ws/build/platoon_control/platoon_control/leader_pid_controller.py", line 2126, in main
    node.stop()
  File "/home/sajed/vrx_ws/build/platoon_control/platoon_control/leader_pid_controller.py", line 2096, in stop
    self.publish_zero_thrust()
  File "/home/sajed/vrx_ws/build/platoon_control/platoon_control/leader_pid_controller.py", line 2046, in publish_zero_thrust
    self.publish_thrusters(
  File "/home/sajed/vrx_ws/build/platoon_control/platoon_control/leader_pid_controller.py", line 2006, in publish_thrusters
    self.left_position_publisher.publish(
  File "/opt/ros/jazzy/lib/python3.12/site-packages/rclpy/publisher.py", line 70, in publish
    self.__publisher.publish(msg)
rclpy._rclpy_pybind11.RCLError: Failed to publish: publisher's context is invalid, at ./src/rcl/publisher.c:423
[ros2run]: Process exited with failure 1
