[INFO] [1790440660.691333263] [leader_pid_controller]: Leader PID controller started.
[INFO] [1790440660.691930045] [leader_pid_controller]: Control rate: 10.00 Hz
[INFO] [1790440660.692378250] [leader_pid_controller]: Controller state: TRACK
[INFO] [1790440664.731471897] [leader_pid_controller]: Controller state: TRACK
[INFO] [1790440664.731736208] [leader_pid_controller]: New reference path received: 64 waypoints.
[INFO] [1790440676.669644789] [leader_pid_controller]: Controller state: BRAKE
[INFO] [1790440676.669943071] [leader_pid_controller]: Goal braking started. Total speed=0.762 m/s, surge=0.684 m/s.
[INFO] [1790440678.137022824] [leader_pid_controller]: Boat stopped outside goal tolerance. Distance=1.548 m. Entering RECOVER.
[INFO] [1790440678.137506871] [leader_pid_controller]: Controller state: RECOVER
[INFO] [1790440678.137742034] [leader_pid_controller]: RECOVER mode: ALIGN
[INFO] [1790440678.725742755] [leader_pid_controller]: RECOVER alignment complete. Beginning slow approach.
[INFO] [1790440680.208125513] [leader_pid_controller]: RECOVER capture distance reached. Distance=0.739 m. Entering BRAKE.
[INFO] [1790440680.208486159] [leader_pid_controller]: Controller state: BRAKE
[INFO] [1790440680.208722513] [leader_pid_controller]: Goal braking started. Total speed=0.262 m/s, surge=0.198 m/s.
[INFO] [1790440680.894694346] [leader_pid_controller]: Controller state: HOLD
[INFO] [1790440680.894981002] [leader_pid_controller]: Boat stopped inside target zone. Speed=0.047 m/s, distance=0.842 m.
[INFO] [1790440680.895223434] [leader_pid_controller]: Holding for 5.0 simulated seconds.
[INFO] [1790440682.168383485] [leader_pid_controller]: ========================================
[INFO] [1790440682.168629790] [leader_pid_controller]: EXPERIMENT SUCCESS
[INFO] [1790440682.168835646] [leader_pid_controller]: Goal distance: 0.942 m
[INFO] [1790440682.169030291] [leader_pid_controller]: Speed: 0.004 m/s
[INFO] [1790440682.169335182] [leader_pid_controller]: Remained within 1.00 m for 5.0 simulated seconds.
[INFO] [1790440682.169592969] [leader_pid_controller]: ========================================
Traceback (most recent call last):
  File "/home/sajed/vrx_ws/install/platoon_control/lib/platoon_control/leader_pid_controller", line 33, in <module>
    sys.exit(load_entry_point('platoon-control', 'console_scripts', 'leader_pid_controller')())
             ^^^^^^^^^^^^^^^^^^^^^^^^^^^^^^^^^^^^^^^^^^^^^^^^^^^^^^^^^^^^^^^^^^^^^^^^^^^^^^^^^
  File "/home/sajed/vrx_ws/build/platoon_control/platoon_control/leader_pid_controller.py", line 2126, in main
    node.stop()
  File "/home/sajed/vrx_ws/build/platoon_control/platoon_control/leader_pid_controller.py", line 2096, in stop
    self.publish_zero_thrust()
  File "/home/sajed/vrx_ws/build/platoon_control/platoon_control/leader_pid_controller.py", line 2046, in publish_zero_thrust
    self.publish_thrusters(
  File "/home/sajed/vrx_ws/build/platoon_control/platoon_control/leader_pid_controller.py", line 2006, in publish_thrusters
    self.left_position_publisher.publish(
  File "/opt/ros/jazzy/lib/python3.12/site-packages/rclpy/publisher.py", line 70, in publish
    self.__publisher.publish(msg)
rclpy._rclpy_pybind11.RCLError: Failed to publish: publisher's context is invalid, at ./src/rcl/publisher.c:423
[ros2run]: Process exited with failure 1
