[INFO] [1790444061.933911261] [leader_pid_controller]: Leader PID controller started.
[INFO] [1790444061.934468085] [leader_pid_controller]: Control rate: 10.00 Hz
[INFO] [1790444061.935026203] [leader_pid_controller]: Controller state: TRACK
[INFO] [1790444068.636628565] [leader_pid_controller]: Controller state: TRACK
[INFO] [1790444068.636958738] [leader_pid_controller]: New reference path received: 64 waypoints.
[INFO] [1790444079.256286321] [leader_pid_controller]: Controller state: BRAKE
[INFO] [1790444079.256695078] [leader_pid_controller]: Goal braking started. Total speed=0.891 m/s, surge=0.835 m/s.
[INFO] [1790444080.670752938] [leader_pid_controller]: Boat stopped outside goal tolerance. Distance=1.542 m. Entering RECOVER.
[INFO] [1790444080.671378157] [leader_pid_controller]: Controller state: RECOVER
[INFO] [1790444080.671659229] [leader_pid_controller]: RECOVER mode: ALIGN
[INFO] [1790444081.123588172] [leader_pid_controller]: RECOVER alignment complete. Beginning slow approach.
[INFO] [1790444082.669150588] [leader_pid_controller]: RECOVER capture distance reached. Distance=0.749 m. Entering BRAKE.
[INFO] [1790444082.669664139] [leader_pid_controller]: Controller state: BRAKE
[INFO] [1790444082.669918668] [leader_pid_controller]: Goal braking started. Total speed=0.252 m/s, surge=0.223 m/s.
[INFO] [1790444083.421117653] [leader_pid_controller]: Controller state: HOLD
[INFO] [1790444083.421403510] [leader_pid_controller]: Boat stopped inside target zone. Speed=0.050 m/s, distance=0.825 m.
[INFO] [1790444083.421643273] [leader_pid_controller]: Holding for 5.0 simulated seconds.
[INFO] [1790444084.736844229] [leader_pid_controller]: ========================================
[INFO] [1790444084.737110534] [leader_pid_controller]: EXPERIMENT SUCCESS
[INFO] [1790444084.737328151] [leader_pid_controller]: Goal distance: 0.909 m
[INFO] [1790444084.737567238] [leader_pid_controller]: Speed: 0.014 m/s
[INFO] [1790444084.737783375] [leader_pid_controller]: Remained within 1.00 m for 5.0 simulated seconds.
[INFO] [1790444084.738008796] [leader_pid_controller]: ========================================
Traceback (most recent call last):
  File "/home/sajed/vrx_ws/install/platoon_control/lib/platoon_control/leader_pid_controller", line 33, in <module>
    sys.exit(load_entry_point('platoon-control', 'console_scripts', 'leader_pid_controller')())
             ^^^^^^^^^^^^^^^^^^^^^^^^^^^^^^^^^^^^^^^^^^^^^^^^^^^^^^^^^^^^^^^^^^^^^^^^^^^^^^^^^
  File "/home/sajed/vrx_ws/build/platoon_control/platoon_control/leader_pid_controller.py", line 2126, in main
    node.stop()
  File "/home/sajed/vrx_ws/build/platoon_control/platoon_control/leader_pid_controller.py", line 2096, in stop
    self.publish_zero_thrust()
  File "/home/sajed/vrx_ws/build/platoon_control/platoon_control/leader_pid_controller.py", line 2046, in publish_zero_thrust
    self.publish_thrusters(
  File "/home/sajed/vrx_ws/build/platoon_control/platoon_control/leader_pid_controller.py", line 2006, in publish_thrusters
    self.left_position_publisher.publish(
  File "/opt/ros/jazzy/lib/python3.12/site-packages/rclpy/publisher.py", line 70, in publish
    self.__publisher.publish(msg)
rclpy._rclpy_pybind11.RCLError: Failed to publish: publisher's context is invalid, at ./src/rcl/publisher.c:423
[ros2run]: Process exited with failure 1
