[INFO] [1790443977.944747670] [leader_pid_controller]: Leader PID controller started.
[INFO] [1790443977.945351368] [leader_pid_controller]: Control rate: 10.00 Hz
[INFO] [1790443977.945903982] [leader_pid_controller]: Controller state: TRACK
[INFO] [1790443983.948404732] [leader_pid_controller]: Controller state: TRACK
[INFO] [1790443983.948669338] [leader_pid_controller]: New reference path received: 64 waypoints.
[INFO] [1790443995.553144645] [leader_pid_controller]: Controller state: BRAKE
[INFO] [1790443995.553435366] [leader_pid_controller]: Goal braking started. Total speed=0.778 m/s, surge=0.743 m/s.
[INFO] [1790443996.895088063] [leader_pid_controller]: Boat stopped outside goal tolerance. Distance=1.399 m. Entering RECOVER.
[INFO] [1790443996.895579518] [leader_pid_controller]: Controller state: RECOVER
[INFO] [1790443996.895797139] [leader_pid_controller]: RECOVER mode: ALIGN
[INFO] [1790443997.300487847] [leader_pid_controller]: RECOVER alignment complete. Beginning slow approach.
[INFO] [1790443998.676340721] [leader_pid_controller]: RECOVER capture distance reached. Distance=0.743 m. Entering BRAKE.
[INFO] [1790443998.676759565] [leader_pid_controller]: Controller state: BRAKE
[INFO] [1790443998.676985328] [leader_pid_controller]: Goal braking started. Total speed=0.242 m/s, surge=0.201 m/s.
[INFO] [1790443999.207421152] [leader_pid_controller]: Controller state: HOLD
[INFO] [1790443999.207716519] [leader_pid_controller]: Boat stopped inside target zone. Speed=0.048 m/s, distance=0.782 m.
[INFO] [1790443999.207946465] [leader_pid_controller]: Holding for 5.0 simulated seconds.
[INFO] [1790444000.532677156] [leader_pid_controller]: ========================================
[INFO] [1790444000.532923048] [leader_pid_controller]: EXPERIMENT SUCCESS
[INFO] [1790444000.533165337] [leader_pid_controller]: Goal distance: 0.880 m
[INFO] [1790444000.533371827] [leader_pid_controller]: Speed: 0.006 m/s
[INFO] [1790444000.533635822] [leader_pid_controller]: Remained within 1.00 m for 5.0 simulated seconds.
[INFO] [1790444000.533865190] [leader_pid_controller]: ========================================
Traceback (most recent call last):
  File "/home/sajed/vrx_ws/install/platoon_control/lib/platoon_control/leader_pid_controller", line 33, in <module>
    sys.exit(load_entry_point('platoon-control', 'console_scripts', 'leader_pid_controller')())
             ^^^^^^^^^^^^^^^^^^^^^^^^^^^^^^^^^^^^^^^^^^^^^^^^^^^^^^^^^^^^^^^^^^^^^^^^^^^^^^^^^
  File "/home/sajed/vrx_ws/build/platoon_control/platoon_control/leader_pid_controller.py", line 2126, in main
    node.stop()
  File "/home/sajed/vrx_ws/build/platoon_control/platoon_control/leader_pid_controller.py", line 2096, in stop
    self.publish_zero_thrust()
  File "/home/sajed/vrx_ws/build/platoon_control/platoon_control/leader_pid_controller.py", line 2046, in publish_zero_thrust
    self.publish_thrusters(
  File "/home/sajed/vrx_ws/build/platoon_control/platoon_control/leader_pid_controller.py", line 2006, in publish_thrusters
    self.left_position_publisher.publish(
  File "/opt/ros/jazzy/lib/python3.12/site-packages/rclpy/publisher.py", line 70, in publish
    self.__publisher.publish(msg)
rclpy._rclpy_pybind11.RCLError: Failed to publish: publisher's context is invalid, at ./src/rcl/publisher.c:423
[ros2run]: Process exited with failure 1
