[INFO] [1790441559.992278317] [leader_pid_controller]: Leader PID controller started.
[INFO] [1790441559.992829150] [leader_pid_controller]: Control rate: 10.00 Hz
[INFO] [1790441559.993282153] [leader_pid_controller]: Controller state: TRACK
[INFO] [1790441565.933216377] [leader_pid_controller]: Controller state: TRACK
[INFO] [1790441565.933504329] [leader_pid_controller]: New reference path received: 64 waypoints.
[INFO] [1790441577.999888528] [leader_pid_controller]: Controller state: BRAKE
[INFO] [1790441578.000292364] [leader_pid_controller]: Goal braking started. Total speed=0.757 m/s, surge=0.732 m/s.
[INFO] [1790441579.213442141] [leader_pid_controller]: Boat stopped outside goal tolerance. Distance=1.395 m. Entering RECOVER.
[INFO] [1790441579.214018524] [leader_pid_controller]: Controller state: RECOVER
[INFO] [1790441579.214342312] [leader_pid_controller]: RECOVER mode: ALIGN
[INFO] [1790441579.919624378] [leader_pid_controller]: RECOVER alignment complete. Beginning slow approach.
[INFO] [1790441581.186580579] [leader_pid_controller]: RECOVER capture distance reached. Distance=0.743 m. Entering BRAKE.
[INFO] [1790441581.187137834] [leader_pid_controller]: Controller state: BRAKE
[INFO] [1790441581.187427569] [leader_pid_controller]: Goal braking started. Total speed=0.253 m/s, surge=0.202 m/s.
[INFO] [1790441582.043219478] [leader_pid_controller]: Controller state: HOLD
[INFO] [1790441582.043502398] [leader_pid_controller]: Boat stopped inside target zone. Speed=0.050 m/s, distance=0.885 m.
[INFO] [1790441582.043727091] [leader_pid_controller]: Holding for 5.0 simulated seconds.
[INFO] [1790441583.346745759] [leader_pid_controller]: ========================================
[INFO] [1790441583.347050623] [leader_pid_controller]: EXPERIMENT SUCCESS
[INFO] [1790441583.347258054] [leader_pid_controller]: Goal distance: 0.966 m
[INFO] [1790441583.347498805] [leader_pid_controller]: Speed: 0.016 m/s
[INFO] [1790441583.347707228] [leader_pid_controller]: Remained within 1.00 m for 5.0 simulated seconds.
[INFO] [1790441583.347925534] [leader_pid_controller]: ========================================
