[INFO] [1790440687.349380324] [leader_pid_controller]: Leader PID controller started.
[INFO] [1790440687.349906094] [leader_pid_controller]: Control rate: 10.00 Hz
[INFO] [1790440687.350346212] [leader_pid_controller]: Controller state: TRACK
[INFO] [1790440692.610970224] [leader_pid_controller]: Controller state: TRACK
[INFO] [1790440692.611255018] [leader_pid_controller]: New reference path received: 41 waypoints.
[INFO] [1790440699.864760709] [leader_pid_controller]: Controller state: BRAKE
[INFO] [1790440699.865044830] [leader_pid_controller]: Goal braking started. Total speed=0.747 m/s, surge=0.745 m/s.
[INFO] [1790440700.980084744] [leader_pid_controller]: Boat stopped outside goal tolerance. Distance=1.337 m. Entering RECOVER.
[INFO] [1790440700.980576889] [leader_pid_controller]: Controller state: RECOVER
[INFO] [1790440700.980800860] [leader_pid_controller]: RECOVER mode: ALIGN
[INFO] [1790440701.005830199] [leader_pid_controller]: RECOVER alignment complete. Beginning slow approach.
[INFO] [1790440701.946958076] [leader_pid_controller]: RECOVER capture distance reached. Distance=0.742 m. Entering BRAKE.
[INFO] [1790440701.947487182] [leader_pid_controller]: Controller state: BRAKE
[INFO] [1790440701.947810508] [leader_pid_controller]: Goal braking started. Total speed=0.248 m/s, surge=0.201 m/s.
[INFO] [1790440702.456503044] [leader_pid_controller]: Controller state: HOLD
[INFO] [1790440702.456824783] [leader_pid_controller]: Boat stopped inside target zone. Speed=0.050 m/s, distance=0.780 m.
[INFO] [1790440702.457207843] [leader_pid_controller]: Holding for 5.0 simulated seconds.
[INFO] [1790440703.728829080] [leader_pid_controller]: ========================================
[INFO] [1790440703.729070169] [leader_pid_controller]: EXPERIMENT SUCCESS
[INFO] [1790440703.729268392] [leader_pid_controller]: Goal distance: 0.891 m
[INFO] [1790440703.729467299] [leader_pid_controller]: Speed: 0.008 m/s
[INFO] [1790440703.729764612] [leader_pid_controller]: Remained within 1.00 m for 5.0 simulated seconds.
[INFO] [1790440703.730010834] [leader_pid_controller]: ========================================
Traceback (most recent call last):
  File "/home/sajed/vrx_ws/install/platoon_control/lib/platoon_control/leader_pid_controller", line 33, in <module>
    sys.exit(load_entry_point('platoon-control', 'console_scripts', 'leader_pid_controller')())
             ^^^^^^^^^^^^^^^^^^^^^^^^^^^^^^^^^^^^^^^^^^^^^^^^^^^^^^^^^^^^^^^^^^^^^^^^^^^^^^^^^
  File "/home/sajed/vrx_ws/build/platoon_control/platoon_control/leader_pid_controller.py", line 2126, in main
    node.stop()
  File "/home/sajed/vrx_ws/build/platoon_control/platoon_control/leader_pid_controller.py", line 2096, in stop
    self.publish_zero_thrust()
  File "/home/sajed/vrx_ws/build/platoon_control/platoon_control/leader_pid_controller.py", line 2046, in publish_zero_thrust
    self.publish_thrusters(
  File "/home/sajed/vrx_ws/build/platoon_control/platoon_control/leader_pid_controller.py", line 2006, in publish_thrusters
    self.left_position_publisher.publish(
  File "/opt/ros/jazzy/lib/python3.12/site-packages/rclpy/publisher.py", line 70, in publish
    self.__publisher.publish(msg)
rclpy._rclpy_pybind11.RCLError: Failed to publish: publisher's context is invalid, at ./src/rcl/publisher.c:423
[ros2run]: Process exited with failure 1
