[INFO] [1790440889.069549950] [leader_pid_controller]: Leader PID controller started.
[INFO] [1790440889.070154951] [leader_pid_controller]: Control rate: 10.00 Hz
[INFO] [1790440889.070611364] [leader_pid_controller]: Controller state: TRACK
[INFO] [1790440893.093779406] [leader_pid_controller]: Controller state: TRACK
[INFO] [1790440893.094133002] [leader_pid_controller]: New reference path received: 41 waypoints.
[INFO] [1790440901.128933410] [leader_pid_controller]: Controller state: BRAKE
[INFO] [1790440901.129195610] [leader_pid_controller]: Goal braking started. Total speed=0.749 m/s, surge=0.744 m/s.
[INFO] [1790440902.347709345] [leader_pid_controller]: Boat stopped outside goal tolerance. Distance=1.351 m. Entering RECOVER.
[INFO] [1790440902.348288417] [leader_pid_controller]: Controller state: RECOVER
[INFO] [1790440902.348533952] [leader_pid_controller]: RECOVER mode: ALIGN
[INFO] [1790440902.834753323] [leader_pid_controller]: RECOVER alignment complete. Beginning slow approach.
[INFO] [1790440903.974345277] [leader_pid_controller]: RECOVER capture distance reached. Distance=0.733 m. Entering BRAKE.
[INFO] [1790440903.974853949] [leader_pid_controller]: Controller state: BRAKE
[INFO] [1790440903.975097450] [leader_pid_controller]: Goal braking started. Total speed=0.224 m/s, surge=0.203 m/s.
[INFO] [1790440904.512798876] [leader_pid_controller]: Controller state: HOLD
[INFO] [1790440904.513066794] [leader_pid_controller]: Boat stopped inside target zone. Speed=0.045 m/s, distance=0.783 m.
[INFO] [1790440904.513281253] [leader_pid_controller]: Holding for 5.0 simulated seconds.
[INFO] [1790440905.826950873] [leader_pid_controller]: ========================================
[INFO] [1790440905.827200857] [leader_pid_controller]: EXPERIMENT SUCCESS
[INFO] [1790440905.827420091] [leader_pid_controller]: Goal distance: 0.877 m
[INFO] [1790440905.827627426] [leader_pid_controller]: Speed: 0.011 m/s
[INFO] [1790440905.827857198] [leader_pid_controller]: Remained within 1.00 m for 5.0 simulated seconds.
[INFO] [1790440905.828060080] [leader_pid_controller]: ========================================
Traceback (most recent call last):
  File "/home/sajed/vrx_ws/install/platoon_control/lib/platoon_control/leader_pid_controller", line 33, in <module>
    sys.exit(load_entry_point('platoon-control', 'console_scripts', 'leader_pid_controller')())
             ^^^^^^^^^^^^^^^^^^^^^^^^^^^^^^^^^^^^^^^^^^^^^^^^^^^^^^^^^^^^^^^^^^^^^^^^^^^^^^^^^
  File "/home/sajed/vrx_ws/build/platoon_control/platoon_control/leader_pid_controller.py", line 2126, in main
    node.stop()
  File "/home/sajed/vrx_ws/build/platoon_control/platoon_control/leader_pid_controller.py", line 2096, in stop
    self.publish_zero_thrust()
  File "/home/sajed/vrx_ws/build/platoon_control/platoon_control/leader_pid_controller.py", line 2046, in publish_zero_thrust
    self.publish_thrusters(
  File "/home/sajed/vrx_ws/build/platoon_control/platoon_control/leader_pid_controller.py", line 2006, in publish_thrusters
    self.left_position_publisher.publish(
  File "/opt/ros/jazzy/lib/python3.12/site-packages/rclpy/publisher.py", line 70, in publish
    self.__publisher.publish(msg)
rclpy._rclpy_pybind11.RCLError: Failed to publish: publisher's context is invalid, at ./src/rcl/publisher.c:423
[ros2run]: Process exited with failure 1
