[INFO] [1790441122.306085872] [leader_pid_controller]: Leader PID controller started.
[INFO] [1790441122.307606931] [leader_pid_controller]: Control rate: 10.00 Hz
[INFO] [1790441122.308759864] [leader_pid_controller]: Controller state: TRACK
[INFO] [1790441126.366396658] [leader_pid_controller]: Controller state: TRACK
[INFO] [1790441126.366690607] [leader_pid_controller]: New reference path received: 41 waypoints.
[INFO] [1790441133.731288656] [leader_pid_controller]: Controller state: BRAKE
[INFO] [1790441133.731569289] [leader_pid_controller]: Goal braking started. Total speed=0.747 m/s, surge=0.745 m/s.
[INFO] [1790441134.873026640] [leader_pid_controller]: Boat stopped outside goal tolerance. Distance=1.329 m. Entering RECOVER.
[INFO] [1790441134.873430360] [leader_pid_controller]: Controller state: RECOVER
[INFO] [1790441134.873647218] [leader_pid_controller]: RECOVER mode: ALIGN
[INFO] [1790441134.898433860] [leader_pid_controller]: RECOVER alignment complete. Beginning slow approach.
[INFO] [1790441135.798232829] [leader_pid_controller]: RECOVER capture distance reached. Distance=0.745 m. Entering BRAKE.
[INFO] [1790441135.798854434] [leader_pid_controller]: Controller state: BRAKE
[INFO] [1790441135.799096042] [leader_pid_controller]: Goal braking started. Total speed=0.216 m/s, surge=0.207 m/s.
[INFO] [1790441136.309526955] [leader_pid_controller]: Controller state: HOLD
[INFO] [1790441136.309786435] [leader_pid_controller]: Boat stopped inside target zone. Speed=0.044 m/s, distance=0.768 m.
[INFO] [1790441136.309985525] [leader_pid_controller]: Holding for 5.0 simulated seconds.
[INFO] [1790441137.597285409] [leader_pid_controller]: ========================================
[INFO] [1790441137.597520515] [leader_pid_controller]: EXPERIMENT SUCCESS
[INFO] [1790441137.597726823] [leader_pid_controller]: Goal distance: 0.856 m
[INFO] [1790441137.597964810] [leader_pid_controller]: Speed: 0.009 m/s
[INFO] [1790441137.598197645] [leader_pid_controller]: Remained within 1.00 m for 5.0 simulated seconds.
[INFO] [1790441137.598421351] [leader_pid_controller]: ========================================
Traceback (most recent call last):
  File "/home/sajed/vrx_ws/install/platoon_control/lib/platoon_control/leader_pid_controller", line 33, in <module>
    sys.exit(load_entry_point('platoon-control', 'console_scripts', 'leader_pid_controller')())
             ^^^^^^^^^^^^^^^^^^^^^^^^^^^^^^^^^^^^^^^^^^^^^^^^^^^^^^^^^^^^^^^^^^^^^^^^^^^^^^^^^
  File "/home/sajed/vrx_ws/build/platoon_control/platoon_control/leader_pid_controller.py", line 2126, in main
    node.stop()
  File "/home/sajed/vrx_ws/build/platoon_control/platoon_control/leader_pid_controller.py", line 2096, in stop
    self.publish_zero_thrust()
  File "/home/sajed/vrx_ws/build/platoon_control/platoon_control/leader_pid_controller.py", line 2046, in publish_zero_thrust
    self.publish_thrusters(
  File "/home/sajed/vrx_ws/build/platoon_control/platoon_control/leader_pid_controller.py", line 2006, in publish_thrusters
    self.left_position_publisher.publish(
  File "/opt/ros/jazzy/lib/python3.12/site-packages/rclpy/publisher.py", line 70, in publish
    self.__publisher.publish(msg)
rclpy._rclpy_pybind11.RCLError: Failed to publish: publisher's context is invalid, at ./src/rcl/publisher.c:423
[ros2run]: Process exited with failure 1
