[INFO] [1790443361.569403194] [leader_pid_controller]: Leader PID controller started.
[INFO] [1790443361.570007466] [leader_pid_controller]: Control rate: 10.00 Hz
[INFO] [1790443361.570486920] [leader_pid_controller]: Controller state: TRACK
[INFO] [1790443366.262768010] [leader_pid_controller]: Controller state: TRACK
[INFO] [1790443366.263025101] [leader_pid_controller]: New reference path received: 64 waypoints.
[INFO] [1790443378.188438590] [leader_pid_controller]: Controller state: BRAKE
[INFO] [1790443378.188740228] [leader_pid_controller]: Goal braking started. Total speed=0.757 m/s, surge=0.731 m/s.
[INFO] [1790443379.502320103] [leader_pid_controller]: Boat stopped outside goal tolerance. Distance=1.428 m. Entering RECOVER.
[INFO] [1790443379.503119614] [leader_pid_controller]: Controller state: RECOVER
[INFO] [1790443379.503408272] [leader_pid_controller]: RECOVER mode: ALIGN
[INFO] [1790443379.910073417] [leader_pid_controller]: RECOVER alignment complete. Beginning slow approach.
[INFO] [1790443381.176945909] [leader_pid_controller]: RECOVER capture distance reached. Distance=0.735 m. Entering BRAKE.
[INFO] [1790443381.177403957] [leader_pid_controller]: Controller state: BRAKE
[INFO] [1790443381.177637949] [leader_pid_controller]: Goal braking started. Total speed=0.278 m/s, surge=0.194 m/s.
[INFO] [1790443381.904790072] [leader_pid_controller]: Controller state: HOLD
[INFO] [1790443381.905054934] [leader_pid_controller]: Boat stopped inside target zone. Speed=0.049 m/s, distance=0.847 m.
[INFO] [1790443381.905271680] [leader_pid_controller]: Holding for 5.0 simulated seconds.
[INFO] [1790443383.279868810] [leader_pid_controller]: ========================================
[INFO] [1790443383.280137148] [leader_pid_controller]: EXPERIMENT SUCCESS
[INFO] [1790443383.280349560] [leader_pid_controller]: Goal distance: 0.945 m
[INFO] [1790443383.280587232] [leader_pid_controller]: Speed: 0.005 m/s
[INFO] [1790443383.280828658] [leader_pid_controller]: Remained within 1.00 m for 5.0 simulated seconds.
[INFO] [1790443383.281053745] [leader_pid_controller]: ========================================
Traceback (most recent call last):
  File "/home/sajed/vrx_ws/install/platoon_control/lib/platoon_control/leader_pid_controller", line 33, in <module>
    sys.exit(load_entry_point('platoon-control', 'console_scripts', 'leader_pid_controller')())
             ^^^^^^^^^^^^^^^^^^^^^^^^^^^^^^^^^^^^^^^^^^^^^^^^^^^^^^^^^^^^^^^^^^^^^^^^^^^^^^^^^
  File "/home/sajed/vrx_ws/build/platoon_control/platoon_control/leader_pid_controller.py", line 2126, in main
    node.stop()
  File "/home/sajed/vrx_ws/build/platoon_control/platoon_control/leader_pid_controller.py", line 2096, in stop
    self.publish_zero_thrust()
  File "/home/sajed/vrx_ws/build/platoon_control/platoon_control/leader_pid_controller.py", line 2046, in publish_zero_thrust
    self.publish_thrusters(
  File "/home/sajed/vrx_ws/build/platoon_control/platoon_control/leader_pid_controller.py", line 2006, in publish_thrusters
    self.left_position_publisher.publish(
  File "/opt/ros/jazzy/lib/python3.12/site-packages/rclpy/publisher.py", line 70, in publish
    self.__publisher.publish(msg)
rclpy._rclpy_pybind11.RCLError: Failed to publish: publisher's context is invalid, at ./src/rcl/publisher.c:423
[ros2run]: Process exited with failure 1
