[INFO] [1790444115.327441408] [leader_pid_controller]: Leader PID controller started.
[INFO] [1790444115.328022491] [leader_pid_controller]: Control rate: 10.00 Hz
[INFO] [1790444115.328518849] [leader_pid_controller]: Controller state: TRACK
[INFO] [1790444119.990524919] [leader_pid_controller]: Controller state: TRACK
[INFO] [1790444119.990780304] [leader_pid_controller]: New reference path received: 64 waypoints.
[INFO] [1790444131.817261840] [leader_pid_controller]: Controller state: BRAKE
[INFO] [1790444131.817780306] [leader_pid_controller]: Goal braking started. Total speed=0.779 m/s, surge=0.743 m/s.
[INFO] [1790444133.019466923] [leader_pid_controller]: Controller state: HOLD
[INFO] [1790444133.019740695] [leader_pid_controller]: Boat stopped inside target zone. Speed=0.050 m/s, distance=0.925 m.
[INFO] [1790444133.019966216] [leader_pid_controller]: Holding for 5.0 simulated seconds.
[WARN] [1790444134.257119307] [leader_pid_controller]: Robot left goal tolerance during HOLD. Entering RECOVER.
[INFO] [1790444134.257561369] [leader_pid_controller]: Controller state: RECOVER
[INFO] [1790444134.257778110] [leader_pid_controller]: RECOVER mode: ALIGN
[INFO] [1790444135.153600962] [leader_pid_controller]: RECOVER alignment complete. Beginning slow approach.
[INFO] [1790444136.321193535] [leader_pid_controller]: RECOVER capture distance reached. Distance=0.744 m. Entering BRAKE.
[INFO] [1790444136.321568958] [leader_pid_controller]: Controller state: BRAKE
[INFO] [1790444136.321790002] [leader_pid_controller]: Goal braking started. Total speed=0.278 m/s, surge=0.188 m/s.
[INFO] [1790444137.201033813] [leader_pid_controller]: Controller state: HOLD
[INFO] [1790444137.201295980] [leader_pid_controller]: Boat stopped inside target zone. Speed=0.047 m/s, distance=0.742 m.
[INFO] [1790444137.201503397] [leader_pid_controller]: Holding for 5.0 simulated seconds.
[INFO] [1790444138.571957143] [leader_pid_controller]: ========================================
[INFO] [1790444138.572229557] [leader_pid_controller]: EXPERIMENT SUCCESS
[INFO] [1790444138.572441371] [leader_pid_controller]: Goal distance: 0.783 m
[INFO] [1790444138.572639411] [leader_pid_controller]: Speed: 0.010 m/s
[INFO] [1790444138.572852631] [leader_pid_controller]: Remained within 1.00 m for 5.0 simulated seconds.
[INFO] [1790444138.573114693] [leader_pid_controller]: ========================================
Traceback (most recent call last):
  File "/home/sajed/vrx_ws/install/platoon_control/lib/platoon_control/leader_pid_controller", line 33, in <module>
    sys.exit(load_entry_point('platoon-control', 'console_scripts', 'leader_pid_controller')())
             ^^^^^^^^^^^^^^^^^^^^^^^^^^^^^^^^^^^^^^^^^^^^^^^^^^^^^^^^^^^^^^^^^^^^^^^^^^^^^^^^^
  File "/home/sajed/vrx_ws/build/platoon_control/platoon_control/leader_pid_controller.py", line 2126, in main
    node.stop()
  File "/home/sajed/vrx_ws/build/platoon_control/platoon_control/leader_pid_controller.py", line 2096, in stop
    self.publish_zero_thrust()
  File "/home/sajed/vrx_ws/build/platoon_control/platoon_control/leader_pid_controller.py", line 2046, in publish_zero_thrust
    self.publish_thrusters(
  File "/home/sajed/vrx_ws/build/platoon_control/platoon_control/leader_pid_controller.py", line 2006, in publish_thrusters
    self.left_position_publisher.publish(
  File "/opt/ros/jazzy/lib/python3.12/site-packages/rclpy/publisher.py", line 70, in publish
    self.__publisher.publish(msg)
rclpy._rclpy_pybind11.RCLError: Failed to publish: publisher's context is invalid, at ./src/rcl/publisher.c:423
[ros2run]: Process exited with failure 1
