[INFO] [1790441813.626476378] [leader_pid_controller]: Leader PID controller started.
[INFO] [1790441813.627747175] [leader_pid_controller]: Control rate: 10.00 Hz
[INFO] [1790441813.628801493] [leader_pid_controller]: Controller state: TRACK
[INFO] [1790441818.338063570] [leader_pid_controller]: Controller state: TRACK
[INFO] [1790441818.338346146] [leader_pid_controller]: New reference path received: 64 waypoints.
[INFO] [1790441831.627717738] [leader_pid_controller]: Controller state: BRAKE
[INFO] [1790441831.628025629] [leader_pid_controller]: Goal braking started. Total speed=0.780 m/s, surge=0.665 m/s.
[INFO] [1790441833.091734589] [leader_pid_controller]: Boat stopped outside goal tolerance. Distance=1.848 m. Entering RECOVER.
[INFO] [1790441833.092252277] [leader_pid_controller]: Controller state: RECOVER
[INFO] [1790441833.092477807] [leader_pid_controller]: RECOVER mode: ALIGN
[INFO] [1790441834.594466822] [leader_pid_controller]: RECOVER alignment complete. Beginning slow approach.
[INFO] [1790441836.918193499] [leader_pid_controller]: RECOVER capture distance reached. Distance=0.749 m. Entering BRAKE.
[INFO] [1790441836.918569170] [leader_pid_controller]: Controller state: BRAKE
[INFO] [1790441836.918798124] [leader_pid_controller]: Goal braking started. Total speed=0.238 m/s, surge=0.209 m/s.
[INFO] [1790441837.447195453] [leader_pid_controller]: Controller state: HOLD
[INFO] [1790441837.447483096] [leader_pid_controller]: Boat stopped inside target zone. Speed=0.050 m/s, distance=0.803 m.
[INFO] [1790441837.447713973] [leader_pid_controller]: Holding for 5.0 simulated seconds.
[INFO] [1790441838.806781722] [leader_pid_controller]: ========================================
[INFO] [1790441838.807103430] [leader_pid_controller]: EXPERIMENT SUCCESS
[INFO] [1790441838.807366537] [leader_pid_controller]: Goal distance: 0.932 m
[INFO] [1790441838.807596213] [leader_pid_controller]: Speed: 0.008 m/s
[INFO] [1790441838.807827383] [leader_pid_controller]: Remained within 1.00 m for 5.0 simulated seconds.
[INFO] [1790441838.808126642] [leader_pid_controller]: ========================================
Traceback (most recent call last):
  File "/home/sajed/vrx_ws/install/platoon_control/lib/platoon_control/leader_pid_controller", line 33, in <module>
    sys.exit(load_entry_point('platoon-control', 'console_scripts', 'leader_pid_controller')())
             ^^^^^^^^^^^^^^^^^^^^^^^^^^^^^^^^^^^^^^^^^^^^^^^^^^^^^^^^^^^^^^^^^^^^^^^^^^^^^^^^^
  File "/home/sajed/vrx_ws/build/platoon_control/platoon_control/leader_pid_controller.py", line 2126, in main
    node.stop()
  File "/home/sajed/vrx_ws/build/platoon_control/platoon_control/leader_pid_controller.py", line 2096, in stop
    self.publish_zero_thrust()
  File "/home/sajed/vrx_ws/build/platoon_control/platoon_control/leader_pid_controller.py", line 2046, in publish_zero_thrust
    self.publish_thrusters(
  File "/home/sajed/vrx_ws/build/platoon_control/platoon_control/leader_pid_controller.py", line 2006, in publish_thrusters
    self.left_position_publisher.publish(
  File "/opt/ros/jazzy/lib/python3.12/site-packages/rclpy/publisher.py", line 70, in publish
    self.__publisher.publish(msg)
rclpy._rclpy_pybind11.RCLError: Failed to publish: publisher's context is invalid, at ./src/rcl/publisher.c:423
[ros2run]: Process exited with failure 1
