[INFO] [1790444859.119252895] [leader_pid_controller]: Leader PID controller started.
[INFO] [1790444859.120207057] [leader_pid_controller]: Control rate: 10.00 Hz
[INFO] [1790444859.120727732] [leader_pid_controller]: Controller state: TRACK
[INFO] [1790444863.134188104] [leader_pid_controller]: Controller state: TRACK
[INFO] [1790444863.134448345] [leader_pid_controller]: New reference path received: 41 waypoints.
[INFO] [1790444870.825000703] [leader_pid_controller]: Controller state: BRAKE
[INFO] [1790444870.825270744] [leader_pid_controller]: Goal braking started. Total speed=0.781 m/s, surge=0.779 m/s.
[INFO] [1790444871.151403263] [leader_pid_controller]: Controller state: HOLD
[INFO] [1790444871.151689225] [leader_pid_controller]: Boat stopped inside target zone. Speed=0.047 m/s, distance=0.599 m.
[INFO] [1790444871.151919791] [leader_pid_controller]: Holding for 5.0 simulated seconds.
[INFO] [1790444872.498780825] [leader_pid_controller]: ========================================
[INFO] [1790444872.499030618] [leader_pid_controller]: EXPERIMENT SUCCESS
[INFO] [1790444872.499238928] [leader_pid_controller]: Goal distance: 0.681 m
[INFO] [1790444872.499490203] [leader_pid_controller]: Speed: 0.001 m/s
[INFO] [1790444872.499730583] [leader_pid_controller]: Remained within 1.00 m for 5.0 simulated seconds.
[INFO] [1790444872.499980488] [leader_pid_controller]: ========================================
Traceback (most recent call last):
  File "/home/sajed/vrx_ws/install/platoon_control/lib/platoon_control/leader_pid_controller", line 33, in <module>
    sys.exit(load_entry_point('platoon-control', 'console_scripts', 'leader_pid_controller')())
             ^^^^^^^^^^^^^^^^^^^^^^^^^^^^^^^^^^^^^^^^^^^^^^^^^^^^^^^^^^^^^^^^^^^^^^^^^^^^^^^^^
  File "/home/sajed/vrx_ws/build/platoon_control/platoon_control/leader_pid_controller.py", line 2126, in main
    node.stop()
  File "/home/sajed/vrx_ws/build/platoon_control/platoon_control/leader_pid_controller.py", line 2096, in stop
    self.publish_zero_thrust()
  File "/home/sajed/vrx_ws/build/platoon_control/platoon_control/leader_pid_controller.py", line 2046, in publish_zero_thrust
    self.publish_thrusters(
  File "/home/sajed/vrx_ws/build/platoon_control/platoon_control/leader_pid_controller.py", line 2006, in publish_thrusters
    self.left_position_publisher.publish(
  File "/opt/ros/jazzy/lib/python3.12/site-packages/rclpy/publisher.py", line 70, in publish
    self.__publisher.publish(msg)
rclpy._rclpy_pybind11.RCLError: Failed to publish: publisher's context is invalid, at ./src/rcl/publisher.c:423
[ros2run]: Process exited with failure 1
