[INFO] [1790443763.088043821] [leader_pid_controller]: Leader PID controller started.
[INFO] [1790443763.088726441] [leader_pid_controller]: Control rate: 10.00 Hz
[INFO] [1790443763.089281136] [leader_pid_controller]: Controller state: TRACK
[INFO] [1790443767.747412423] [leader_pid_controller]: Controller state: TRACK
[INFO] [1790443767.747674969] [leader_pid_controller]: New reference path received: 64 waypoints.
[INFO] [1790443777.133327186] [leader_pid_controller]: Controller state: BRAKE
[INFO] [1790443777.133583952] [leader_pid_controller]: Goal braking started. Total speed=1.031 m/s, surge=0.948 m/s.
[INFO] [1790443778.748690623] [leader_pid_controller]: Boat stopped outside goal tolerance. Distance=1.757 m. Entering RECOVER.
[INFO] [1790443778.749174717] [leader_pid_controller]: Controller state: RECOVER
[INFO] [1790443778.749393881] [leader_pid_controller]: RECOVER mode: ALIGN
[INFO] [1790443779.250045105] [leader_pid_controller]: RECOVER alignment complete. Beginning slow approach.
[INFO] [1790443780.969788690] [leader_pid_controller]: RECOVER capture distance reached. Distance=0.729 m. Entering BRAKE.
[INFO] [1790443780.970138418] [leader_pid_controller]: Controller state: BRAKE
[INFO] [1790443780.970362932] [leader_pid_controller]: Goal braking started. Total speed=0.280 m/s, surge=0.259 m/s.
[INFO] [1790443781.504201764] [leader_pid_controller]: Controller state: HOLD
[INFO] [1790443781.504469842] [leader_pid_controller]: Boat stopped inside target zone. Speed=0.046 m/s, distance=0.772 m.
[INFO] [1790443781.504691923] [leader_pid_controller]: Holding for 5.0 simulated seconds.
[INFO] [1790443782.827316804] [leader_pid_controller]: ========================================
[INFO] [1790443782.827554021] [leader_pid_controller]: EXPERIMENT SUCCESS
[INFO] [1790443782.827750779] [leader_pid_controller]: Goal distance: 0.889 m
[INFO] [1790443782.827946100] [leader_pid_controller]: Speed: 0.006 m/s
[INFO] [1790443782.828181998] [leader_pid_controller]: Remained within 1.00 m for 5.0 simulated seconds.
[INFO] [1790443782.828397539] [leader_pid_controller]: ========================================
Traceback (most recent call last):
  File "/home/sajed/vrx_ws/install/platoon_control/lib/platoon_control/leader_pid_controller", line 33, in <module>
    sys.exit(load_entry_point('platoon-control', 'console_scripts', 'leader_pid_controller')())
             ^^^^^^^^^^^^^^^^^^^^^^^^^^^^^^^^^^^^^^^^^^^^^^^^^^^^^^^^^^^^^^^^^^^^^^^^^^^^^^^^^
  File "/home/sajed/vrx_ws/build/platoon_control/platoon_control/leader_pid_controller.py", line 2126, in main
    node.stop()
  File "/home/sajed/vrx_ws/build/platoon_control/platoon_control/leader_pid_controller.py", line 2096, in stop
    self.publish_zero_thrust()
  File "/home/sajed/vrx_ws/build/platoon_control/platoon_control/leader_pid_controller.py", line 2046, in publish_zero_thrust
    self.publish_thrusters(
  File "/home/sajed/vrx_ws/build/platoon_control/platoon_control/leader_pid_controller.py", line 2006, in publish_thrusters
    self.left_position_publisher.publish(
  File "/opt/ros/jazzy/lib/python3.12/site-packages/rclpy/publisher.py", line 70, in publish
    self.__publisher.publish(msg)
rclpy._rclpy_pybind11.RCLError: Failed to publish: publisher's context is invalid, at ./src/rcl/publisher.c:423
[ros2run]: Process exited with failure 1
