[INFO] [1790440401.979187812] [leader_pid_controller]: Leader PID controller started.
[INFO] [1790440401.979849528] [leader_pid_controller]: Control rate: 10.00 Hz
[INFO] [1790440401.980306514] [leader_pid_controller]: Controller state: TRACK
[INFO] [1790440407.936787663] [leader_pid_controller]: Controller state: TRACK
[INFO] [1790440407.937079846] [leader_pid_controller]: New reference path received: 64 waypoints.
[INFO] [1790440420.240163473] [leader_pid_controller]: Controller state: BRAKE
[INFO] [1790440420.240471409] [leader_pid_controller]: Goal braking started. Total speed=0.761 m/s, surge=0.688 m/s.
[INFO] [1790440421.719828978] [leader_pid_controller]: Boat stopped outside goal tolerance. Distance=1.548 m. Entering RECOVER.
[INFO] [1790440421.720358725] [leader_pid_controller]: Controller state: RECOVER
[INFO] [1790440421.720571585] [leader_pid_controller]: RECOVER mode: ALIGN
[INFO] [1790440422.300847799] [leader_pid_controller]: RECOVER alignment complete. Beginning slow approach.
[INFO] [1790440423.770851631] [leader_pid_controller]: RECOVER capture distance reached. Distance=0.738 m. Entering BRAKE.
[INFO] [1790440423.771213516] [leader_pid_controller]: Controller state: BRAKE
[INFO] [1790440423.771442773] [leader_pid_controller]: Goal braking started. Total speed=0.262 m/s, surge=0.196 m/s.
[INFO] [1790440424.462670844] [leader_pid_controller]: Controller state: HOLD
[INFO] [1790440424.462936333] [leader_pid_controller]: Boat stopped inside target zone. Speed=0.046 m/s, distance=0.839 m.
[INFO] [1790440424.463133088] [leader_pid_controller]: Holding for 5.0 simulated seconds.
[INFO] [1790440425.743466351] [leader_pid_controller]: ========================================
[INFO] [1790440425.743734051] [leader_pid_controller]: EXPERIMENT SUCCESS
[INFO] [1790440425.743936959] [leader_pid_controller]: Goal distance: 0.938 m
[INFO] [1790440425.744131132] [leader_pid_controller]: Speed: 0.004 m/s
[INFO] [1790440425.744329212] [leader_pid_controller]: Remained within 1.00 m for 5.0 simulated seconds.
[INFO] [1790440425.744567353] [leader_pid_controller]: ========================================
Traceback (most recent call last):
  File "/home/sajed/vrx_ws/install/platoon_control/lib/platoon_control/leader_pid_controller", line 33, in <module>
    sys.exit(load_entry_point('platoon-control', 'console_scripts', 'leader_pid_controller')())
             ^^^^^^^^^^^^^^^^^^^^^^^^^^^^^^^^^^^^^^^^^^^^^^^^^^^^^^^^^^^^^^^^^^^^^^^^^^^^^^^^^
  File "/home/sajed/vrx_ws/build/platoon_control/platoon_control/leader_pid_controller.py", line 2126, in main
    node.stop()
  File "/home/sajed/vrx_ws/build/platoon_control/platoon_control/leader_pid_controller.py", line 2096, in stop
    self.publish_zero_thrust()
  File "/home/sajed/vrx_ws/build/platoon_control/platoon_control/leader_pid_controller.py", line 2046, in publish_zero_thrust
    self.publish_thrusters(
  File "/home/sajed/vrx_ws/build/platoon_control/platoon_control/leader_pid_controller.py", line 2006, in publish_thrusters
    self.left_position_publisher.publish(
  File "/opt/ros/jazzy/lib/python3.12/site-packages/rclpy/publisher.py", line 70, in publish
    self.__publisher.publish(msg)
rclpy._rclpy_pybind11.RCLError: Failed to publish: publisher's context is invalid, at ./src/rcl/publisher.c:423
[ros2run]: Process exited with failure 1
