[INFO] [1790443922.772958382] [leader_pid_controller]: Leader PID controller started.
[INFO] [1790443922.773581823] [leader_pid_controller]: Control rate: 10.00 Hz
[INFO] [1790443922.774262254] [leader_pid_controller]: Controller state: TRACK
[INFO] [1790443926.821028105] [leader_pid_controller]: Controller state: TRACK
[INFO] [1790443926.821310609] [leader_pid_controller]: New reference path received: 64 waypoints.
[INFO] [1790443938.103634172] [leader_pid_controller]: Controller state: BRAKE
[INFO] [1790443938.103915169] [leader_pid_controller]: Goal braking started. Total speed=0.852 m/s, surge=0.807 m/s.
[INFO] [1790443939.615931253] [leader_pid_controller]: Boat stopped outside goal tolerance. Distance=1.511 m. Entering RECOVER.
[INFO] [1790443939.616434757] [leader_pid_controller]: Controller state: RECOVER
[INFO] [1790443939.616672227] [leader_pid_controller]: RECOVER mode: ALIGN
[INFO] [1790443940.014567536] [leader_pid_controller]: RECOVER alignment complete. Beginning slow approach.
[INFO] [1790443941.501038242] [leader_pid_controller]: RECOVER capture distance reached. Distance=0.741 m. Entering BRAKE.
[INFO] [1790443941.501392377] [leader_pid_controller]: Controller state: BRAKE
[INFO] [1790443941.501615992] [leader_pid_controller]: Goal braking started. Total speed=0.257 m/s, surge=0.220 m/s.
[INFO] [1790443942.264550397] [leader_pid_controller]: Controller state: HOLD
[INFO] [1790443942.264805628] [leader_pid_controller]: Boat stopped inside target zone. Speed=0.050 m/s, distance=0.834 m.
[INFO] [1790443942.265008957] [leader_pid_controller]: Holding for 5.0 simulated seconds.
[INFO] [1790443943.589381232] [leader_pid_controller]: ========================================
[INFO] [1790443943.589638465] [leader_pid_controller]: EXPERIMENT SUCCESS
[INFO] [1790443943.589843380] [leader_pid_controller]: Goal distance: 0.921 m
[INFO] [1790443943.590084047] [leader_pid_controller]: Speed: 0.015 m/s
[INFO] [1790443943.590298885] [leader_pid_controller]: Remained within 1.00 m for 5.0 simulated seconds.
[INFO] [1790443943.590507007] [leader_pid_controller]: ========================================
Traceback (most recent call last):
  File "/home/sajed/vrx_ws/install/platoon_control/lib/platoon_control/leader_pid_controller", line 33, in <module>
    sys.exit(load_entry_point('platoon-control', 'console_scripts', 'leader_pid_controller')())
             ^^^^^^^^^^^^^^^^^^^^^^^^^^^^^^^^^^^^^^^^^^^^^^^^^^^^^^^^^^^^^^^^^^^^^^^^^^^^^^^^^
  File "/home/sajed/vrx_ws/build/platoon_control/platoon_control/leader_pid_controller.py", line 2126, in main
    node.stop()
  File "/home/sajed/vrx_ws/build/platoon_control/platoon_control/leader_pid_controller.py", line 2096, in stop
    self.publish_zero_thrust()
  File "/home/sajed/vrx_ws/build/platoon_control/platoon_control/leader_pid_controller.py", line 2046, in publish_zero_thrust
    self.publish_thrusters(
  File "/home/sajed/vrx_ws/build/platoon_control/platoon_control/leader_pid_controller.py", line 2006, in publish_thrusters
    self.left_position_publisher.publish(
  File "/opt/ros/jazzy/lib/python3.12/site-packages/rclpy/publisher.py", line 70, in publish
    self.__publisher.publish(msg)
rclpy._rclpy_pybind11.RCLError: Failed to publish: publisher's context is invalid, at ./src/rcl/publisher.c:423
[ros2run]: Process exited with failure 1
