[INFO] [1790441486.302902977] [leader_pid_controller]: Leader PID controller started.
[INFO] [1790441486.303627950] [leader_pid_controller]: Control rate: 10.00 Hz
[INFO] [1790441486.304223885] [leader_pid_controller]: Controller state: TRACK
[INFO] [1790441491.009964970] [leader_pid_controller]: Controller state: TRACK
[INFO] [1790441491.010262029] [leader_pid_controller]: New reference path received: 41 waypoints.
[INFO] [1790441498.935641379] [leader_pid_controller]: Controller state: BRAKE
[INFO] [1790441498.935909551] [leader_pid_controller]: Goal braking started. Total speed=0.747 m/s, surge=0.747 m/s.
[INFO] [1790441500.243077006] [leader_pid_controller]: Boat stopped outside goal tolerance. Distance=1.326 m. Entering RECOVER.
[INFO] [1790441500.243604906] [leader_pid_controller]: Controller state: RECOVER
[INFO] [1790441500.243864449] [leader_pid_controller]: RECOVER mode: ALIGN
[INFO] [1790441500.290825338] [leader_pid_controller]: RECOVER alignment complete. Beginning slow approach.
[INFO] [1790441501.375147336] [leader_pid_controller]: RECOVER capture distance reached. Distance=0.738 m. Entering BRAKE.
[INFO] [1790441501.375611033] [leader_pid_controller]: Controller state: BRAKE
[INFO] [1790441501.375859460] [leader_pid_controller]: Goal braking started. Total speed=0.216 m/s, surge=0.206 m/s.
[INFO] [1790441501.696338668] [leader_pid_controller]: Controller state: HOLD
[INFO] [1790441501.696606253] [leader_pid_controller]: Boat stopped inside target zone. Speed=0.047 m/s, distance=0.720 m.
[INFO] [1790441501.696817909] [leader_pid_controller]: Holding for 5.0 simulated seconds.
[INFO] [1790441503.179445238] [leader_pid_controller]: ========================================
[INFO] [1790441503.179719705] [leader_pid_controller]: EXPERIMENT SUCCESS
[INFO] [1790441503.179946165] [leader_pid_controller]: Goal distance: 0.828 m
[INFO] [1790441503.180149270] [leader_pid_controller]: Speed: 0.006 m/s
[INFO] [1790441503.180357797] [leader_pid_controller]: Remained within 1.00 m for 5.0 simulated seconds.
[INFO] [1790441503.180567256] [leader_pid_controller]: ========================================
Exception ignored in: <function Future.__del__ at 0x775aeebc5440>
Traceback (most recent call last):
  File "/opt/ros/jazzy/lib/python3.12/site-packages/rclpy/task.py", line 56, in __del__
    if self._exception is not None and not self._exception_fetched:
       ^^^^^^^^^^^^^^^
AttributeError: 'Task' object has no attribute '_exception'
Traceback (most recent call last):
  File "/home/sajed/vrx_ws/install/platoon_control/lib/platoon_control/leader_pid_controller", line 33, in <module>
    sys.exit(load_entry_point('platoon-control', 'console_scripts', 'leader_pid_controller')())
             ^^^^^^^^^^^^^^^^^^^^^^^^^^^^^^^^^^^^^^^^^^^^^^^^^^^^^^^^^^^^^^^^^^^^^^^^^^^^^^^^^
  File "/home/sajed/vrx_ws/build/platoon_control/platoon_control/leader_pid_controller.py", line 2126, in main
    node.stop()
  File "/home/sajed/vrx_ws/build/platoon_control/platoon_control/leader_pid_controller.py", line 2096, in stop
    self.publish_zero_thrust()
  File "/home/sajed/vrx_ws/build/platoon_control/platoon_control/leader_pid_controller.py", line 2046, in publish_zero_thrust
    self.publish_thrusters(
  File "/home/sajed/vrx_ws/build/platoon_control/platoon_control/leader_pid_controller.py", line 2006, in publish_thrusters
    self.left_position_publisher.publish(
  File "/opt/ros/jazzy/lib/python3.12/site-packages/rclpy/publisher.py", line 70, in publish
    self.__publisher.publish(msg)
rclpy._rclpy_pybind11.RCLError: Failed to publish: publisher's context is invalid, at ./src/rcl/publisher.c:423
[ros2run]: Process exited with failure 1
