[INFO] [1790440158.668439170] [leader_pid_controller]: Leader PID controller started.
[INFO] [1790440158.669112877] [leader_pid_controller]: Control rate: 10.00 Hz
[INFO] [1790440158.669686601] [leader_pid_controller]: Controller state: TRACK
[INFO] [1790440165.287924351] [leader_pid_controller]: Controller state: TRACK
[INFO] [1790440165.288281991] [leader_pid_controller]: New reference path received: 64 waypoints.
[INFO] [1790440175.922157348] [leader_pid_controller]: Controller state: BRAKE
[INFO] [1790440175.922472061] [leader_pid_controller]: Goal braking started. Total speed=0.945 m/s, surge=0.885 m/s.
[INFO] [1790440177.356215656] [leader_pid_controller]: Boat stopped outside goal tolerance. Distance=1.462 m. Entering RECOVER.
[INFO] [1790440177.356999656] [leader_pid_controller]: Controller state: RECOVER
[INFO] [1790440177.357335406] [leader_pid_controller]: RECOVER mode: ALIGN
[INFO] [1790440178.397553317] [leader_pid_controller]: RECOVER alignment complete. Beginning slow approach.
[INFO] [1790440180.012620513] [leader_pid_controller]: RECOVER capture distance reached. Distance=0.746 m. Entering BRAKE.
[INFO] [1790440180.013017806] [leader_pid_controller]: Controller state: BRAKE
[INFO] [1790440180.013235241] [leader_pid_controller]: Goal braking started. Total speed=0.277 m/s, surge=0.222 m/s.
[INFO] [1790440180.762134021] [leader_pid_controller]: Controller state: HOLD
[INFO] [1790440180.762408246] [leader_pid_controller]: Boat stopped inside target zone. Speed=0.047 m/s, distance=0.847 m.
[INFO] [1790440180.762618092] [leader_pid_controller]: Holding for 5.0 simulated seconds.
[INFO] [1790440182.190739843] [leader_pid_controller]: ========================================
[INFO] [1790440182.191271943] [leader_pid_controller]: EXPERIMENT SUCCESS
[INFO] [1790440182.191509716] [leader_pid_controller]: Goal distance: 0.938 m
[INFO] [1790440182.191771022] [leader_pid_controller]: Speed: 0.014 m/s
[INFO] [1790440182.191994497] [leader_pid_controller]: Remained within 1.00 m for 5.0 simulated seconds.
[INFO] [1790440182.192224510] [leader_pid_controller]: ========================================
Traceback (most recent call last):
  File "/home/sajed/vrx_ws/install/platoon_control/lib/platoon_control/leader_pid_controller", line 33, in <module>
    sys.exit(load_entry_point('platoon-control', 'console_scripts', 'leader_pid_controller')())
             ^^^^^^^^^^^^^^^^^^^^^^^^^^^^^^^^^^^^^^^^^^^^^^^^^^^^^^^^^^^^^^^^^^^^^^^^^^^^^^^^^
  File "/home/sajed/vrx_ws/build/platoon_control/platoon_control/leader_pid_controller.py", line 2126, in main
    node.stop()
  File "/home/sajed/vrx_ws/build/platoon_control/platoon_control/leader_pid_controller.py", line 2096, in stop
    self.publish_zero_thrust()
  File "/home/sajed/vrx_ws/build/platoon_control/platoon_control/leader_pid_controller.py", line 2046, in publish_zero_thrust
    self.publish_thrusters(
  File "/home/sajed/vrx_ws/build/platoon_control/platoon_control/leader_pid_controller.py", line 2006, in publish_thrusters
    self.left_position_publisher.publish(
  File "/opt/ros/jazzy/lib/python3.12/site-packages/rclpy/publisher.py", line 70, in publish
    self.__publisher.publish(msg)
rclpy._rclpy_pybind11.RCLError: Failed to publish: publisher's context is invalid, at ./src/rcl/publisher.c:423
[ros2run]: Process exited with failure 1
