[INFO] [1790441220.746811221] [leader_pid_controller]: Leader PID controller started.
[INFO] [1790441220.747441150] [leader_pid_controller]: Control rate: 10.00 Hz
[INFO] [1790441220.748203036] [leader_pid_controller]: Controller state: TRACK
[INFO] [1790441224.866253785] [leader_pid_controller]: Controller state: TRACK
[INFO] [1790441224.866525705] [leader_pid_controller]: New reference path received: 41 waypoints.
[INFO] [1790441232.222722829] [leader_pid_controller]: Controller state: BRAKE
[INFO] [1790441232.222992945] [leader_pid_controller]: Goal braking started. Total speed=0.747 m/s, surge=0.746 m/s.
[INFO] [1790441233.424124805] [leader_pid_controller]: Boat stopped outside goal tolerance. Distance=1.278 m. Entering RECOVER.
[INFO] [1790441233.424561422] [leader_pid_controller]: Controller state: RECOVER
[INFO] [1790441233.424787012] [leader_pid_controller]: RECOVER mode: ALIGN
[INFO] [1790441233.449635065] [leader_pid_controller]: RECOVER alignment complete. Beginning slow approach.
[INFO] [1790441234.330995141] [leader_pid_controller]: RECOVER capture distance reached. Distance=0.733 m. Entering BRAKE.
[INFO] [1790441234.331434578] [leader_pid_controller]: Controller state: BRAKE
[INFO] [1790441234.331841894] [leader_pid_controller]: Goal braking started. Total speed=0.212 m/s, surge=0.208 m/s.
[INFO] [1790441234.472596882] [leader_pid_controller]: Controller state: HOLD
[INFO] [1790441234.472944437] [leader_pid_controller]: Boat stopped inside target zone. Speed=0.046 m/s, distance=0.678 m.
[INFO] [1790441234.473163952] [leader_pid_controller]: Holding for 5.0 simulated seconds.
[INFO] [1790441235.790172751] [leader_pid_controller]: ========================================
[INFO] [1790441235.790407086] [leader_pid_controller]: EXPERIMENT SUCCESS
[INFO] [1790441235.790606240] [leader_pid_controller]: Goal distance: 0.828 m
[INFO] [1790441235.790800569] [leader_pid_controller]: Speed: 0.013 m/s
[INFO] [1790441235.791006277] [leader_pid_controller]: Remained within 1.00 m for 5.0 simulated seconds.
[INFO] [1790441235.791247042] [leader_pid_controller]: ========================================
Traceback (most recent call last):
  File "/home/sajed/vrx_ws/install/platoon_control/lib/platoon_control/leader_pid_controller", line 33, in <module>
    sys.exit(load_entry_point('platoon-control', 'console_scripts', 'leader_pid_controller')())
             ^^^^^^^^^^^^^^^^^^^^^^^^^^^^^^^^^^^^^^^^^^^^^^^^^^^^^^^^^^^^^^^^^^^^^^^^^^^^^^^^^
  File "/home/sajed/vrx_ws/build/platoon_control/platoon_control/leader_pid_controller.py", line 2126, in main
    node.stop()
  File "/home/sajed/vrx_ws/build/platoon_control/platoon_control/leader_pid_controller.py", line 2096, in stop
    self.publish_zero_thrust()
  File "/home/sajed/vrx_ws/build/platoon_control/platoon_control/leader_pid_controller.py", line 2046, in publish_zero_thrust
    self.publish_thrusters(
  File "/home/sajed/vrx_ws/build/platoon_control/platoon_control/leader_pid_controller.py", line 2006, in publish_thrusters
    self.left_position_publisher.publish(
  File "/opt/ros/jazzy/lib/python3.12/site-packages/rclpy/publisher.py", line 70, in publish
    self.__publisher.publish(msg)
rclpy._rclpy_pybind11.RCLError: Failed to publish: publisher's context is invalid, at ./src/rcl/publisher.c:423
[ros2run]: Process exited with failure 1
