[INFO] [1790444636.080489902] [leader_pid_controller]: Leader PID controller started.
[INFO] [1790444636.081538223] [leader_pid_controller]: Control rate: 10.00 Hz
[INFO] [1790444636.082263923] [leader_pid_controller]: Controller state: TRACK
[INFO] [1790444641.448026482] [leader_pid_controller]: Controller state: TRACK
[INFO] [1790444641.448311208] [leader_pid_controller]: New reference path received: 64 waypoints.
[INFO] [1790444653.217568522] [leader_pid_controller]: Controller state: BRAKE
[INFO] [1790444653.217878232] [leader_pid_controller]: Goal braking started. Total speed=0.798 m/s, surge=0.746 m/s.
[INFO] [1790444654.498425199] [leader_pid_controller]: Controller state: HOLD
[INFO] [1790444654.498687230] [leader_pid_controller]: Boat stopped inside target zone. Speed=0.048 m/s, distance=0.949 m.
[INFO] [1790444654.498903318] [leader_pid_controller]: Holding for 5.0 simulated seconds.
[WARN] [1790444655.205411265] [leader_pid_controller]: Robot left goal tolerance during HOLD. Entering RECOVER.
[INFO] [1790444655.205873981] [leader_pid_controller]: Controller state: RECOVER
[INFO] [1790444655.206093589] [leader_pid_controller]: RECOVER mode: ALIGN
[INFO] [1790444656.205359880] [leader_pid_controller]: RECOVER alignment complete. Beginning slow approach.
[INFO] [1790444657.521352313] [leader_pid_controller]: RECOVER capture distance reached. Distance=0.736 m. Entering BRAKE.
[INFO] [1790444657.521739634] [leader_pid_controller]: Controller state: BRAKE
[INFO] [1790444657.521998301] [leader_pid_controller]: Goal braking started. Total speed=0.283 m/s, surge=0.207 m/s.
[INFO] [1790444658.335956699] [leader_pid_controller]: Controller state: HOLD
[INFO] [1790444658.336230938] [leader_pid_controller]: Boat stopped inside target zone. Speed=0.049 m/s, distance=0.715 m.
[INFO] [1790444658.336512624] [leader_pid_controller]: Holding for 5.0 simulated seconds.
[INFO] [1790444659.632791971] [leader_pid_controller]: ========================================
[INFO] [1790444659.633050172] [leader_pid_controller]: EXPERIMENT SUCCESS
[INFO] [1790444659.633265816] [leader_pid_controller]: Goal distance: 0.754 m
[INFO] [1790444659.633559415] [leader_pid_controller]: Speed: 0.021 m/s
[INFO] [1790444659.633855467] [leader_pid_controller]: Remained within 1.00 m for 5.0 simulated seconds.
[INFO] [1790444659.634087216] [leader_pid_controller]: ========================================
Traceback (most recent call last):
  File "/home/sajed/vrx_ws/install/platoon_control/lib/platoon_control/leader_pid_controller", line 33, in <module>
    sys.exit(load_entry_point('platoon-control', 'console_scripts', 'leader_pid_controller')())
             ^^^^^^^^^^^^^^^^^^^^^^^^^^^^^^^^^^^^^^^^^^^^^^^^^^^^^^^^^^^^^^^^^^^^^^^^^^^^^^^^^
  File "/home/sajed/vrx_ws/build/platoon_control/platoon_control/leader_pid_controller.py", line 2126, in main
    node.stop()
  File "/home/sajed/vrx_ws/build/platoon_control/platoon_control/leader_pid_controller.py", line 2096, in stop
    self.publish_zero_thrust()
  File "/home/sajed/vrx_ws/build/platoon_control/platoon_control/leader_pid_controller.py", line 2046, in publish_zero_thrust
    self.publish_thrusters(
  File "/home/sajed/vrx_ws/build/platoon_control/platoon_control/leader_pid_controller.py", line 2006, in publish_thrusters
    self.left_position_publisher.publish(
  File "/opt/ros/jazzy/lib/python3.12/site-packages/rclpy/publisher.py", line 70, in publish
    self.__publisher.publish(msg)
rclpy._rclpy_pybind11.RCLError: Failed to publish: publisher's context is invalid, at ./src/rcl/publisher.c:423
[ros2run]: Process exited with failure 1
