[INFO] [1790444951.484550146] [leader_pid_controller]: Leader PID controller started.
[INFO] [1790444951.485227437] [leader_pid_controller]: Control rate: 10.00 Hz
[INFO] [1790444951.485731892] [leader_pid_controller]: Controller state: TRACK
[INFO] [1790444956.228389162] [leader_pid_controller]: Controller state: TRACK
[INFO] [1790444956.228805118] [leader_pid_controller]: New reference path received: 64 waypoints.
[INFO] [1790444968.056678858] [leader_pid_controller]: Controller state: BRAKE
[INFO] [1790444968.057308800] [leader_pid_controller]: Goal braking started. Total speed=0.789 m/s, surge=0.759 m/s.
[INFO] [1790444969.123443606] [leader_pid_controller]: Controller state: HOLD
[INFO] [1790444969.123727129] [leader_pid_controller]: Boat stopped inside target zone. Speed=0.049 m/s, distance=0.780 m.
[INFO] [1790444969.123957995] [leader_pid_controller]: Holding for 5.0 simulated seconds.
[INFO] [1790444970.492291345] [leader_pid_controller]: ========================================
[INFO] [1790444970.492524632] [leader_pid_controller]: EXPERIMENT SUCCESS
[INFO] [1790444970.492721437] [leader_pid_controller]: Goal distance: 0.844 m
[INFO] [1790444970.492916550] [leader_pid_controller]: Speed: 0.010 m/s
[INFO] [1790444970.493131654] [leader_pid_controller]: Remained within 1.00 m for 5.0 simulated seconds.
[INFO] [1790444970.493337308] [leader_pid_controller]: ========================================
Traceback (most recent call last):
  File "/home/sajed/vrx_ws/install/platoon_control/lib/platoon_control/leader_pid_controller", line 33, in <module>
    sys.exit(load_entry_point('platoon-control', 'console_scripts', 'leader_pid_controller')())
             ^^^^^^^^^^^^^^^^^^^^^^^^^^^^^^^^^^^^^^^^^^^^^^^^^^^^^^^^^^^^^^^^^^^^^^^^^^^^^^^^^
  File "/home/sajed/vrx_ws/build/platoon_control/platoon_control/leader_pid_controller.py", line 2126, in main
    node.stop()
  File "/home/sajed/vrx_ws/build/platoon_control/platoon_control/leader_pid_controller.py", line 2096, in stop
    self.publish_zero_thrust()
  File "/home/sajed/vrx_ws/build/platoon_control/platoon_control/leader_pid_controller.py", line 2046, in publish_zero_thrust
    self.publish_thrusters(
  File "/home/sajed/vrx_ws/build/platoon_control/platoon_control/leader_pid_controller.py", line 2006, in publish_thrusters
    self.left_position_publisher.publish(
  File "/opt/ros/jazzy/lib/python3.12/site-packages/rclpy/publisher.py", line 70, in publish
    self.__publisher.publish(msg)
rclpy._rclpy_pybind11.RCLError: Failed to publish: publisher's context is invalid, at ./src/rcl/publisher.c:423
[ros2run]: Process exited with failure 1
