[INFO] [1790443441.492838181] [leader_pid_controller]: Leader PID controller started.
[INFO] [1790443441.493406096] [leader_pid_controller]: Control rate: 10.00 Hz
[INFO] [1790443441.493854843] [leader_pid_controller]: Controller state: TRACK
[INFO] [1790443445.567452141] [leader_pid_controller]: Controller state: TRACK
[INFO] [1790443445.567720614] [leader_pid_controller]: New reference path received: 41 waypoints.
[INFO] [1790443452.877834057] [leader_pid_controller]: Controller state: BRAKE
[INFO] [1790443452.878112261] [leader_pid_controller]: Goal braking started. Total speed=0.748 m/s, surge=0.747 m/s.
[INFO] [1790443454.051627228] [leader_pid_controller]: Boat stopped outside goal tolerance. Distance=1.300 m. Entering RECOVER.
[INFO] [1790443454.052381772] [leader_pid_controller]: Controller state: RECOVER
[INFO] [1790443454.052628415] [leader_pid_controller]: RECOVER mode: ALIGN
[INFO] [1790443454.077158518] [leader_pid_controller]: RECOVER alignment complete. Beginning slow approach.
[INFO] [1790443454.956315440] [leader_pid_controller]: RECOVER capture distance reached. Distance=0.746 m. Entering BRAKE.
[INFO] [1790443454.957016774] [leader_pid_controller]: Controller state: BRAKE
[INFO] [1790443454.957366230] [leader_pid_controller]: Goal braking started. Total speed=0.239 m/s, surge=0.204 m/s.
[INFO] [1790443455.421333640] [leader_pid_controller]: Controller state: HOLD
[INFO] [1790443455.421609573] [leader_pid_controller]: Boat stopped inside target zone. Speed=0.046 m/s, distance=0.764 m.
[INFO] [1790443455.421827136] [leader_pid_controller]: Holding for 5.0 simulated seconds.
[INFO] [1790443456.750433529] [leader_pid_controller]: ========================================
[INFO] [1790443456.750664408] [leader_pid_controller]: EXPERIMENT SUCCESS
[INFO] [1790443456.750862295] [leader_pid_controller]: Goal distance: 0.859 m
[INFO] [1790443456.751075737] [leader_pid_controller]: Speed: 0.002 m/s
[INFO] [1790443456.751533604] [leader_pid_controller]: Remained within 1.00 m for 5.0 simulated seconds.
[INFO] [1790443456.751948935] [leader_pid_controller]: ========================================
Traceback (most recent call last):
  File "/home/sajed/vrx_ws/install/platoon_control/lib/platoon_control/leader_pid_controller", line 33, in <module>
    sys.exit(load_entry_point('platoon-control', 'console_scripts', 'leader_pid_controller')())
             ^^^^^^^^^^^^^^^^^^^^^^^^^^^^^^^^^^^^^^^^^^^^^^^^^^^^^^^^^^^^^^^^^^^^^^^^^^^^^^^^^
  File "/home/sajed/vrx_ws/build/platoon_control/platoon_control/leader_pid_controller.py", line 2126, in main
    node.stop()
  File "/home/sajed/vrx_ws/build/platoon_control/platoon_control/leader_pid_controller.py", line 2096, in stop
    self.publish_zero_thrust()
  File "/home/sajed/vrx_ws/build/platoon_control/platoon_control/leader_pid_controller.py", line 2046, in publish_zero_thrust
    self.publish_thrusters(
  File "/home/sajed/vrx_ws/build/platoon_control/platoon_control/leader_pid_controller.py", line 2006, in publish_thrusters
    self.left_position_publisher.publish(
  File "/opt/ros/jazzy/lib/python3.12/site-packages/rclpy/publisher.py", line 70, in publish
    self.__publisher.publish(msg)
rclpy._rclpy_pybind11.RCLError: Failed to publish: publisher's context is invalid, at ./src/rcl/publisher.c:423
[ros2run]: Process exited with failure 1
