[INFO] [1790440127.858382234] [leader_pid_controller]: Leader PID controller started.
[INFO] [1790440127.859560322] [leader_pid_controller]: Control rate: 10.00 Hz
[INFO] [1790440127.860517512] [leader_pid_controller]: Controller state: TRACK
[INFO] [1790440131.872633923] [leader_pid_controller]: Controller state: TRACK
[INFO] [1790440131.872964662] [leader_pid_controller]: New reference path received: 64 waypoints.
[INFO] [1790440142.567802093] [leader_pid_controller]: Controller state: BRAKE
[INFO] [1790440142.568103668] [leader_pid_controller]: Goal braking started. Total speed=0.945 m/s, surge=0.887 m/s.
[INFO] [1790440143.983821647] [leader_pid_controller]: Boat stopped outside goal tolerance. Distance=1.466 m. Entering RECOVER.
[INFO] [1790440143.984317314] [leader_pid_controller]: Controller state: RECOVER
[INFO] [1790440143.984525704] [leader_pid_controller]: RECOVER mode: ALIGN
[INFO] [1790440144.923453834] [leader_pid_controller]: RECOVER alignment complete. Beginning slow approach.
[INFO] [1790440146.460501514] [leader_pid_controller]: RECOVER capture distance reached. Distance=0.745 m. Entering BRAKE.
[INFO] [1790440146.461192384] [leader_pid_controller]: Controller state: BRAKE
[INFO] [1790440146.461440500] [leader_pid_controller]: Goal braking started. Total speed=0.277 m/s, surge=0.222 m/s.
[INFO] [1790440147.196883692] [leader_pid_controller]: Controller state: HOLD
[INFO] [1790440147.197153075] [leader_pid_controller]: Boat stopped inside target zone. Speed=0.047 m/s, distance=0.844 m.
[INFO] [1790440147.197443612] [leader_pid_controller]: Holding for 5.0 simulated seconds.
[INFO] [1790440148.601553987] [leader_pid_controller]: ========================================
[INFO] [1790440148.601804958] [leader_pid_controller]: EXPERIMENT SUCCESS
[INFO] [1790440148.602023756] [leader_pid_controller]: Goal distance: 0.935 m
[INFO] [1790440148.602218586] [leader_pid_controller]: Speed: 0.014 m/s
[INFO] [1790440148.602459947] [leader_pid_controller]: Remained within 1.00 m for 5.0 simulated seconds.
[INFO] [1790440148.602684742] [leader_pid_controller]: ========================================
Traceback (most recent call last):
  File "/home/sajed/vrx_ws/install/platoon_control/lib/platoon_control/leader_pid_controller", line 33, in <module>
    sys.exit(load_entry_point('platoon-control', 'console_scripts', 'leader_pid_controller')())
             ^^^^^^^^^^^^^^^^^^^^^^^^^^^^^^^^^^^^^^^^^^^^^^^^^^^^^^^^^^^^^^^^^^^^^^^^^^^^^^^^^
  File "/home/sajed/vrx_ws/build/platoon_control/platoon_control/leader_pid_controller.py", line 2126, in main
    node.stop()
  File "/home/sajed/vrx_ws/build/platoon_control/platoon_control/leader_pid_controller.py", line 2096, in stop
    self.publish_zero_thrust()
  File "/home/sajed/vrx_ws/build/platoon_control/platoon_control/leader_pid_controller.py", line 2046, in publish_zero_thrust
    self.publish_thrusters(
  File "/home/sajed/vrx_ws/build/platoon_control/platoon_control/leader_pid_controller.py", line 2006, in publish_thrusters
    self.left_position_publisher.publish(
  File "/opt/ros/jazzy/lib/python3.12/site-packages/rclpy/publisher.py", line 70, in publish
    self.__publisher.publish(msg)
rclpy._rclpy_pybind11.RCLError: Failed to publish: publisher's context is invalid, at ./src/rcl/publisher.c:423
[ros2run]: Process exited with failure 1
