[INFO] [1790441915.893949731] [leader_pid_controller]: Leader PID controller started.
[INFO] [1790441915.894628035] [leader_pid_controller]: Control rate: 10.00 Hz
[INFO] [1790441915.895119472] [leader_pid_controller]: Controller state: TRACK
[INFO] [1790441923.421237198] [leader_pid_controller]: Controller state: TRACK
[INFO] [1790441923.421518743] [leader_pid_controller]: New reference path received: 64 waypoints.
[INFO] [1790441935.978215788] [leader_pid_controller]: Controller state: BRAKE
[INFO] [1790441935.978600026] [leader_pid_controller]: Goal braking started. Total speed=0.759 m/s, surge=0.731 m/s.
[INFO] [1790441937.290125770] [leader_pid_controller]: Boat stopped outside goal tolerance. Distance=1.377 m. Entering RECOVER.
[INFO] [1790441937.290777880] [leader_pid_controller]: Controller state: RECOVER
[INFO] [1790441937.290991198] [leader_pid_controller]: RECOVER mode: ALIGN
[INFO] [1790441937.739615577] [leader_pid_controller]: RECOVER alignment complete. Beginning slow approach.
[INFO] [1790441938.904169755] [leader_pid_controller]: RECOVER capture distance reached. Distance=0.742 m. Entering BRAKE.
[INFO] [1790441938.904544556] [leader_pid_controller]: Controller state: BRAKE
[INFO] [1790441938.904779490] [leader_pid_controller]: Goal braking started. Total speed=0.278 m/s, surge=0.196 m/s.
[INFO] [1790441939.612556561] [leader_pid_controller]: Controller state: HOLD
[INFO] [1790441939.612807722] [leader_pid_controller]: Boat stopped inside target zone. Speed=0.049 m/s, distance=0.847 m.
[INFO] [1790441939.613012678] [leader_pid_controller]: Holding for 5.0 simulated seconds.
[INFO] [1790441940.969898567] [leader_pid_controller]: ========================================
[INFO] [1790441940.970167916] [leader_pid_controller]: EXPERIMENT SUCCESS
[INFO] [1790441940.970409328] [leader_pid_controller]: Goal distance: 0.944 m
[INFO] [1790441940.970646304] [leader_pid_controller]: Speed: 0.004 m/s
[INFO] [1790441940.970865596] [leader_pid_controller]: Remained within 1.00 m for 5.0 simulated seconds.
[INFO] [1790441940.971079883] [leader_pid_controller]: ========================================
Traceback (most recent call last):
  File "/home/sajed/vrx_ws/install/platoon_control/lib/platoon_control/leader_pid_controller", line 33, in <module>
    sys.exit(load_entry_point('platoon-control', 'console_scripts', 'leader_pid_controller')())
             ^^^^^^^^^^^^^^^^^^^^^^^^^^^^^^^^^^^^^^^^^^^^^^^^^^^^^^^^^^^^^^^^^^^^^^^^^^^^^^^^^
  File "/home/sajed/vrx_ws/build/platoon_control/platoon_control/leader_pid_controller.py", line 2126, in main
    node.stop()
  File "/home/sajed/vrx_ws/build/platoon_control/platoon_control/leader_pid_controller.py", line 2096, in stop
    self.publish_zero_thrust()
  File "/home/sajed/vrx_ws/build/platoon_control/platoon_control/leader_pid_controller.py", line 2046, in publish_zero_thrust
    self.publish_thrusters(
  File "/home/sajed/vrx_ws/build/platoon_control/platoon_control/leader_pid_controller.py", line 2006, in publish_thrusters
    self.left_position_publisher.publish(
  File "/opt/ros/jazzy/lib/python3.12/site-packages/rclpy/publisher.py", line 70, in publish
    self.__publisher.publish(msg)
rclpy._rclpy_pybind11.RCLError: Failed to publish: publisher's context is invalid, at ./src/rcl/publisher.c:423
[ros2run]: Process exited with failure 1
