[INFO] [1790440973.198753461] [leader_pid_controller]: Leader PID controller started.
[INFO] [1790440973.199385522] [leader_pid_controller]: Control rate: 10.00 Hz
[INFO] [1790440973.199994854] [leader_pid_controller]: Controller state: TRACK
[INFO] [1790440977.856748131] [leader_pid_controller]: Controller state: TRACK
[INFO] [1790440977.857108464] [leader_pid_controller]: New reference path received: 41 waypoints.
[INFO] [1790440985.285554179] [leader_pid_controller]: Controller state: BRAKE
[INFO] [1790440985.285820538] [leader_pid_controller]: Goal braking started. Total speed=0.749 m/s, surge=0.742 m/s.
[INFO] [1790440986.420117658] [leader_pid_controller]: Boat stopped outside goal tolerance. Distance=1.350 m. Entering RECOVER.
[INFO] [1790440986.420941078] [leader_pid_controller]: Controller state: RECOVER
[INFO] [1790440986.421279912] [leader_pid_controller]: RECOVER mode: ALIGN
[INFO] [1790440986.700556058] [leader_pid_controller]: RECOVER alignment complete. Beginning slow approach.
[INFO] [1790440987.741656127] [leader_pid_controller]: RECOVER capture distance reached. Distance=0.740 m. Entering BRAKE.
[INFO] [1790440987.742056486] [leader_pid_controller]: Controller state: BRAKE
[INFO] [1790440987.742284231] [leader_pid_controller]: Goal braking started. Total speed=0.276 m/s, surge=0.204 m/s.
[INFO] [1790440988.585006384] [leader_pid_controller]: Controller state: HOLD
[INFO] [1790440988.585281826] [leader_pid_controller]: Boat stopped inside target zone. Speed=0.049 m/s, distance=0.915 m.
[INFO] [1790440988.585497266] [leader_pid_controller]: Holding for 5.0 simulated seconds.
[WARN] [1790440989.657524938] [leader_pid_controller]: Robot left goal tolerance during HOLD. Entering RECOVER.
[INFO] [1790440989.658302533] [leader_pid_controller]: Controller state: RECOVER
[INFO] [1790440989.658512379] [leader_pid_controller]: RECOVER mode: ALIGN
[INFO] [1790440990.348620455] [leader_pid_controller]: RECOVER alignment complete. Beginning slow approach.
[INFO] [1790440991.038814154] [leader_pid_controller]: RECOVER capture distance reached. Distance=0.742 m. Entering BRAKE.
[INFO] [1790440991.039240800] [leader_pid_controller]: Controller state: BRAKE
[INFO] [1790440991.039498882] [leader_pid_controller]: Goal braking started. Total speed=0.287 m/s, surge=0.202 m/s.
[INFO] [1790440991.781716228] [leader_pid_controller]: Controller state: HOLD
[INFO] [1790440991.782027800] [leader_pid_controller]: Boat stopped inside target zone. Speed=0.049 m/s, distance=0.868 m.
[INFO] [1790440991.782232875] [leader_pid_controller]: Holding for 5.0 simulated seconds.
[INFO] [1790440993.052446384] [leader_pid_controller]: ========================================
[INFO] [1790440993.052776401] [leader_pid_controller]: EXPERIMENT SUCCESS
[INFO] [1790440993.053002598] [leader_pid_controller]: Goal distance: 0.970 m
[INFO] [1790440993.053310013] [leader_pid_controller]: Speed: 0.006 m/s
[INFO] [1790440993.053642085] [leader_pid_controller]: Remained within 1.00 m for 5.0 simulated seconds.
[INFO] [1790440993.053890447] [leader_pid_controller]: ========================================
Traceback (most recent call last):
  File "/home/sajed/vrx_ws/install/platoon_control/lib/platoon_control/leader_pid_controller", line 33, in <module>
    sys.exit(load_entry_point('platoon-control', 'console_scripts', 'leader_pid_controller')())
             ^^^^^^^^^^^^^^^^^^^^^^^^^^^^^^^^^^^^^^^^^^^^^^^^^^^^^^^^^^^^^^^^^^^^^^^^^^^^^^^^^
  File "/home/sajed/vrx_ws/build/platoon_control/platoon_control/leader_pid_controller.py", line 2126, in main
    node.stop()
  File "/home/sajed/vrx_ws/build/platoon_control/platoon_control/leader_pid_controller.py", line 2096, in stop
    self.publish_zero_thrust()
  File "/home/sajed/vrx_ws/build/platoon_control/platoon_control/leader_pid_controller.py", line 2046, in publish_zero_thrust
    self.publish_thrusters(
  File "/home/sajed/vrx_ws/build/platoon_control/platoon_control/leader_pid_controller.py", line 2006, in publish_thrusters
    self.left_position_publisher.publish(
  File "/opt/ros/jazzy/lib/python3.12/site-packages/rclpy/publisher.py", line 70, in publish
    self.__publisher.publish(msg)
rclpy._rclpy_pybind11.RCLError: Failed to publish: publisher's context is invalid, at ./src/rcl/publisher.c:423
[ros2run]: Process exited with failure 1
