[INFO] [1790441739.833571168] [leader_pid_controller]: Leader PID controller started.
[INFO] [1790441739.834428647] [leader_pid_controller]: Control rate: 10.00 Hz
[INFO] [1790441739.834969859] [leader_pid_controller]: Controller state: TRACK
[INFO] [1790441746.354289223] [leader_pid_controller]: Controller state: TRACK
[INFO] [1790441746.354558298] [leader_pid_controller]: New reference path received: 41 waypoints.
[INFO] [1790441753.748411835] [leader_pid_controller]: Controller state: BRAKE
[INFO] [1790441753.748779872] [leader_pid_controller]: Goal braking started. Total speed=0.748 m/s, surge=0.747 m/s.
[INFO] [1790441754.893349549] [leader_pid_controller]: Boat stopped outside goal tolerance. Distance=1.309 m. Entering RECOVER.
[INFO] [1790441754.893781762] [leader_pid_controller]: Controller state: RECOVER
[INFO] [1790441754.894006950] [leader_pid_controller]: RECOVER mode: ALIGN
[INFO] [1790441754.922928348] [leader_pid_controller]: RECOVER alignment complete. Beginning slow approach.
[INFO] [1790441755.828561190] [leader_pid_controller]: RECOVER capture distance reached. Distance=0.749 m. Entering BRAKE.
[INFO] [1790441755.829083811] [leader_pid_controller]: Controller state: BRAKE
[INFO] [1790441755.829317235] [leader_pid_controller]: Goal braking started. Total speed=0.240 m/s, surge=0.204 m/s.
[INFO] [1790441756.292888146] [leader_pid_controller]: Controller state: HOLD
[INFO] [1790441756.293167767] [leader_pid_controller]: Boat stopped inside target zone. Speed=0.048 m/s, distance=0.773 m.
[INFO] [1790441756.293395314] [leader_pid_controller]: Holding for 5.0 simulated seconds.
[INFO] [1790441757.609983568] [leader_pid_controller]: ========================================
[INFO] [1790441757.610219792] [leader_pid_controller]: EXPERIMENT SUCCESS
[INFO] [1790441757.610426694] [leader_pid_controller]: Goal distance: 0.874 m
[INFO] [1790441757.610623183] [leader_pid_controller]: Speed: 0.002 m/s
[INFO] [1790441757.610819908] [leader_pid_controller]: Remained within 1.00 m for 5.0 simulated seconds.
[INFO] [1790441757.611034066] [leader_pid_controller]: ========================================
Traceback (most recent call last):
  File "/home/sajed/vrx_ws/install/platoon_control/lib/platoon_control/leader_pid_controller", line 33, in <module>
    sys.exit(load_entry_point('platoon-control', 'console_scripts', 'leader_pid_controller')())
             ^^^^^^^^^^^^^^^^^^^^^^^^^^^^^^^^^^^^^^^^^^^^^^^^^^^^^^^^^^^^^^^^^^^^^^^^^^^^^^^^^
  File "/home/sajed/vrx_ws/build/platoon_control/platoon_control/leader_pid_controller.py", line 2126, in main
    node.stop()
  File "/home/sajed/vrx_ws/build/platoon_control/platoon_control/leader_pid_controller.py", line 2096, in stop
    self.publish_zero_thrust()
  File "/home/sajed/vrx_ws/build/platoon_control/platoon_control/leader_pid_controller.py", line 2046, in publish_zero_thrust
    self.publish_thrusters(
  File "/home/sajed/vrx_ws/build/platoon_control/platoon_control/leader_pid_controller.py", line 2006, in publish_thrusters
    self.left_position_publisher.publish(
  File "/opt/ros/jazzy/lib/python3.12/site-packages/rclpy/publisher.py", line 70, in publish
    self.__publisher.publish(msg)
rclpy._rclpy_pybind11.RCLError: Failed to publish: publisher's context is invalid, at ./src/rcl/publisher.c:423
[ros2run]: Process exited with failure 1
