[INFO] [1790443388.566354841] [leader_pid_controller]: Leader PID controller started.
[INFO] [1790443388.566900652] [leader_pid_controller]: Control rate: 10.00 Hz
[INFO] [1790443388.567536692] [leader_pid_controller]: Controller state: TRACK
[INFO] [1790443392.620329796] [leader_pid_controller]: Controller state: TRACK
[INFO] [1790443392.620622133] [leader_pid_controller]: New reference path received: 64 waypoints.
[INFO] [1790443404.697696022] [leader_pid_controller]: Controller state: BRAKE
[INFO] [1790443404.698004819] [leader_pid_controller]: Goal braking started. Total speed=0.765 m/s, surge=0.725 m/s.
[INFO] [1790443406.062046936] [leader_pid_controller]: Boat stopped outside goal tolerance. Distance=1.461 m. Entering RECOVER.
[INFO] [1790443406.062550491] [leader_pid_controller]: Controller state: RECOVER
[INFO] [1790443406.062777404] [leader_pid_controller]: RECOVER mode: ALIGN
[INFO] [1790443406.504210448] [leader_pid_controller]: RECOVER alignment complete. Beginning slow approach.
[INFO] [1790443407.794804173] [leader_pid_controller]: RECOVER capture distance reached. Distance=0.735 m. Entering BRAKE.
[INFO] [1790443407.795208915] [leader_pid_controller]: Controller state: BRAKE
[INFO] [1790443407.795480689] [leader_pid_controller]: Goal braking started. Total speed=0.282 m/s, surge=0.195 m/s.
[INFO] [1790443408.655697449] [leader_pid_controller]: Controller state: HOLD
[INFO] [1790443408.656120727] [leader_pid_controller]: Boat stopped inside target zone. Speed=0.050 m/s, distance=0.848 m.
[INFO] [1790443408.656489212] [leader_pid_controller]: Holding for 5.0 simulated seconds.
[INFO] [1790443410.078543840] [leader_pid_controller]: ========================================
[INFO] [1790443410.078901421] [leader_pid_controller]: EXPERIMENT SUCCESS
[INFO] [1790443410.079104714] [leader_pid_controller]: Goal distance: 0.940 m
[INFO] [1790443410.079315889] [leader_pid_controller]: Speed: 0.005 m/s
[INFO] [1790443410.079542969] [leader_pid_controller]: Remained within 1.00 m for 5.0 simulated seconds.
[INFO] [1790443410.079754042] [leader_pid_controller]: ========================================
Traceback (most recent call last):
  File "/home/sajed/vrx_ws/install/platoon_control/lib/platoon_control/leader_pid_controller", line 33, in <module>
    sys.exit(load_entry_point('platoon-control', 'console_scripts', 'leader_pid_controller')())
             ^^^^^^^^^^^^^^^^^^^^^^^^^^^^^^^^^^^^^^^^^^^^^^^^^^^^^^^^^^^^^^^^^^^^^^^^^^^^^^^^^
  File "/home/sajed/vrx_ws/build/platoon_control/platoon_control/leader_pid_controller.py", line 2126, in main
    node.stop()
  File "/home/sajed/vrx_ws/build/platoon_control/platoon_control/leader_pid_controller.py", line 2096, in stop
    self.publish_zero_thrust()
  File "/home/sajed/vrx_ws/build/platoon_control/platoon_control/leader_pid_controller.py", line 2046, in publish_zero_thrust
    self.publish_thrusters(
  File "/home/sajed/vrx_ws/build/platoon_control/platoon_control/leader_pid_controller.py", line 2006, in publish_thrusters
    self.left_position_publisher.publish(
  File "/opt/ros/jazzy/lib/python3.12/site-packages/rclpy/publisher.py", line 70, in publish
    self.__publisher.publish(msg)
rclpy._rclpy_pybind11.RCLError: Failed to publish: publisher's context is invalid, at ./src/rcl/publisher.c:423
[ros2run]: Process exited with failure 1
