[INFO] [1790444421.543830666] [leader_pid_controller]: Leader PID controller started.
[INFO] [1790444421.544480183] [leader_pid_controller]: Control rate: 10.00 Hz
[INFO] [1790444421.544961875] [leader_pid_controller]: Controller state: TRACK
[INFO] [1790444428.194200226] [leader_pid_controller]: Controller state: TRACK
[INFO] [1790444428.194575829] [leader_pid_controller]: New reference path received: 64 waypoints.
[INFO] [1790444440.161213007] [leader_pid_controller]: Controller state: BRAKE
[INFO] [1790444440.161512392] [leader_pid_controller]: Goal braking started. Total speed=0.778 m/s, surge=0.745 m/s.
[INFO] [1790444441.268799371] [leader_pid_controller]: Controller state: HOLD
[INFO] [1790444441.269084056] [leader_pid_controller]: Boat stopped inside target zone. Speed=0.048 m/s, distance=0.874 m.
[INFO] [1790444441.269310742] [leader_pid_controller]: Holding for 5.0 simulated seconds.
[INFO] [1790444442.658015121] [leader_pid_controller]: ========================================
[INFO] [1790444442.658289822] [leader_pid_controller]: EXPERIMENT SUCCESS
[INFO] [1790444442.658504536] [leader_pid_controller]: Goal distance: 0.945 m
[INFO] [1790444442.658726712] [leader_pid_controller]: Speed: 0.007 m/s
[INFO] [1790444442.658957318] [leader_pid_controller]: Remained within 1.00 m for 5.0 simulated seconds.
[INFO] [1790444442.659169044] [leader_pid_controller]: ========================================
Traceback (most recent call last):
  File "/home/sajed/vrx_ws/install/platoon_control/lib/platoon_control/leader_pid_controller", line 33, in <module>
    sys.exit(load_entry_point('platoon-control', 'console_scripts', 'leader_pid_controller')())
             ^^^^^^^^^^^^^^^^^^^^^^^^^^^^^^^^^^^^^^^^^^^^^^^^^^^^^^^^^^^^^^^^^^^^^^^^^^^^^^^^^
  File "/home/sajed/vrx_ws/build/platoon_control/platoon_control/leader_pid_controller.py", line 2126, in main
    node.stop()
  File "/home/sajed/vrx_ws/build/platoon_control/platoon_control/leader_pid_controller.py", line 2096, in stop
    self.publish_zero_thrust()
  File "/home/sajed/vrx_ws/build/platoon_control/platoon_control/leader_pid_controller.py", line 2046, in publish_zero_thrust
    self.publish_thrusters(
  File "/home/sajed/vrx_ws/build/platoon_control/platoon_control/leader_pid_controller.py", line 2006, in publish_thrusters
    self.left_position_publisher.publish(
  File "/opt/ros/jazzy/lib/python3.12/site-packages/rclpy/publisher.py", line 70, in publish
    self.__publisher.publish(msg)
rclpy._rclpy_pybind11.RCLError: Failed to publish: publisher's context is invalid, at ./src/rcl/publisher.c:423
[ros2run]: Process exited with failure 1
