[INFO] [1790440809.903581484] [leader_pid_controller]: Leader PID controller started.
[INFO] [1790440809.904275570] [leader_pid_controller]: Control rate: 10.00 Hz
[INFO] [1790440809.904764007] [leader_pid_controller]: Controller state: TRACK
[INFO] [1790440813.845081191] [leader_pid_controller]: Controller state: TRACK
[INFO] [1790440813.845373857] [leader_pid_controller]: New reference path received: 64 waypoints.
[INFO] [1790440825.645292769] [leader_pid_controller]: Controller state: BRAKE
[INFO] [1790440825.645616759] [leader_pid_controller]: Goal braking started. Total speed=0.756 m/s, surge=0.694 m/s.
[INFO] [1790440827.071829970] [leader_pid_controller]: Boat stopped outside goal tolerance. Distance=1.557 m. Entering RECOVER.
[INFO] [1790440827.072610311] [leader_pid_controller]: Controller state: RECOVER
[INFO] [1790440827.072835592] [leader_pid_controller]: RECOVER mode: ALIGN
[INFO] [1790440827.886327775] [leader_pid_controller]: RECOVER alignment complete. Beginning slow approach.
[INFO] [1790440829.440748887] [leader_pid_controller]: RECOVER capture distance reached. Distance=0.737 m. Entering BRAKE.
[INFO] [1790440829.441237040] [leader_pid_controller]: Controller state: BRAKE
[INFO] [1790440829.441465534] [leader_pid_controller]: Goal braking started. Total speed=0.259 m/s, surge=0.202 m/s.
[INFO] [1790440829.997001844] [leader_pid_controller]: Controller state: HOLD
[INFO] [1790440829.997261005] [leader_pid_controller]: Boat stopped inside target zone. Speed=0.049 m/s, distance=0.815 m.
[INFO] [1790440829.997477685] [leader_pid_controller]: Holding for 5.0 simulated seconds.
[INFO] [1790440831.264303876] [leader_pid_controller]: ========================================
[INFO] [1790440831.264555076] [leader_pid_controller]: EXPERIMENT SUCCESS
[INFO] [1790440831.264772892] [leader_pid_controller]: Goal distance: 0.936 m
[INFO] [1790440831.264992625] [leader_pid_controller]: Speed: 0.006 m/s
[INFO] [1790440831.265281183] [leader_pid_controller]: Remained within 1.00 m for 5.0 simulated seconds.
[INFO] [1790440831.265513657] [leader_pid_controller]: ========================================
Traceback (most recent call last):
  File "/home/sajed/vrx_ws/install/platoon_control/lib/platoon_control/leader_pid_controller", line 33, in <module>
    sys.exit(load_entry_point('platoon-control', 'console_scripts', 'leader_pid_controller')())
             ^^^^^^^^^^^^^^^^^^^^^^^^^^^^^^^^^^^^^^^^^^^^^^^^^^^^^^^^^^^^^^^^^^^^^^^^^^^^^^^^^
  File "/home/sajed/vrx_ws/build/platoon_control/platoon_control/leader_pid_controller.py", line 2126, in main
    node.stop()
  File "/home/sajed/vrx_ws/build/platoon_control/platoon_control/leader_pid_controller.py", line 2096, in stop
    self.publish_zero_thrust()
  File "/home/sajed/vrx_ws/build/platoon_control/platoon_control/leader_pid_controller.py", line 2046, in publish_zero_thrust
    self.publish_thrusters(
  File "/home/sajed/vrx_ws/build/platoon_control/platoon_control/leader_pid_controller.py", line 2006, in publish_thrusters
    self.left_position_publisher.publish(
  File "/opt/ros/jazzy/lib/python3.12/site-packages/rclpy/publisher.py", line 70, in publish
    self.__publisher.publish(msg)
rclpy._rclpy_pybind11.RCLError: Failed to publish: publisher's context is invalid, at ./src/rcl/publisher.c:423
[ros2run]: Process exited with failure 1
