[INFO] [1790443260.880241888] [leader_pid_controller]: Leader PID controller started.
[INFO] [1790443260.881377185] [leader_pid_controller]: Control rate: 10.00 Hz
[INFO] [1790443260.882287516] [leader_pid_controller]: Controller state: TRACK
[INFO] [1790443264.966981965] [leader_pid_controller]: Controller state: TRACK
[INFO] [1790443264.967335833] [leader_pid_controller]: New reference path received: 64 waypoints.
[INFO] [1790443277.273106537] [leader_pid_controller]: Controller state: BRAKE
[INFO] [1790443277.273422254] [leader_pid_controller]: Goal braking started. Total speed=0.758 m/s, surge=0.732 m/s.
[INFO] [1790443278.564466090] [leader_pid_controller]: Boat stopped outside goal tolerance. Distance=1.402 m. Entering RECOVER.
[INFO] [1790443278.565214845] [leader_pid_controller]: Controller state: RECOVER
[INFO] [1790443278.565431809] [leader_pid_controller]: RECOVER mode: ALIGN
[INFO] [1790443279.045174393] [leader_pid_controller]: RECOVER alignment complete. Beginning slow approach.
[INFO] [1790443280.261834787] [leader_pid_controller]: RECOVER capture distance reached. Distance=0.745 m. Entering BRAKE.
[INFO] [1790443280.262221375] [leader_pid_controller]: Controller state: BRAKE
[INFO] [1790443280.262450977] [leader_pid_controller]: Goal braking started. Total speed=0.268 m/s, surge=0.193 m/s.
[INFO] [1790443281.042100611] [leader_pid_controller]: Controller state: HOLD
[INFO] [1790443281.042352260] [leader_pid_controller]: Boat stopped inside target zone. Speed=0.046 m/s, distance=0.843 m.
[INFO] [1790443281.042556958] [leader_pid_controller]: Holding for 5.0 simulated seconds.
[INFO] [1790443282.359568082] [leader_pid_controller]: ========================================
[INFO] [1790443282.359831881] [leader_pid_controller]: EXPERIMENT SUCCESS
[INFO] [1790443282.360032719] [leader_pid_controller]: Goal distance: 0.935 m
[INFO] [1790443282.360226955] [leader_pid_controller]: Speed: 0.001 m/s
[INFO] [1790443282.360466611] [leader_pid_controller]: Remained within 1.00 m for 5.0 simulated seconds.
[INFO] [1790443282.360679559] [leader_pid_controller]: ========================================
Traceback (most recent call last):
  File "/home/sajed/vrx_ws/install/platoon_control/lib/platoon_control/leader_pid_controller", line 33, in <module>
    sys.exit(load_entry_point('platoon-control', 'console_scripts', 'leader_pid_controller')())
             ^^^^^^^^^^^^^^^^^^^^^^^^^^^^^^^^^^^^^^^^^^^^^^^^^^^^^^^^^^^^^^^^^^^^^^^^^^^^^^^^^
  File "/home/sajed/vrx_ws/build/platoon_control/platoon_control/leader_pid_controller.py", line 2126, in main
    node.stop()
  File "/home/sajed/vrx_ws/build/platoon_control/platoon_control/leader_pid_controller.py", line 2096, in stop
    self.publish_zero_thrust()
  File "/home/sajed/vrx_ws/build/platoon_control/platoon_control/leader_pid_controller.py", line 2046, in publish_zero_thrust
    self.publish_thrusters(
  File "/home/sajed/vrx_ws/build/platoon_control/platoon_control/leader_pid_controller.py", line 2006, in publish_thrusters
    self.left_position_publisher.publish(
  File "/opt/ros/jazzy/lib/python3.12/site-packages/rclpy/publisher.py", line 70, in publish
    self.__publisher.publish(msg)
rclpy._rclpy_pybind11.RCLError: Failed to publish: publisher's context is invalid, at ./src/rcl/publisher.c:423
[ros2run]: Process exited with failure 1
