[INFO] [1790441636.701113093] [leader_pid_controller]: Leader PID controller started.
[INFO] [1790441636.701687223] [leader_pid_controller]: Control rate: 10.00 Hz
[INFO] [1790441636.702166202] [leader_pid_controller]: Controller state: TRACK
[INFO] [1790441641.340696814] [leader_pid_controller]: Controller state: TRACK
[INFO] [1790441641.340968735] [leader_pid_controller]: New reference path received: 41 waypoints.
[INFO] [1790441648.857055697] [leader_pid_controller]: Controller state: BRAKE
[INFO] [1790441648.857380538] [leader_pid_controller]: Goal braking started. Total speed=0.747 m/s, surge=0.747 m/s.
[INFO] [1790441650.096396930] [leader_pid_controller]: Boat stopped outside goal tolerance. Distance=1.322 m. Entering RECOVER.
[INFO] [1790441650.096887913] [leader_pid_controller]: Controller state: RECOVER
[INFO] [1790441650.097101950] [leader_pid_controller]: RECOVER mode: ALIGN
[INFO] [1790441650.123472668] [leader_pid_controller]: RECOVER alignment complete. Beginning slow approach.
[INFO] [1790441651.047013364] [leader_pid_controller]: RECOVER capture distance reached. Distance=0.730 m. Entering BRAKE.
[INFO] [1790441651.047524873] [leader_pid_controller]: Controller state: BRAKE
[INFO] [1790441651.047808276] [leader_pid_controller]: Goal braking started. Total speed=0.207 m/s, surge=0.207 m/s.
[INFO] [1790441651.180241190] [leader_pid_controller]: Controller state: HOLD
[INFO] [1790441651.180499639] [leader_pid_controller]: Boat stopped inside target zone. Speed=0.031 m/s, distance=0.674 m.
[INFO] [1790441651.180714278] [leader_pid_controller]: Holding for 5.0 simulated seconds.
[INFO] [1790441652.537071839] [leader_pid_controller]: ========================================
[INFO] [1790441652.537320569] [leader_pid_controller]: EXPERIMENT SUCCESS
[INFO] [1790441652.537524829] [leader_pid_controller]: Goal distance: 0.811 m
[INFO] [1790441652.537722419] [leader_pid_controller]: Speed: 0.010 m/s
[INFO] [1790441652.537975426] [leader_pid_controller]: Remained within 1.00 m for 5.0 simulated seconds.
[INFO] [1790441652.538196127] [leader_pid_controller]: ========================================
Traceback (most recent call last):
  File "/home/sajed/vrx_ws/install/platoon_control/lib/platoon_control/leader_pid_controller", line 33, in <module>
    sys.exit(load_entry_point('platoon-control', 'console_scripts', 'leader_pid_controller')())
             ^^^^^^^^^^^^^^^^^^^^^^^^^^^^^^^^^^^^^^^^^^^^^^^^^^^^^^^^^^^^^^^^^^^^^^^^^^^^^^^^^
  File "/home/sajed/vrx_ws/build/platoon_control/platoon_control/leader_pid_controller.py", line 2126, in main
    node.stop()
  File "/home/sajed/vrx_ws/build/platoon_control/platoon_control/leader_pid_controller.py", line 2096, in stop
    self.publish_zero_thrust()
  File "/home/sajed/vrx_ws/build/platoon_control/platoon_control/leader_pid_controller.py", line 2046, in publish_zero_thrust
    self.publish_thrusters(
  File "/home/sajed/vrx_ws/build/platoon_control/platoon_control/leader_pid_controller.py", line 2006, in publish_thrusters
    self.left_position_publisher.publish(
  File "/opt/ros/jazzy/lib/python3.12/site-packages/rclpy/publisher.py", line 70, in publish
    self.__publisher.publish(msg)
rclpy._rclpy_pybind11.RCLError: Failed to publish: publisher's context is invalid, at ./src/rcl/publisher.c:423
[ros2run]: Process exited with failure 1
