[INFO] [1790440759.756216373] [leader_pid_controller]: Leader PID controller started.
[INFO] [1790440759.756749838] [leader_pid_controller]: Control rate: 10.00 Hz
[INFO] [1790440759.757205534] [leader_pid_controller]: Controller state: TRACK
[INFO] [1790440764.991830688] [leader_pid_controller]: Controller state: TRACK
[INFO] [1790440764.992107964] [leader_pid_controller]: New reference path received: 64 waypoints.
[INFO] [1790440777.297786506] [leader_pid_controller]: Controller state: BRAKE
[INFO] [1790440777.298302360] [leader_pid_controller]: Goal braking started. Total speed=0.736 m/s, surge=0.732 m/s.
[INFO] [1790440778.616050290] [leader_pid_controller]: Boat stopped outside goal tolerance. Distance=1.327 m. Entering RECOVER.
[INFO] [1790440778.616840221] [leader_pid_controller]: Controller state: RECOVER
[INFO] [1790440778.617052940] [leader_pid_controller]: RECOVER mode: ALIGN
[INFO] [1790440778.641604080] [leader_pid_controller]: RECOVER alignment complete. Beginning slow approach.
[INFO] [1790440779.548004154] [leader_pid_controller]: RECOVER capture distance reached. Distance=0.739 m. Entering BRAKE.
[INFO] [1790440779.548431994] [leader_pid_controller]: Controller state: BRAKE
[INFO] [1790440779.548674495] [leader_pid_controller]: Goal braking started. Total speed=0.245 m/s, surge=0.198 m/s.
[INFO] [1790440780.084322878] [leader_pid_controller]: Controller state: HOLD
[INFO] [1790440780.084589151] [leader_pid_controller]: Boat stopped inside target zone. Speed=0.047 m/s, distance=0.789 m.
[INFO] [1790440780.084792347] [leader_pid_controller]: Holding for 5.0 simulated seconds.
[INFO] [1790440781.350297745] [leader_pid_controller]: ========================================
[INFO] [1790440781.350540524] [leader_pid_controller]: EXPERIMENT SUCCESS
[INFO] [1790440781.350735583] [leader_pid_controller]: Goal distance: 0.884 m
[INFO] [1790440781.350925417] [leader_pid_controller]: Speed: 0.006 m/s
[INFO] [1790440781.351155707] [leader_pid_controller]: Remained within 1.00 m for 5.0 simulated seconds.
[INFO] [1790440781.351396401] [leader_pid_controller]: ========================================
Traceback (most recent call last):
  File "/home/sajed/vrx_ws/install/platoon_control/lib/platoon_control/leader_pid_controller", line 33, in <module>
    sys.exit(load_entry_point('platoon-control', 'console_scripts', 'leader_pid_controller')())
             ^^^^^^^^^^^^^^^^^^^^^^^^^^^^^^^^^^^^^^^^^^^^^^^^^^^^^^^^^^^^^^^^^^^^^^^^^^^^^^^^^
  File "/home/sajed/vrx_ws/build/platoon_control/platoon_control/leader_pid_controller.py", line 2126, in main
    node.stop()
  File "/home/sajed/vrx_ws/build/platoon_control/platoon_control/leader_pid_controller.py", line 2096, in stop
    self.publish_zero_thrust()
  File "/home/sajed/vrx_ws/build/platoon_control/platoon_control/leader_pid_controller.py", line 2046, in publish_zero_thrust
    self.publish_thrusters(
  File "/home/sajed/vrx_ws/build/platoon_control/platoon_control/leader_pid_controller.py", line 2006, in publish_thrusters
    self.left_position_publisher.publish(
  File "/opt/ros/jazzy/lib/python3.12/site-packages/rclpy/publisher.py", line 70, in publish
    self.__publisher.publish(msg)
rclpy._rclpy_pybind11.RCLError: Failed to publish: publisher's context is invalid, at ./src/rcl/publisher.c:423
[ros2run]: Process exited with failure 1
