[INFO] [1790443535.456219144] [leader_pid_controller]: Leader PID controller started.
[INFO] [1790443535.456947111] [leader_pid_controller]: Control rate: 10.00 Hz
[INFO] [1790443535.457523607] [leader_pid_controller]: Controller state: TRACK
[INFO] [1790443540.153258957] [leader_pid_controller]: Controller state: TRACK
[INFO] [1790443540.153532382] [leader_pid_controller]: New reference path received: 64 waypoints.
[INFO] [1790443552.086192673] [leader_pid_controller]: Controller state: BRAKE
[INFO] [1790443552.086521983] [leader_pid_controller]: Goal braking started. Total speed=0.762 m/s, surge=0.729 m/s.
[INFO] [1790443553.339662065] [leader_pid_controller]: Boat stopped outside goal tolerance. Distance=1.408 m. Entering RECOVER.
[INFO] [1790443553.340157565] [leader_pid_controller]: Controller state: RECOVER
[INFO] [1790443553.340378926] [leader_pid_controller]: RECOVER mode: ALIGN
[INFO] [1790443553.731348859] [leader_pid_controller]: RECOVER alignment complete. Beginning slow approach.
[INFO] [1790443554.934730384] [leader_pid_controller]: RECOVER capture distance reached. Distance=0.736 m. Entering BRAKE.
[INFO] [1790443554.935105232] [leader_pid_controller]: Controller state: BRAKE
[INFO] [1790443554.935333696] [leader_pid_controller]: Goal braking started. Total speed=0.284 m/s, surge=0.193 m/s.
[INFO] [1790443555.686810001] [leader_pid_controller]: Controller state: HOLD
[INFO] [1790443555.687186217] [leader_pid_controller]: Boat stopped inside target zone. Speed=0.049 m/s, distance=0.850 m.
[INFO] [1790443555.687506685] [leader_pid_controller]: Holding for 5.0 simulated seconds.
[INFO] [1790443556.997909221] [leader_pid_controller]: ========================================
[INFO] [1790443556.998223858] [leader_pid_controller]: EXPERIMENT SUCCESS
[INFO] [1790443556.998472209] [leader_pid_controller]: Goal distance: 0.945 m
[INFO] [1790443556.998673748] [leader_pid_controller]: Speed: 0.001 m/s
[INFO] [1790443556.998885308] [leader_pid_controller]: Remained within 1.00 m for 5.0 simulated seconds.
[INFO] [1790443556.999099444] [leader_pid_controller]: ========================================
Traceback (most recent call last):
  File "/home/sajed/vrx_ws/install/platoon_control/lib/platoon_control/leader_pid_controller", line 33, in <module>
    sys.exit(load_entry_point('platoon-control', 'console_scripts', 'leader_pid_controller')())
             ^^^^^^^^^^^^^^^^^^^^^^^^^^^^^^^^^^^^^^^^^^^^^^^^^^^^^^^^^^^^^^^^^^^^^^^^^^^^^^^^^
  File "/home/sajed/vrx_ws/build/platoon_control/platoon_control/leader_pid_controller.py", line 2126, in main
    node.stop()
  File "/home/sajed/vrx_ws/build/platoon_control/platoon_control/leader_pid_controller.py", line 2096, in stop
    self.publish_zero_thrust()
  File "/home/sajed/vrx_ws/build/platoon_control/platoon_control/leader_pid_controller.py", line 2046, in publish_zero_thrust
    self.publish_thrusters(
  File "/home/sajed/vrx_ws/build/platoon_control/platoon_control/leader_pid_controller.py", line 2006, in publish_thrusters
    self.left_position_publisher.publish(
  File "/opt/ros/jazzy/lib/python3.12/site-packages/rclpy/publisher.py", line 70, in publish
    self.__publisher.publish(msg)
rclpy._rclpy_pybind11.RCLError: Failed to publish: publisher's context is invalid, at ./src/rcl/publisher.c:423
[ros2run]: Process exited with failure 1
