[INFO] [1790443509.129097011] [leader_pid_controller]: Leader PID controller started.
[INFO] [1790443509.130376782] [leader_pid_controller]: Control rate: 10.00 Hz
[INFO] [1790443509.131175708] [leader_pid_controller]: Controller state: TRACK
[INFO] [1790443513.800236488] [leader_pid_controller]: Controller state: TRACK
[INFO] [1790443513.800560234] [leader_pid_controller]: New reference path received: 64 waypoints.
[INFO] [1790443525.312427513] [leader_pid_controller]: Controller state: BRAKE
[INFO] [1790443525.312755920] [leader_pid_controller]: Goal braking started. Total speed=0.756 m/s, surge=0.733 m/s.
[INFO] [1790443526.589638997] [leader_pid_controller]: Boat stopped outside goal tolerance. Distance=1.388 m. Entering RECOVER.
[INFO] [1790443526.590397373] [leader_pid_controller]: Controller state: RECOVER
[INFO] [1790443526.590630905] [leader_pid_controller]: RECOVER mode: ALIGN
[INFO] [1790443526.956851299] [leader_pid_controller]: RECOVER alignment complete. Beginning slow approach.
[INFO] [1790443528.085175395] [leader_pid_controller]: RECOVER capture distance reached. Distance=0.734 m. Entering BRAKE.
[INFO] [1790443528.085637560] [leader_pid_controller]: Controller state: BRAKE
[INFO] [1790443528.085883273] [leader_pid_controller]: Goal braking started. Total speed=0.268 m/s, surge=0.202 m/s.
[INFO] [1790443528.807571754] [leader_pid_controller]: Controller state: HOLD
[INFO] [1790443528.807852920] [leader_pid_controller]: Boat stopped inside target zone. Speed=0.047 m/s, distance=0.838 m.
[INFO] [1790443528.808083216] [leader_pid_controller]: Holding for 5.0 simulated seconds.
[INFO] [1790443530.138634117] [leader_pid_controller]: ========================================
[INFO] [1790443530.138886162] [leader_pid_controller]: EXPERIMENT SUCCESS
[INFO] [1790443530.139097053] [leader_pid_controller]: Goal distance: 0.932 m
[INFO] [1790443530.139323148] [leader_pid_controller]: Speed: 0.007 m/s
[INFO] [1790443530.139875641] [leader_pid_controller]: Remained within 1.00 m for 5.0 simulated seconds.
[INFO] [1790443530.140188446] [leader_pid_controller]: ========================================
Traceback (most recent call last):
  File "/home/sajed/vrx_ws/install/platoon_control/lib/platoon_control/leader_pid_controller", line 33, in <module>
    sys.exit(load_entry_point('platoon-control', 'console_scripts', 'leader_pid_controller')())
             ^^^^^^^^^^^^^^^^^^^^^^^^^^^^^^^^^^^^^^^^^^^^^^^^^^^^^^^^^^^^^^^^^^^^^^^^^^^^^^^^^
  File "/home/sajed/vrx_ws/build/platoon_control/platoon_control/leader_pid_controller.py", line 2126, in main
    node.stop()
  File "/home/sajed/vrx_ws/build/platoon_control/platoon_control/leader_pid_controller.py", line 2096, in stop
    self.publish_zero_thrust()
  File "/home/sajed/vrx_ws/build/platoon_control/platoon_control/leader_pid_controller.py", line 2046, in publish_zero_thrust
    self.publish_thrusters(
  File "/home/sajed/vrx_ws/build/platoon_control/platoon_control/leader_pid_controller.py", line 2006, in publish_thrusters
    self.left_position_publisher.publish(
  File "/opt/ros/jazzy/lib/python3.12/site-packages/rclpy/publisher.py", line 70, in publish
    self.__publisher.publish(msg)
rclpy._rclpy_pybind11.RCLError: Failed to publish: publisher's context is invalid, at ./src/rcl/publisher.c:423
[ros2run]: Process exited with failure 1
