[INFO] [1790441142.697782935] [leader_pid_controller]: Leader PID controller started.
[INFO] [1790441142.698419637] [leader_pid_controller]: Control rate: 10.00 Hz
[INFO] [1790441142.699013852] [leader_pid_controller]: Controller state: TRACK
[INFO] [1790441149.211606332] [leader_pid_controller]: Controller state: TRACK
[INFO] [1790441149.211946081] [leader_pid_controller]: New reference path received: 64 waypoints.
[INFO] [1790441160.896668337] [leader_pid_controller]: Controller state: BRAKE
[INFO] [1790441160.896953082] [leader_pid_controller]: Goal braking started. Total speed=0.761 m/s, surge=0.724 m/s.
[INFO] [1790441162.216814900] [leader_pid_controller]: Boat stopped outside goal tolerance. Distance=1.418 m. Entering RECOVER.
[INFO] [1790441162.217292388] [leader_pid_controller]: Controller state: RECOVER
[INFO] [1790441162.217504362] [leader_pid_controller]: RECOVER mode: ALIGN
[INFO] [1790441162.721518373] [leader_pid_controller]: RECOVER alignment complete. Beginning slow approach.
[INFO] [1790441164.045780242] [leader_pid_controller]: RECOVER capture distance reached. Distance=0.735 m. Entering BRAKE.
[INFO] [1790441164.046281967] [leader_pid_controller]: Controller state: BRAKE
[INFO] [1790441164.046529227] [leader_pid_controller]: Goal braking started. Total speed=0.283 m/s, surge=0.200 m/s.
[INFO] [1790441165.029685391] [leader_pid_controller]: Controller state: HOLD
[INFO] [1790441165.029961378] [leader_pid_controller]: Boat stopped inside target zone. Speed=0.049 m/s, distance=0.903 m.
[INFO] [1790441165.030189797] [leader_pid_controller]: Holding for 5.0 simulated seconds.
[INFO] [1790441166.447537617] [leader_pid_controller]: ========================================
[INFO] [1790441166.447790234] [leader_pid_controller]: EXPERIMENT SUCCESS
[INFO] [1790441166.447996864] [leader_pid_controller]: Goal distance: 0.982 m
[INFO] [1790441166.448239944] [leader_pid_controller]: Speed: 0.017 m/s
[INFO] [1790441166.448466442] [leader_pid_controller]: Remained within 1.00 m for 5.0 simulated seconds.
[INFO] [1790441166.448685139] [leader_pid_controller]: ========================================
Traceback (most recent call last):
  File "/home/sajed/vrx_ws/install/platoon_control/lib/platoon_control/leader_pid_controller", line 33, in <module>
    sys.exit(load_entry_point('platoon-control', 'console_scripts', 'leader_pid_controller')())
             ^^^^^^^^^^^^^^^^^^^^^^^^^^^^^^^^^^^^^^^^^^^^^^^^^^^^^^^^^^^^^^^^^^^^^^^^^^^^^^^^^
  File "/home/sajed/vrx_ws/build/platoon_control/platoon_control/leader_pid_controller.py", line 2126, in main
    node.stop()
  File "/home/sajed/vrx_ws/build/platoon_control/platoon_control/leader_pid_controller.py", line 2096, in stop
    self.publish_zero_thrust()
  File "/home/sajed/vrx_ws/build/platoon_control/platoon_control/leader_pid_controller.py", line 2046, in publish_zero_thrust
    self.publish_thrusters(
  File "/home/sajed/vrx_ws/build/platoon_control/platoon_control/leader_pid_controller.py", line 2006, in publish_thrusters
    self.left_position_publisher.publish(
  File "/opt/ros/jazzy/lib/python3.12/site-packages/rclpy/publisher.py", line 70, in publish
    self.__publisher.publish(msg)
rclpy._rclpy_pybind11.RCLError: Failed to publish: publisher's context is invalid, at ./src/rcl/publisher.c:423
[ros2run]: Process exited with failure 1
