[INFO] [1790441303.889443132] [leader_pid_controller]: Leader PID controller started.
[INFO] [1790441303.890058193] [leader_pid_controller]: Control rate: 10.00 Hz
[INFO] [1790441303.890516904] [leader_pid_controller]: Controller state: TRACK
[INFO] [1790441307.906390970] [leader_pid_controller]: Controller state: TRACK
[INFO] [1790441307.906660867] [leader_pid_controller]: New reference path received: 64 waypoints.
[INFO] [1790441320.051546296] [leader_pid_controller]: Controller state: BRAKE
[INFO] [1790441320.051846954] [leader_pid_controller]: Goal braking started. Total speed=0.757 m/s, surge=0.685 m/s.
[INFO] [1790441321.472982819] [leader_pid_controller]: Boat stopped outside goal tolerance. Distance=1.524 m. Entering RECOVER.
[INFO] [1790441321.473477439] [leader_pid_controller]: Controller state: RECOVER
[INFO] [1790441321.473684792] [leader_pid_controller]: RECOVER mode: ALIGN
[INFO] [1790441322.138453390] [leader_pid_controller]: RECOVER alignment complete. Beginning slow approach.
[INFO] [1790441323.588303330] [leader_pid_controller]: RECOVER capture distance reached. Distance=0.739 m. Entering BRAKE.
[INFO] [1790441323.588672747] [leader_pid_controller]: Controller state: BRAKE
[INFO] [1790441323.588879767] [leader_pid_controller]: Goal braking started. Total speed=0.261 m/s, surge=0.198 m/s.
[INFO] [1790441324.250028185] [leader_pid_controller]: Controller state: HOLD
[INFO] [1790441324.250353819] [leader_pid_controller]: Boat stopped inside target zone. Speed=0.047 m/s, distance=0.831 m.
[INFO] [1790441324.250628926] [leader_pid_controller]: Holding for 5.0 simulated seconds.
[INFO] [1790441325.516246714] [leader_pid_controller]: ========================================
[INFO] [1790441325.516476046] [leader_pid_controller]: EXPERIMENT SUCCESS
[INFO] [1790441325.516663147] [leader_pid_controller]: Goal distance: 0.932 m
[INFO] [1790441325.516888682] [leader_pid_controller]: Speed: 0.003 m/s
[INFO] [1790441325.517102205] [leader_pid_controller]: Remained within 1.00 m for 5.0 simulated seconds.
[INFO] [1790441325.517328548] [leader_pid_controller]: ========================================
Traceback (most recent call last):
  File "/home/sajed/vrx_ws/install/platoon_control/lib/platoon_control/leader_pid_controller", line 33, in <module>
    sys.exit(load_entry_point('platoon-control', 'console_scripts', 'leader_pid_controller')())
             ^^^^^^^^^^^^^^^^^^^^^^^^^^^^^^^^^^^^^^^^^^^^^^^^^^^^^^^^^^^^^^^^^^^^^^^^^^^^^^^^^
  File "/home/sajed/vrx_ws/build/platoon_control/platoon_control/leader_pid_controller.py", line 2126, in main
    node.stop()
  File "/home/sajed/vrx_ws/build/platoon_control/platoon_control/leader_pid_controller.py", line 2096, in stop
    self.publish_zero_thrust()
  File "/home/sajed/vrx_ws/build/platoon_control/platoon_control/leader_pid_controller.py", line 2046, in publish_zero_thrust
    self.publish_thrusters(
  File "/home/sajed/vrx_ws/build/platoon_control/platoon_control/leader_pid_controller.py", line 2006, in publish_thrusters
    self.left_position_publisher.publish(
  File "/opt/ros/jazzy/lib/python3.12/site-packages/rclpy/publisher.py", line 70, in publish
    self.__publisher.publish(msg)
rclpy._rclpy_pybind11.RCLError: Failed to publish: publisher's context is invalid, at ./src/rcl/publisher.c:423
[ros2run]: Process exited with failure 1
