[INFO] [1790441685.078594259] [leader_pid_controller]: Leader PID controller started.
[INFO] [1790441685.079214493] [leader_pid_controller]: Control rate: 10.00 Hz
[INFO] [1790441685.079772728] [leader_pid_controller]: Controller state: TRACK
[INFO] [1790441691.688910368] [leader_pid_controller]: Controller state: TRACK
[INFO] [1790441691.689323608] [leader_pid_controller]: New reference path received: 41 waypoints.
[INFO] [1790441699.407764720] [leader_pid_controller]: Controller state: BRAKE
[INFO] [1790441699.408114465] [leader_pid_controller]: Goal braking started. Total speed=0.748 m/s, surge=0.744 m/s.
[INFO] [1790441700.562494699] [leader_pid_controller]: Boat stopped outside goal tolerance. Distance=1.345 m. Entering RECOVER.
[INFO] [1790441700.562987877] [leader_pid_controller]: Controller state: RECOVER
[INFO] [1790441700.563208356] [leader_pid_controller]: RECOVER mode: ALIGN
[INFO] [1790441700.639941325] [leader_pid_controller]: RECOVER alignment complete. Beginning slow approach.
[INFO] [1790441701.714942845] [leader_pid_controller]: RECOVER capture distance reached. Distance=0.735 m. Entering BRAKE.
[INFO] [1790441701.715394649] [leader_pid_controller]: Controller state: BRAKE
[INFO] [1790441701.715624282] [leader_pid_controller]: Goal braking started. Total speed=0.292 m/s, surge=0.202 m/s.
[INFO] [1790441702.697192124] [leader_pid_controller]: Controller state: HOLD
[INFO] [1790441702.719035910] [leader_pid_controller]: Boat stopped inside target zone. Speed=0.048 m/s, distance=0.925 m.
[INFO] [1790441702.719260690] [leader_pid_controller]: Holding for 5.0 simulated seconds.
[WARN] [1790441703.800983247] [leader_pid_controller]: Robot left goal tolerance during HOLD. Entering RECOVER.
[INFO] [1790441703.801443715] [leader_pid_controller]: Controller state: RECOVER
[INFO] [1790441703.801645192] [leader_pid_controller]: RECOVER mode: ALIGN
[INFO] [1790441704.492545125] [leader_pid_controller]: RECOVER alignment complete. Beginning slow approach.
[INFO] [1790441705.287017053] [leader_pid_controller]: RECOVER capture distance reached. Distance=0.742 m. Entering BRAKE.
[INFO] [1790441705.287449964] [leader_pid_controller]: Controller state: BRAKE
[INFO] [1790441705.287679171] [leader_pid_controller]: Goal braking started. Total speed=0.292 m/s, surge=0.194 m/s.
[INFO] [1790441706.148270866] [leader_pid_controller]: Controller state: HOLD
[INFO] [1790441706.148511594] [leader_pid_controller]: Boat stopped inside target zone. Speed=0.049 m/s, distance=0.893 m.
[INFO] [1790441706.148716393] [leader_pid_controller]: Holding for 5.0 simulated seconds.
[INFO] [1790441707.436215708] [leader_pid_controller]: ========================================
[INFO] [1790441707.436466059] [leader_pid_controller]: EXPERIMENT SUCCESS
[INFO] [1790441707.436675422] [leader_pid_controller]: Goal distance: 0.985 m
[INFO] [1790441707.436870177] [leader_pid_controller]: Speed: 0.006 m/s
[INFO] [1790441707.437105631] [leader_pid_controller]: Remained within 1.00 m for 5.0 simulated seconds.
[INFO] [1790441707.437326091] [leader_pid_controller]: ========================================
Traceback (most recent call last):
  File "/home/sajed/vrx_ws/install/platoon_control/lib/platoon_control/leader_pid_controller", line 33, in <module>
    sys.exit(load_entry_point('platoon-control', 'console_scripts', 'leader_pid_controller')())
             ^^^^^^^^^^^^^^^^^^^^^^^^^^^^^^^^^^^^^^^^^^^^^^^^^^^^^^^^^^^^^^^^^^^^^^^^^^^^^^^^^
  File "/home/sajed/vrx_ws/build/platoon_control/platoon_control/leader_pid_controller.py", line 2126, in main
    node.stop()
  File "/home/sajed/vrx_ws/build/platoon_control/platoon_control/leader_pid_controller.py", line 2096, in stop
    self.publish_zero_thrust()
  File "/home/sajed/vrx_ws/build/platoon_control/platoon_control/leader_pid_controller.py", line 2046, in publish_zero_thrust
    self.publish_thrusters(
  File "/home/sajed/vrx_ws/build/platoon_control/platoon_control/leader_pid_controller.py", line 2006, in publish_thrusters
    self.left_position_publisher.publish(
  File "/opt/ros/jazzy/lib/python3.12/site-packages/rclpy/publisher.py", line 70, in publish
    self.__publisher.publish(msg)
rclpy._rclpy_pybind11.RCLError: Failed to publish: publisher's context is invalid, at ./src/rcl/publisher.c:423
[ros2run]: Process exited with failure 1
