[INFO] [1790441095.974380735] [leader_pid_controller]: Leader PID controller started.
[INFO] [1790441095.974906027] [leader_pid_controller]: Control rate: 10.00 Hz
[INFO] [1790441095.975418306] [leader_pid_controller]: Controller state: TRACK
[INFO] [1790441099.898863762] [leader_pid_controller]: Controller state: TRACK
[INFO] [1790441099.899142361] [leader_pid_controller]: New reference path received: 64 waypoints.
[INFO] [1790441111.871520251] [leader_pid_controller]: Controller state: BRAKE
[INFO] [1790441111.871862928] [leader_pid_controller]: Goal braking started. Total speed=0.751 m/s, surge=0.716 m/s.
[INFO] [1790441113.201802919] [leader_pid_controller]: Boat stopped outside goal tolerance. Distance=1.382 m. Entering RECOVER.
[INFO] [1790441113.202343583] [leader_pid_controller]: Controller state: RECOVER
[INFO] [1790441113.202553673] [leader_pid_controller]: RECOVER mode: ALIGN
[INFO] [1790441113.768421210] [leader_pid_controller]: RECOVER alignment complete. Beginning slow approach.
[INFO] [1790441114.975981110] [leader_pid_controller]: RECOVER capture distance reached. Distance=0.739 m. Entering BRAKE.
[INFO] [1790441114.976382133] [leader_pid_controller]: Controller state: BRAKE
[INFO] [1790441114.976613423] [leader_pid_controller]: Goal braking started. Total speed=0.269 m/s, surge=0.202 m/s.
[INFO] [1790441115.871177224] [leader_pid_controller]: Controller state: HOLD
[INFO] [1790441115.871482353] [leader_pid_controller]: Boat stopped inside target zone. Speed=0.047 m/s, distance=0.906 m.
[INFO] [1790441115.871705691] [leader_pid_controller]: Holding for 5.0 simulated seconds.
[INFO] [1790441117.146771646] [leader_pid_controller]: ========================================
[INFO] [1790441117.147397167] [leader_pid_controller]: EXPERIMENT SUCCESS
[INFO] [1790441117.147805506] [leader_pid_controller]: Goal distance: 0.986 m
[INFO] [1790441117.148114763] [leader_pid_controller]: Speed: 0.020 m/s
[INFO] [1790441117.148433431] [leader_pid_controller]: Remained within 1.00 m for 5.0 simulated seconds.
[INFO] [1790441117.148688688] [leader_pid_controller]: ========================================
Traceback (most recent call last):
  File "/home/sajed/vrx_ws/install/platoon_control/lib/platoon_control/leader_pid_controller", line 33, in <module>
    sys.exit(load_entry_point('platoon-control', 'console_scripts', 'leader_pid_controller')())
             ^^^^^^^^^^^^^^^^^^^^^^^^^^^^^^^^^^^^^^^^^^^^^^^^^^^^^^^^^^^^^^^^^^^^^^^^^^^^^^^^^
  File "/home/sajed/vrx_ws/build/platoon_control/platoon_control/leader_pid_controller.py", line 2126, in main
    node.stop()
  File "/home/sajed/vrx_ws/build/platoon_control/platoon_control/leader_pid_controller.py", line 2096, in stop
    self.publish_zero_thrust()
  File "/home/sajed/vrx_ws/build/platoon_control/platoon_control/leader_pid_controller.py", line 2046, in publish_zero_thrust
    self.publish_thrusters(
  File "/home/sajed/vrx_ws/build/platoon_control/platoon_control/leader_pid_controller.py", line 2006, in publish_thrusters
    self.left_position_publisher.publish(
  File "/opt/ros/jazzy/lib/python3.12/site-packages/rclpy/publisher.py", line 70, in publish
    self.__publisher.publish(msg)
rclpy._rclpy_pybind11.RCLError: Failed to publish: publisher's context is invalid, at ./src/rcl/publisher.c:423
[ros2run]: Process exited with failure 1
