[INFO] [1790444241.493953518] [leader_pid_controller]: Leader PID controller started.
[INFO] [1790444241.494530468] [leader_pid_controller]: Control rate: 10.00 Hz
[INFO] [1790444241.495053740] [leader_pid_controller]: Controller state: TRACK
[INFO] [1790444248.211044273] [leader_pid_controller]: Controller state: TRACK
[INFO] [1790444248.211344725] [leader_pid_controller]: New reference path received: 64 waypoints.
[INFO] [1790444260.313593249] [leader_pid_controller]: Controller state: BRAKE
[INFO] [1790444260.313905882] [leader_pid_controller]: Goal braking started. Total speed=0.779 m/s, surge=0.743 m/s.
[INFO] [1790444261.412444066] [leader_pid_controller]: Controller state: HOLD
[INFO] [1790444261.412699725] [leader_pid_controller]: Boat stopped inside target zone. Speed=0.050 m/s, distance=0.963 m.
[INFO] [1790444261.412917305] [leader_pid_controller]: Holding for 5.0 simulated seconds.
[WARN] [1790444262.059047887] [leader_pid_controller]: Robot left goal tolerance during HOLD. Entering RECOVER.
[INFO] [1790444262.059581500] [leader_pid_controller]: Controller state: RECOVER
[INFO] [1790444262.059809717] [leader_pid_controller]: RECOVER mode: ALIGN
[INFO] [1790444262.814941181] [leader_pid_controller]: RECOVER alignment complete. Beginning slow approach.
[INFO] [1790444263.947259547] [leader_pid_controller]: RECOVER capture distance reached. Distance=0.736 m. Entering BRAKE.
[INFO] [1790444263.947671956] [leader_pid_controller]: Controller state: BRAKE
[INFO] [1790444263.947890128] [leader_pid_controller]: Goal braking started. Total speed=0.300 m/s, surge=0.193 m/s.
[INFO] [1790444264.818189227] [leader_pid_controller]: Controller state: HOLD
[INFO] [1790444264.818460908] [leader_pid_controller]: Boat stopped inside target zone. Speed=0.050 m/s, distance=0.813 m.
[INFO] [1790444264.818683986] [leader_pid_controller]: Holding for 5.0 simulated seconds.
[INFO] [1790444266.232929956] [leader_pid_controller]: ========================================
[INFO] [1790444266.233173562] [leader_pid_controller]: EXPERIMENT SUCCESS
[INFO] [1790444266.233371628] [leader_pid_controller]: Goal distance: 0.875 m
[INFO] [1790444266.233610655] [leader_pid_controller]: Speed: 0.013 m/s
[INFO] [1790444266.233849937] [leader_pid_controller]: Remained within 1.00 m for 5.0 simulated seconds.
[INFO] [1790444266.234078383] [leader_pid_controller]: ========================================
Traceback (most recent call last):
  File "/home/sajed/vrx_ws/install/platoon_control/lib/platoon_control/leader_pid_controller", line 33, in <module>
    sys.exit(load_entry_point('platoon-control', 'console_scripts', 'leader_pid_controller')())
             ^^^^^^^^^^^^^^^^^^^^^^^^^^^^^^^^^^^^^^^^^^^^^^^^^^^^^^^^^^^^^^^^^^^^^^^^^^^^^^^^^
  File "/home/sajed/vrx_ws/build/platoon_control/platoon_control/leader_pid_controller.py", line 2126, in main
    node.stop()
  File "/home/sajed/vrx_ws/build/platoon_control/platoon_control/leader_pid_controller.py", line 2096, in stop
    self.publish_zero_thrust()
  File "/home/sajed/vrx_ws/build/platoon_control/platoon_control/leader_pid_controller.py", line 2046, in publish_zero_thrust
    self.publish_thrusters(
  File "/home/sajed/vrx_ws/build/platoon_control/platoon_control/leader_pid_controller.py", line 2006, in publish_thrusters
    self.left_position_publisher.publish(
  File "/opt/ros/jazzy/lib/python3.12/site-packages/rclpy/publisher.py", line 70, in publish
    self.__publisher.publish(msg)
rclpy._rclpy_pybind11.RCLError: Failed to publish: publisher's context is invalid, at ./src/rcl/publisher.c:423
[ros2run]: Process exited with failure 1
