[INFO] [1790444008.314642929] [leader_pid_controller]: Leader PID controller started.
[INFO] [1790444008.315212341] [leader_pid_controller]: Control rate: 10.00 Hz
[INFO] [1790444008.315790901] [leader_pid_controller]: Controller state: TRACK
[INFO] [1790444014.234902482] [leader_pid_controller]: Controller state: TRACK
[INFO] [1790444014.235181380] [leader_pid_controller]: New reference path received: 41 waypoints.
[INFO] [1790444021.808356146] [leader_pid_controller]: Controller state: BRAKE
[INFO] [1790444021.808627737] [leader_pid_controller]: Goal braking started. Total speed=0.769 m/s, surge=0.768 m/s.
[INFO] [1790444022.960856589] [leader_pid_controller]: Boat stopped outside goal tolerance. Distance=1.342 m. Entering RECOVER.
[INFO] [1790444022.961331924] [leader_pid_controller]: Controller state: RECOVER
[INFO] [1790444022.961549164] [leader_pid_controller]: RECOVER mode: ALIGN
[INFO] [1790444022.986132041] [leader_pid_controller]: RECOVER alignment complete. Beginning slow approach.
[INFO] [1790444024.143208149] [leader_pid_controller]: RECOVER capture distance reached. Distance=0.742 m. Entering BRAKE.
[INFO] [1790444024.143883298] [leader_pid_controller]: Controller state: BRAKE
[INFO] [1790444024.144184473] [leader_pid_controller]: Goal braking started. Total speed=0.237 m/s, surge=0.206 m/s.
[INFO] [1790444025.035543980] [leader_pid_controller]: Controller state: HOLD
[INFO] [1790444025.035830019] [leader_pid_controller]: Boat stopped inside target zone. Speed=0.047 m/s, distance=0.850 m.
[INFO] [1790444025.036059525] [leader_pid_controller]: Holding for 5.0 simulated seconds.
[INFO] [1790444026.348996847] [leader_pid_controller]: ========================================
[INFO] [1790444026.349231916] [leader_pid_controller]: EXPERIMENT SUCCESS
[INFO] [1790444026.349437510] [leader_pid_controller]: Goal distance: 0.924 m
[INFO] [1790444026.349633367] [leader_pid_controller]: Speed: 0.012 m/s
[INFO] [1790444026.349834997] [leader_pid_controller]: Remained within 1.00 m for 5.0 simulated seconds.
[INFO] [1790444026.350037863] [leader_pid_controller]: ========================================
Traceback (most recent call last):
  File "/home/sajed/vrx_ws/install/platoon_control/lib/platoon_control/leader_pid_controller", line 33, in <module>
    sys.exit(load_entry_point('platoon-control', 'console_scripts', 'leader_pid_controller')())
             ^^^^^^^^^^^^^^^^^^^^^^^^^^^^^^^^^^^^^^^^^^^^^^^^^^^^^^^^^^^^^^^^^^^^^^^^^^^^^^^^^
  File "/home/sajed/vrx_ws/build/platoon_control/platoon_control/leader_pid_controller.py", line 2126, in main
    node.stop()
  File "/home/sajed/vrx_ws/build/platoon_control/platoon_control/leader_pid_controller.py", line 2096, in stop
    self.publish_zero_thrust()
  File "/home/sajed/vrx_ws/build/platoon_control/platoon_control/leader_pid_controller.py", line 2046, in publish_zero_thrust
    self.publish_thrusters(
  File "/home/sajed/vrx_ws/build/platoon_control/platoon_control/leader_pid_controller.py", line 2006, in publish_thrusters
    self.left_position_publisher.publish(
  File "/opt/ros/jazzy/lib/python3.12/site-packages/rclpy/publisher.py", line 70, in publish
    self.__publisher.publish(msg)
rclpy._rclpy_pybind11.RCLError: Failed to publish: publisher's context is invalid, at ./src/rcl/publisher.c:423
[ros2run]: Process exited with failure 1
