[INFO] [1790441790.023682819] [leader_pid_controller]: Leader PID controller started.
[INFO] [1790441790.024311351] [leader_pid_controller]: Control rate: 10.00 Hz
[INFO] [1790441790.024835404] [leader_pid_controller]: Controller state: TRACK
[INFO] [1790441796.638879221] [leader_pid_controller]: Controller state: TRACK
[INFO] [1790441796.639154393] [leader_pid_controller]: New reference path received: 41 waypoints.
[INFO] [1790441804.266279464] [leader_pid_controller]: Controller state: BRAKE
[INFO] [1790441804.266556460] [leader_pid_controller]: Goal braking started. Total speed=0.748 m/s, surge=0.744 m/s.
[INFO] [1790441805.425338367] [leader_pid_controller]: Boat stopped outside goal tolerance. Distance=1.295 m. Entering RECOVER.
[INFO] [1790441805.426046000] [leader_pid_controller]: Controller state: RECOVER
[INFO] [1790441805.426322737] [leader_pid_controller]: RECOVER mode: ALIGN
[INFO] [1790441805.452626288] [leader_pid_controller]: RECOVER alignment complete. Beginning slow approach.
[INFO] [1790441806.364032192] [leader_pid_controller]: RECOVER capture distance reached. Distance=0.738 m. Entering BRAKE.
[INFO] [1790441806.364446914] [leader_pid_controller]: Controller state: BRAKE
[INFO] [1790441806.364672140] [leader_pid_controller]: Goal braking started. Total speed=0.234 m/s, surge=0.205 m/s.
[INFO] [1790441807.065437716] [leader_pid_controller]: Controller state: HOLD
[INFO] [1790441807.065694678] [leader_pid_controller]: Boat stopped inside target zone. Speed=0.045 m/s, distance=0.815 m.
[INFO] [1790441807.065925156] [leader_pid_controller]: Holding for 5.0 simulated seconds.
[INFO] [1790441808.408791089] [leader_pid_controller]: ========================================
[INFO] [1790441808.409062700] [leader_pid_controller]: EXPERIMENT SUCCESS
[INFO] [1790441808.409270613] [leader_pid_controller]: Goal distance: 0.897 m
[INFO] [1790441808.409464732] [leader_pid_controller]: Speed: 0.005 m/s
[INFO] [1790441808.409775410] [leader_pid_controller]: Remained within 1.00 m for 5.0 simulated seconds.
[INFO] [1790441808.410186944] [leader_pid_controller]: ========================================
Traceback (most recent call last):
  File "/home/sajed/vrx_ws/install/platoon_control/lib/platoon_control/leader_pid_controller", line 33, in <module>
    sys.exit(load_entry_point('platoon-control', 'console_scripts', 'leader_pid_controller')())
             ^^^^^^^^^^^^^^^^^^^^^^^^^^^^^^^^^^^^^^^^^^^^^^^^^^^^^^^^^^^^^^^^^^^^^^^^^^^^^^^^^
  File "/home/sajed/vrx_ws/build/platoon_control/platoon_control/leader_pid_controller.py", line 2126, in main
    node.stop()
  File "/home/sajed/vrx_ws/build/platoon_control/platoon_control/leader_pid_controller.py", line 2096, in stop
    self.publish_zero_thrust()
  File "/home/sajed/vrx_ws/build/platoon_control/platoon_control/leader_pid_controller.py", line 2046, in publish_zero_thrust
    self.publish_thrusters(
  File "/home/sajed/vrx_ws/build/platoon_control/platoon_control/leader_pid_controller.py", line 2006, in publish_thrusters
    self.left_position_publisher.publish(
  File "/opt/ros/jazzy/lib/python3.12/site-packages/rclpy/publisher.py", line 70, in publish
    self.__publisher.publish(msg)
rclpy._rclpy_pybind11.RCLError: Failed to publish: publisher's context is invalid, at ./src/rcl/publisher.c:423
[ros2run]: Process exited with failure 1
