[INFO] [1790444321.868043909] [leader_pid_controller]: Leader PID controller started.
[INFO] [1790444321.868657558] [leader_pid_controller]: Control rate: 10.00 Hz
[INFO] [1790444321.869124561] [leader_pid_controller]: Controller state: TRACK
[INFO] [1790444325.954329175] [leader_pid_controller]: Controller state: TRACK
[INFO] [1790444325.954630787] [leader_pid_controller]: New reference path received: 64 waypoints.
[INFO] [1790444338.252206054] [leader_pid_controller]: Controller state: BRAKE
[INFO] [1790444338.252654484] [leader_pid_controller]: Goal braking started. Total speed=0.778 m/s, surge=0.745 m/s.
[INFO] [1790444339.552797441] [leader_pid_controller]: Boat stopped outside goal tolerance. Distance=1.257 m. Entering RECOVER.
[INFO] [1790444339.553735372] [leader_pid_controller]: Controller state: RECOVER
[INFO] [1790444339.553984279] [leader_pid_controller]: RECOVER mode: ALIGN
[INFO] [1790444340.016725493] [leader_pid_controller]: RECOVER alignment complete. Beginning slow approach.
[INFO] [1790444341.289228887] [leader_pid_controller]: RECOVER capture distance reached. Distance=0.738 m. Entering BRAKE.
[INFO] [1790444341.289589724] [leader_pid_controller]: Controller state: BRAKE
[INFO] [1790444341.289815008] [leader_pid_controller]: Goal braking started. Total speed=0.257 m/s, surge=0.198 m/s.
[INFO] [1790444341.983874203] [leader_pid_controller]: Controller state: HOLD
[INFO] [1790444341.984153349] [leader_pid_controller]: Boat stopped inside target zone. Speed=0.048 m/s, distance=0.810 m.
[INFO] [1790444341.984380104] [leader_pid_controller]: Holding for 5.0 simulated seconds.
[INFO] [1790444343.435769936] [leader_pid_controller]: ========================================
[INFO] [1790444343.436012405] [leader_pid_controller]: EXPERIMENT SUCCESS
[INFO] [1790444343.436217754] [leader_pid_controller]: Goal distance: 0.893 m
[INFO] [1790444343.436424073] [leader_pid_controller]: Speed: 0.009 m/s
[INFO] [1790444343.436686199] [leader_pid_controller]: Remained within 1.00 m for 5.0 simulated seconds.
[INFO] [1790444343.436934198] [leader_pid_controller]: ========================================
Traceback (most recent call last):
  File "/home/sajed/vrx_ws/install/platoon_control/lib/platoon_control/leader_pid_controller", line 33, in <module>
    sys.exit(load_entry_point('platoon-control', 'console_scripts', 'leader_pid_controller')())
             ^^^^^^^^^^^^^^^^^^^^^^^^^^^^^^^^^^^^^^^^^^^^^^^^^^^^^^^^^^^^^^^^^^^^^^^^^^^^^^^^^
  File "/home/sajed/vrx_ws/build/platoon_control/platoon_control/leader_pid_controller.py", line 2126, in main
    node.stop()
  File "/home/sajed/vrx_ws/build/platoon_control/platoon_control/leader_pid_controller.py", line 2096, in stop
    self.publish_zero_thrust()
  File "/home/sajed/vrx_ws/build/platoon_control/platoon_control/leader_pid_controller.py", line 2046, in publish_zero_thrust
    self.publish_thrusters(
  File "/home/sajed/vrx_ws/build/platoon_control/platoon_control/leader_pid_controller.py", line 2006, in publish_thrusters
    self.left_position_publisher.publish(
  File "/opt/ros/jazzy/lib/python3.12/site-packages/rclpy/publisher.py", line 70, in publish
    self.__publisher.publish(msg)
rclpy._rclpy_pybind11.RCLError: Failed to publish: publisher's context is invalid, at ./src/rcl/publisher.c:423
[ros2run]: Process exited with failure 1
