[INFO] [1790443948.767819063] [leader_pid_controller]: Leader PID controller started.
[INFO] [1790443948.768371172] [leader_pid_controller]: Control rate: 10.00 Hz
[INFO] [1790443948.769511191] [leader_pid_controller]: Controller state: TRACK
[INFO] [1790443954.079645972] [leader_pid_controller]: Controller state: TRACK
[INFO] [1790443954.079911875] [leader_pid_controller]: New reference path received: 64 waypoints.
[INFO] [1790443963.693751473] [leader_pid_controller]: Controller state: BRAKE
[INFO] [1790443963.694295951] [leader_pid_controller]: Goal braking started. Total speed=1.028 m/s, surge=0.943 m/s.
[INFO] [1790443965.297887028] [leader_pid_controller]: Boat stopped outside goal tolerance. Distance=1.748 m. Entering RECOVER.
[INFO] [1790443965.298364101] [leader_pid_controller]: Controller state: RECOVER
[INFO] [1790443965.298573430] [leader_pid_controller]: RECOVER mode: ALIGN
[INFO] [1790443965.806396800] [leader_pid_controller]: RECOVER alignment complete. Beginning slow approach.
[INFO] [1790443967.409645660] [leader_pid_controller]: RECOVER capture distance reached. Distance=0.741 m. Entering BRAKE.
[INFO] [1790443967.410066196] [leader_pid_controller]: Controller state: BRAKE
[INFO] [1790443967.410291055] [leader_pid_controller]: Goal braking started. Total speed=0.284 m/s, surge=0.240 m/s.
[INFO] [1790443968.135386198] [leader_pid_controller]: Controller state: HOLD
[INFO] [1790443968.135656432] [leader_pid_controller]: Boat stopped inside target zone. Speed=0.049 m/s, distance=0.831 m.
[INFO] [1790443968.135872653] [leader_pid_controller]: Holding for 5.0 simulated seconds.
[INFO] [1790443969.559200201] [leader_pid_controller]: ========================================
[INFO] [1790443969.559503966] [leader_pid_controller]: EXPERIMENT SUCCESS
[INFO] [1790443969.559722806] [leader_pid_controller]: Goal distance: 0.934 m
[INFO] [1790443969.560033182] [leader_pid_controller]: Speed: 0.007 m/s
[INFO] [1790443969.560303487] [leader_pid_controller]: Remained within 1.00 m for 5.0 simulated seconds.
[INFO] [1790443969.560520198] [leader_pid_controller]: ========================================
Traceback (most recent call last):
  File "/home/sajed/vrx_ws/install/platoon_control/lib/platoon_control/leader_pid_controller", line 33, in <module>
    sys.exit(load_entry_point('platoon-control', 'console_scripts', 'leader_pid_controller')())
             ^^^^^^^^^^^^^^^^^^^^^^^^^^^^^^^^^^^^^^^^^^^^^^^^^^^^^^^^^^^^^^^^^^^^^^^^^^^^^^^^^
  File "/home/sajed/vrx_ws/build/platoon_control/platoon_control/leader_pid_controller.py", line 2126, in main
    node.stop()
  File "/home/sajed/vrx_ws/build/platoon_control/platoon_control/leader_pid_controller.py", line 2096, in stop
    self.publish_zero_thrust()
  File "/home/sajed/vrx_ws/build/platoon_control/platoon_control/leader_pid_controller.py", line 2046, in publish_zero_thrust
    self.publish_thrusters(
  File "/home/sajed/vrx_ws/build/platoon_control/platoon_control/leader_pid_controller.py", line 2006, in publish_thrusters
    self.left_position_publisher.publish(
  File "/opt/ros/jazzy/lib/python3.12/site-packages/rclpy/publisher.py", line 70, in publish
    self.__publisher.publish(msg)
rclpy._rclpy_pybind11.RCLError: Failed to publish: publisher's context is invalid, at ./src/rcl/publisher.c:423
[ros2run]: Process exited with failure 1
