[INFO] [1790443462.690924098] [leader_pid_controller]: Leader PID controller started.
[INFO] [1790443462.691633661] [leader_pid_controller]: Control rate: 10.00 Hz
[INFO] [1790443462.692246124] [leader_pid_controller]: Controller state: TRACK
[INFO] [1790443466.716878603] [leader_pid_controller]: Controller state: TRACK
[INFO] [1790443466.717345421] [leader_pid_controller]: New reference path received: 64 waypoints.
[INFO] [1790443478.500064151] [leader_pid_controller]: Controller state: BRAKE
[INFO] [1790443478.500567947] [leader_pid_controller]: Goal braking started. Total speed=0.758 m/s, surge=0.731 m/s.
[INFO] [1790443479.779404527] [leader_pid_controller]: Boat stopped outside goal tolerance. Distance=1.376 m. Entering RECOVER.
[INFO] [1790443479.780114506] [leader_pid_controller]: Controller state: RECOVER
[INFO] [1790443479.780362259] [leader_pid_controller]: RECOVER mode: ALIGN
[INFO] [1790443480.140942995] [leader_pid_controller]: RECOVER alignment complete. Beginning slow approach.
[INFO] [1790443481.232874831] [leader_pid_controller]: RECOVER capture distance reached. Distance=0.749 m. Entering BRAKE.
[INFO] [1790443481.233342070] [leader_pid_controller]: Controller state: BRAKE
[INFO] [1790443481.233583189] [leader_pid_controller]: Goal braking started. Total speed=0.273 m/s, surge=0.201 m/s.
[INFO] [1790443481.932810537] [leader_pid_controller]: Controller state: HOLD
[INFO] [1790443481.933203025] [leader_pid_controller]: Boat stopped inside target zone. Speed=0.050 m/s, distance=0.858 m.
[INFO] [1790443481.933453494] [leader_pid_controller]: Holding for 5.0 simulated seconds.
[INFO] [1790443483.231544851] [leader_pid_controller]: ========================================
[INFO] [1790443483.231786685] [leader_pid_controller]: EXPERIMENT SUCCESS
[INFO] [1790443483.232241042] [leader_pid_controller]: Goal distance: 0.955 m
[INFO] [1790443483.232705873] [leader_pid_controller]: Speed: 0.009 m/s
[INFO] [1790443483.233149410] [leader_pid_controller]: Remained within 1.00 m for 5.0 simulated seconds.
[INFO] [1790443483.233582887] [leader_pid_controller]: ========================================
Traceback (most recent call last):
  File "/home/sajed/vrx_ws/install/platoon_control/lib/platoon_control/leader_pid_controller", line 33, in <module>
    sys.exit(load_entry_point('platoon-control', 'console_scripts', 'leader_pid_controller')())
             ^^^^^^^^^^^^^^^^^^^^^^^^^^^^^^^^^^^^^^^^^^^^^^^^^^^^^^^^^^^^^^^^^^^^^^^^^^^^^^^^^
  File "/home/sajed/vrx_ws/build/platoon_control/platoon_control/leader_pid_controller.py", line 2126, in main
    node.stop()
  File "/home/sajed/vrx_ws/build/platoon_control/platoon_control/leader_pid_controller.py", line 2096, in stop
    self.publish_zero_thrust()
  File "/home/sajed/vrx_ws/build/platoon_control/platoon_control/leader_pid_controller.py", line 2046, in publish_zero_thrust
    self.publish_thrusters(
  File "/home/sajed/vrx_ws/build/platoon_control/platoon_control/leader_pid_controller.py", line 2006, in publish_thrusters
    self.left_position_publisher.publish(
  File "/opt/ros/jazzy/lib/python3.12/site-packages/rclpy/publisher.py", line 70, in publish
    self.__publisher.publish(msg)
rclpy._rclpy_pybind11.RCLError: Failed to publish: publisher's context is invalid, at ./src/rcl/publisher.c:423
[ros2run]: Process exited with failure 1
