[INFO] [1790442030.020910783] [leader_pid_controller]: Leader PID controller started.
[INFO] [1790442030.021496120] [leader_pid_controller]: Control rate: 10.00 Hz
[INFO] [1790442030.022055315] [leader_pid_controller]: Controller state: TRACK
[INFO] [1790442034.086273107] [leader_pid_controller]: Controller state: TRACK
[INFO] [1790442034.086562198] [leader_pid_controller]: New reference path received: 64 waypoints.
[INFO] [1790442046.389982728] [leader_pid_controller]: Controller state: BRAKE
[INFO] [1790442046.390345458] [leader_pid_controller]: Goal braking started. Total speed=0.738 m/s, surge=0.728 m/s.
[INFO] [1790442047.771012853] [leader_pid_controller]: Boat stopped outside goal tolerance. Distance=1.300 m. Entering RECOVER.
[INFO] [1790442047.771583566] [leader_pid_controller]: Controller state: RECOVER
[INFO] [1790442047.771801511] [leader_pid_controller]: RECOVER mode: ALIGN
[INFO] [1790442047.983247088] [leader_pid_controller]: RECOVER alignment complete. Beginning slow approach.
[INFO] [1790442048.950825926] [leader_pid_controller]: RECOVER capture distance reached. Distance=0.747 m. Entering BRAKE.
[INFO] [1790442048.951193016] [leader_pid_controller]: Controller state: BRAKE
[INFO] [1790442048.951427437] [leader_pid_controller]: Goal braking started. Total speed=0.242 m/s, surge=0.196 m/s.
[INFO] [1790442049.504861582] [leader_pid_controller]: Controller state: HOLD
[INFO] [1790442049.505242438] [leader_pid_controller]: Boat stopped inside target zone. Speed=0.046 m/s, distance=0.810 m.
[INFO] [1790442049.505477753] [leader_pid_controller]: Holding for 5.0 simulated seconds.
[INFO] [1790442050.846975361] [leader_pid_controller]: ========================================
[INFO] [1790442050.847244247] [leader_pid_controller]: EXPERIMENT SUCCESS
[INFO] [1790442050.847495709] [leader_pid_controller]: Goal distance: 0.909 m
[INFO] [1790442050.847755150] [leader_pid_controller]: Speed: 0.005 m/s
[INFO] [1790442050.848000758] [leader_pid_controller]: Remained within 1.00 m for 5.0 simulated seconds.
[INFO] [1790442050.848242032] [leader_pid_controller]: ========================================
Traceback (most recent call last):
  File "/home/sajed/vrx_ws/install/platoon_control/lib/platoon_control/leader_pid_controller", line 33, in <module>
    sys.exit(load_entry_point('platoon-control', 'console_scripts', 'leader_pid_controller')())
             ^^^^^^^^^^^^^^^^^^^^^^^^^^^^^^^^^^^^^^^^^^^^^^^^^^^^^^^^^^^^^^^^^^^^^^^^^^^^^^^^^
  File "/home/sajed/vrx_ws/build/platoon_control/platoon_control/leader_pid_controller.py", line 2126, in main
    node.stop()
  File "/home/sajed/vrx_ws/build/platoon_control/platoon_control/leader_pid_controller.py", line 2096, in stop
    self.publish_zero_thrust()
  File "/home/sajed/vrx_ws/build/platoon_control/platoon_control/leader_pid_controller.py", line 2046, in publish_zero_thrust
    self.publish_thrusters(
  File "/home/sajed/vrx_ws/build/platoon_control/platoon_control/leader_pid_controller.py", line 2006, in publish_thrusters
    self.left_position_publisher.publish(
  File "/opt/ros/jazzy/lib/python3.12/site-packages/rclpy/publisher.py", line 70, in publish
    self.__publisher.publish(msg)
rclpy._rclpy_pybind11.RCLError: Failed to publish: publisher's context is invalid, at ./src/rcl/publisher.c:423
[ros2run]: Process exited with failure 1
