[INFO] [1790441762.847920467] [leader_pid_controller]: Leader PID controller started.
[INFO] [1790441762.848642464] [leader_pid_controller]: Control rate: 10.00 Hz
[INFO] [1790441762.849134930] [leader_pid_controller]: Controller state: TRACK
[INFO] [1790441766.904480551] [leader_pid_controller]: Controller state: TRACK
[INFO] [1790441766.904739921] [leader_pid_controller]: New reference path received: 64 waypoints.
[INFO] [1790441779.008148062] [leader_pid_controller]: Controller state: BRAKE
[INFO] [1790441779.008442408] [leader_pid_controller]: Goal braking started. Total speed=0.754 m/s, surge=0.703 m/s.
[INFO] [1790441780.478099576] [leader_pid_controller]: Boat stopped outside goal tolerance. Distance=1.488 m. Entering RECOVER.
[INFO] [1790441780.478551224] [leader_pid_controller]: Controller state: RECOVER
[INFO] [1790441780.478762309] [leader_pid_controller]: RECOVER mode: ALIGN
[INFO] [1790441781.346255428] [leader_pid_controller]: RECOVER alignment complete. Beginning slow approach.
[INFO] [1790441782.768000408] [leader_pid_controller]: RECOVER capture distance reached. Distance=0.747 m. Entering BRAKE.
[INFO] [1790441782.768429718] [leader_pid_controller]: Controller state: BRAKE
[INFO] [1790441782.768652125] [leader_pid_controller]: Goal braking started. Total speed=0.260 m/s, surge=0.197 m/s.
[INFO] [1790441783.464448669] [leader_pid_controller]: Controller state: HOLD
[INFO] [1790441783.464713011] [leader_pid_controller]: Boat stopped inside target zone. Speed=0.047 m/s, distance=0.845 m.
[INFO] [1790441783.464938436] [leader_pid_controller]: Holding for 5.0 simulated seconds.
[INFO] [1790441784.814743040] [leader_pid_controller]: ========================================
[INFO] [1790441784.814994600] [leader_pid_controller]: EXPERIMENT SUCCESS
[INFO] [1790441784.815193653] [leader_pid_controller]: Goal distance: 0.946 m
[INFO] [1790441784.815414423] [leader_pid_controller]: Speed: 0.001 m/s
[INFO] [1790441784.815636090] [leader_pid_controller]: Remained within 1.00 m for 5.0 simulated seconds.
[INFO] [1790441784.815938115] [leader_pid_controller]: ========================================
Traceback (most recent call last):
  File "/home/sajed/vrx_ws/install/platoon_control/lib/platoon_control/leader_pid_controller", line 33, in <module>
    sys.exit(load_entry_point('platoon-control', 'console_scripts', 'leader_pid_controller')())
             ^^^^^^^^^^^^^^^^^^^^^^^^^^^^^^^^^^^^^^^^^^^^^^^^^^^^^^^^^^^^^^^^^^^^^^^^^^^^^^^^^
  File "/home/sajed/vrx_ws/build/platoon_control/platoon_control/leader_pid_controller.py", line 2126, in main
    node.stop()
  File "/home/sajed/vrx_ws/build/platoon_control/platoon_control/leader_pid_controller.py", line 2096, in stop
    self.publish_zero_thrust()
  File "/home/sajed/vrx_ws/build/platoon_control/platoon_control/leader_pid_controller.py", line 2046, in publish_zero_thrust
    self.publish_thrusters(
  File "/home/sajed/vrx_ws/build/platoon_control/platoon_control/leader_pid_controller.py", line 2010, in publish_thrusters
    self.right_position_publisher.publish(
  File "/opt/ros/jazzy/lib/python3.12/site-packages/rclpy/publisher.py", line 70, in publish
    self.__publisher.publish(msg)
rclpy._rclpy_pybind11.RCLError: Failed to publish: publisher's context is invalid, at ./src/rcl/publisher.c:423
[ros2run]: Process exited with failure 1
