[INFO] [1790441657.760830494] [leader_pid_controller]: Leader PID controller started.
[INFO] [1790441657.761463673] [leader_pid_controller]: Control rate: 10.00 Hz
[INFO] [1790441657.761950660] [leader_pid_controller]: Controller state: TRACK
[INFO] [1790441662.446061114] [leader_pid_controller]: Controller state: TRACK
[INFO] [1790441662.446335693] [leader_pid_controller]: New reference path received: 64 waypoints.
[INFO] [1790441674.333579710] [leader_pid_controller]: Controller state: BRAKE
[INFO] [1790441674.333879916] [leader_pid_controller]: Goal braking started. Total speed=0.756 m/s, surge=0.702 m/s.
[INFO] [1790441675.791476607] [leader_pid_controller]: Boat stopped outside goal tolerance. Distance=1.502 m. Entering RECOVER.
[INFO] [1790441675.792171647] [leader_pid_controller]: Controller state: RECOVER
[INFO] [1790441675.792414040] [leader_pid_controller]: RECOVER mode: ALIGN
[INFO] [1790441676.313546199] [leader_pid_controller]: RECOVER alignment complete. Beginning slow approach.
[INFO] [1790441677.693732431] [leader_pid_controller]: RECOVER capture distance reached. Distance=0.749 m. Entering BRAKE.
[INFO] [1790441677.694121841] [leader_pid_controller]: Controller state: BRAKE
[INFO] [1790441677.694355719] [leader_pid_controller]: Goal braking started. Total speed=0.265 m/s, surge=0.200 m/s.
[INFO] [1790441678.514605725] [leader_pid_controller]: Controller state: HOLD
[INFO] [1790441678.515079266] [leader_pid_controller]: Boat stopped inside target zone. Speed=0.049 m/s, distance=0.883 m.
[INFO] [1790441678.515430059] [leader_pid_controller]: Holding for 5.0 simulated seconds.
[INFO] [1790441679.837646035] [leader_pid_controller]: ========================================
[INFO] [1790441679.837907187] [leader_pid_controller]: EXPERIMENT SUCCESS
[INFO] [1790441679.838117006] [leader_pid_controller]: Goal distance: 0.970 m
[INFO] [1790441679.838315592] [leader_pid_controller]: Speed: 0.020 m/s
[INFO] [1790441679.838559198] [leader_pid_controller]: Remained within 1.00 m for 5.0 simulated seconds.
[INFO] [1790441679.838769238] [leader_pid_controller]: ========================================
Traceback (most recent call last):
  File "/home/sajed/vrx_ws/install/platoon_control/lib/platoon_control/leader_pid_controller", line 33, in <module>
    sys.exit(load_entry_point('platoon-control', 'console_scripts', 'leader_pid_controller')())
             ^^^^^^^^^^^^^^^^^^^^^^^^^^^^^^^^^^^^^^^^^^^^^^^^^^^^^^^^^^^^^^^^^^^^^^^^^^^^^^^^^
  File "/home/sajed/vrx_ws/build/platoon_control/platoon_control/leader_pid_controller.py", line 2126, in main
    node.stop()
  File "/home/sajed/vrx_ws/build/platoon_control/platoon_control/leader_pid_controller.py", line 2096, in stop
    self.publish_zero_thrust()
  File "/home/sajed/vrx_ws/build/platoon_control/platoon_control/leader_pid_controller.py", line 2046, in publish_zero_thrust
    self.publish_thrusters(
  File "/home/sajed/vrx_ws/build/platoon_control/platoon_control/leader_pid_controller.py", line 2006, in publish_thrusters
    self.left_position_publisher.publish(
  File "/opt/ros/jazzy/lib/python3.12/site-packages/rclpy/publisher.py", line 70, in publish
    self.__publisher.publish(msg)
rclpy._rclpy_pybind11.RCLError: Failed to publish: publisher's context is invalid, at ./src/rcl/publisher.c:423
[ros2run]: Process exited with failure 1
