[INFO] [1790444297.899143389] [leader_pid_controller]: Leader PID controller started.
[INFO] [1790444297.899795456] [leader_pid_controller]: Control rate: 10.00 Hz
[INFO] [1790444297.900285289] [leader_pid_controller]: Controller state: TRACK
[INFO] [1790444302.004524901] [leader_pid_controller]: Controller state: TRACK
[INFO] [1790444302.004792656] [leader_pid_controller]: New reference path received: 64 waypoints.
[INFO] [1790444314.110011010] [leader_pid_controller]: Controller state: BRAKE
[INFO] [1790444314.110331472] [leader_pid_controller]: Goal braking started. Total speed=0.778 m/s, surge=0.745 m/s.
[INFO] [1790444315.222736430] [leader_pid_controller]: Controller state: HOLD
[INFO] [1790444315.223003740] [leader_pid_controller]: Boat stopped inside target zone. Speed=0.049 m/s, distance=0.845 m.
[INFO] [1790444315.223218643] [leader_pid_controller]: Holding for 5.0 simulated seconds.
[INFO] [1790444316.586632729] [leader_pid_controller]: ========================================
[INFO] [1790444316.586883163] [leader_pid_controller]: EXPERIMENT SUCCESS
[INFO] [1790444316.587092894] [leader_pid_controller]: Goal distance: 0.918 m
[INFO] [1790444316.587354576] [leader_pid_controller]: Speed: 0.007 m/s
[INFO] [1790444316.587588428] [leader_pid_controller]: Remained within 1.00 m for 5.0 simulated seconds.
[INFO] [1790444316.587800880] [leader_pid_controller]: ========================================
Traceback (most recent call last):
  File "/home/sajed/vrx_ws/install/platoon_control/lib/platoon_control/leader_pid_controller", line 33, in <module>
    sys.exit(load_entry_point('platoon-control', 'console_scripts', 'leader_pid_controller')())
             ^^^^^^^^^^^^^^^^^^^^^^^^^^^^^^^^^^^^^^^^^^^^^^^^^^^^^^^^^^^^^^^^^^^^^^^^^^^^^^^^^
  File "/home/sajed/vrx_ws/build/platoon_control/platoon_control/leader_pid_controller.py", line 2126, in main
    node.stop()
  File "/home/sajed/vrx_ws/build/platoon_control/platoon_control/leader_pid_controller.py", line 2096, in stop
    self.publish_zero_thrust()
  File "/home/sajed/vrx_ws/build/platoon_control/platoon_control/leader_pid_controller.py", line 2046, in publish_zero_thrust
    self.publish_thrusters(
  File "/home/sajed/vrx_ws/build/platoon_control/platoon_control/leader_pid_controller.py", line 2006, in publish_thrusters
    self.left_position_publisher.publish(
  File "/opt/ros/jazzy/lib/python3.12/site-packages/rclpy/publisher.py", line 70, in publish
    self.__publisher.publish(msg)
rclpy._rclpy_pybind11.RCLError: Failed to publish: publisher's context is invalid, at ./src/rcl/publisher.c:423
[ros2run]: Process exited with failure 1
