[INFO] [1790444927.810049894] [trajectory_logger]: Trajectory logger started.
[INFO] [1790444927.810670488] [trajectory_logger]: CSV output: /home/sajed/vrx_ws/src/vrx_platooning/results/autotune_sessions/leader_smart_01/refinement_018_curved/trajectory.csv

============================================
 TRAJECTORY LOGGER SUMMARY
============================================
Completion reason       : SUCCESS
CSV                     : /home/sajed/vrx_ws/src/vrx_platooning/results/autotune_sessions/leader_smart_01/refinement_018_curved/trajectory.csv
Samples                 : 1017
Mean position error     : 0.328 m
Max position error      : 1.430 m
Position RMSE           : 0.428 m
Mean |heading error|    : 0.136 rad
Mean speed              : 0.651 m/s
============================================

Traceback (most recent call last):
  File "/home/sajed/vrx_ws/install/platoon_monitor/lib/platoon_monitor/trajectory_logger", line 33, in <module>
    sys.exit(load_entry_point('platoon-monitor', 'console_scripts', 'trajectory_logger')())
             ^^^^^^^^^^^^^^^^^^^^^^^^^^^^^^^^^^^^^^^^^^^^^^^^^^^^^^^^^^^^^^^^^^^^^^^^^^^^^
  File "/home/sajed/vrx_ws/build/platoon_monitor/platoon_monitor/trajectory_logger.py", line 1049, in main
    node.destroy_node()
  File "/opt/ros/jazzy/lib/python3.12/site-packages/rclpy/node.py", line 1956, in destroy_node
    self.destroy_publisher(self._publishers[0])
  File "/opt/ros/jazzy/lib/python3.12/site-packages/rclpy/node.py", line 1836, in destroy_publisher
    publisher.destroy()
  File "/opt/ros/jazzy/lib/python3.12/site-packages/rclpy/publisher.py", line 105, in destroy
    self.__publisher.destroy_when_not_in_use()
KeyboardInterrupt
[ros2run]: Interrupt
