[INFO] [1790440094.243622073] [leader_pid_controller]: Leader PID controller started.
[INFO] [1790440094.244282195] [leader_pid_controller]: Control rate: 10.00 Hz
[INFO] [1790440094.244796138] [leader_pid_controller]: Controller state: TRACK
[INFO] [1790440098.847946651] [leader_pid_controller]: Controller state: TRACK
[INFO] [1790440098.848226153] [leader_pid_controller]: New reference path received: 64 waypoints.
[INFO] [1790440109.456637935] [leader_pid_controller]: Controller state: BRAKE
[INFO] [1790440109.457111322] [leader_pid_controller]: Goal braking started. Total speed=0.945 m/s, surge=0.886 m/s.
[INFO] [1790440110.877514615] [leader_pid_controller]: Boat stopped outside goal tolerance. Distance=1.463 m. Entering RECOVER.
[INFO] [1790440110.878093363] [leader_pid_controller]: Controller state: RECOVER
[INFO] [1790440110.878307315] [leader_pid_controller]: RECOVER mode: ALIGN
[INFO] [1790440111.933410457] [leader_pid_controller]: RECOVER alignment complete. Beginning slow approach.
[INFO] [1790440113.496453336] [leader_pid_controller]: RECOVER capture distance reached. Distance=0.747 m. Entering BRAKE.
[INFO] [1790440113.496872609] [leader_pid_controller]: Controller state: BRAKE
[INFO] [1790440113.497105654] [leader_pid_controller]: Goal braking started. Total speed=0.277 m/s, surge=0.222 m/s.
[INFO] [1790440114.209680881] [leader_pid_controller]: Controller state: HOLD
[INFO] [1790440114.209964487] [leader_pid_controller]: Boat stopped inside target zone. Speed=0.047 m/s, distance=0.847 m.
[INFO] [1790440114.210180960] [leader_pid_controller]: Holding for 5.0 simulated seconds.
[INFO] [1790440115.612332020] [leader_pid_controller]: ========================================
[INFO] [1790440115.612763399] [leader_pid_controller]: EXPERIMENT SUCCESS
[INFO] [1790440115.613099804] [leader_pid_controller]: Goal distance: 0.937 m
[INFO] [1790440115.613431134] [leader_pid_controller]: Speed: 0.014 m/s
[INFO] [1790440115.613760742] [leader_pid_controller]: Remained within 1.00 m for 5.0 simulated seconds.
[INFO] [1790440115.614046065] [leader_pid_controller]: ========================================
Traceback (most recent call last):
  File "/home/sajed/vrx_ws/install/platoon_control/lib/platoon_control/leader_pid_controller", line 33, in <module>
    sys.exit(load_entry_point('platoon-control', 'console_scripts', 'leader_pid_controller')())
             ^^^^^^^^^^^^^^^^^^^^^^^^^^^^^^^^^^^^^^^^^^^^^^^^^^^^^^^^^^^^^^^^^^^^^^^^^^^^^^^^^
  File "/home/sajed/vrx_ws/build/platoon_control/platoon_control/leader_pid_controller.py", line 2126, in main
    node.stop()
  File "/home/sajed/vrx_ws/build/platoon_control/platoon_control/leader_pid_controller.py", line 2096, in stop
    self.publish_zero_thrust()
  File "/home/sajed/vrx_ws/build/platoon_control/platoon_control/leader_pid_controller.py", line 2046, in publish_zero_thrust
    self.publish_thrusters(
  File "/home/sajed/vrx_ws/build/platoon_control/platoon_control/leader_pid_controller.py", line 2006, in publish_thrusters
    self.left_position_publisher.publish(
  File "/opt/ros/jazzy/lib/python3.12/site-packages/rclpy/publisher.py", line 70, in publish
    self.__publisher.publish(msg)
rclpy._rclpy_pybind11.RCLError: Failed to publish: publisher's context is invalid, at ./src/rcl/publisher.c:423
[ros2run]: Process exited with failure 1
