[INFO] [1790444089.913407185] [leader_pid_controller]: Leader PID controller started.
[INFO] [1790444089.913977706] [leader_pid_controller]: Control rate: 10.00 Hz
[INFO] [1790444089.914444611] [leader_pid_controller]: Controller state: TRACK
[INFO] [1790444093.948393135] [leader_pid_controller]: Controller state: TRACK
[INFO] [1790444093.948688235] [leader_pid_controller]: New reference path received: 64 waypoints.
[INFO] [1790444104.870303506] [leader_pid_controller]: Controller state: BRAKE
[INFO] [1790444104.870604191] [leader_pid_controller]: Goal braking started. Total speed=0.818 m/s, surge=0.778 m/s.
[INFO] [1790444106.420748389] [leader_pid_controller]: Boat stopped outside goal tolerance. Distance=1.491 m. Entering RECOVER.
[INFO] [1790444106.421211785] [leader_pid_controller]: Controller state: RECOVER
[INFO] [1790444106.421515341] [leader_pid_controller]: RECOVER mode: ALIGN
[INFO] [1790444106.815729144] [leader_pid_controller]: RECOVER alignment complete. Beginning slow approach.
[INFO] [1790444108.254051822] [leader_pid_controller]: RECOVER capture distance reached. Distance=0.747 m. Entering BRAKE.
[INFO] [1790444108.254446824] [leader_pid_controller]: Controller state: BRAKE
[INFO] [1790444108.254668498] [leader_pid_controller]: Goal braking started. Total speed=0.247 m/s, surge=0.215 m/s.
[INFO] [1790444108.808083671] [leader_pid_controller]: Controller state: HOLD
[INFO] [1790444108.808358045] [leader_pid_controller]: Boat stopped inside target zone. Speed=0.048 m/s, distance=0.798 m.
[INFO] [1790444108.808572230] [leader_pid_controller]: Holding for 5.0 simulated seconds.
[INFO] [1790444110.105865888] [leader_pid_controller]: ========================================
[INFO] [1790444110.106120880] [leader_pid_controller]: EXPERIMENT SUCCESS
[INFO] [1790444110.106324841] [leader_pid_controller]: Goal distance: 0.900 m
[INFO] [1790444110.106511922] [leader_pid_controller]: Speed: 0.012 m/s
[INFO] [1790444110.106762434] [leader_pid_controller]: Remained within 1.00 m for 5.0 simulated seconds.
[INFO] [1790444110.106986303] [leader_pid_controller]: ========================================
Traceback (most recent call last):
  File "/home/sajed/vrx_ws/install/platoon_control/lib/platoon_control/leader_pid_controller", line 33, in <module>
    sys.exit(load_entry_point('platoon-control', 'console_scripts', 'leader_pid_controller')())
             ^^^^^^^^^^^^^^^^^^^^^^^^^^^^^^^^^^^^^^^^^^^^^^^^^^^^^^^^^^^^^^^^^^^^^^^^^^^^^^^^^
  File "/home/sajed/vrx_ws/build/platoon_control/platoon_control/leader_pid_controller.py", line 2126, in main
    node.stop()
  File "/home/sajed/vrx_ws/build/platoon_control/platoon_control/leader_pid_controller.py", line 2096, in stop
    self.publish_zero_thrust()
  File "/home/sajed/vrx_ws/build/platoon_control/platoon_control/leader_pid_controller.py", line 2046, in publish_zero_thrust
    self.publish_thrusters(
  File "/home/sajed/vrx_ws/build/platoon_control/platoon_control/leader_pid_controller.py", line 2006, in publish_thrusters
    self.left_position_publisher.publish(
  File "/opt/ros/jazzy/lib/python3.12/site-packages/rclpy/publisher.py", line 70, in publish
    self.__publisher.publish(msg)
rclpy._rclpy_pybind11.RCLError: Failed to publish: publisher's context is invalid, at ./src/rcl/publisher.c:423
[ros2run]: Process exited with failure 1
