[INFO] [1790440737.620605521] [leader_pid_controller]: Leader PID controller started.
[INFO] [1790440737.621294946] [leader_pid_controller]: Control rate: 10.00 Hz
[INFO] [1790440737.621853856] [leader_pid_controller]: Controller state: TRACK
[INFO] [1790440743.585022021] [leader_pid_controller]: Controller state: TRACK
[INFO] [1790440743.585312684] [leader_pid_controller]: New reference path received: 41 waypoints.
[INFO] [1790440750.821614422] [leader_pid_controller]: Controller state: BRAKE
[INFO] [1790440750.821871135] [leader_pid_controller]: Goal braking started. Total speed=0.746 m/s, surge=0.745 m/s.
[INFO] [1790440751.942314351] [leader_pid_controller]: Boat stopped outside goal tolerance. Distance=1.332 m. Entering RECOVER.
[INFO] [1790440751.942933634] [leader_pid_controller]: Controller state: RECOVER
[INFO] [1790440751.943146725] [leader_pid_controller]: RECOVER mode: ALIGN
[INFO] [1790440751.967233538] [leader_pid_controller]: RECOVER alignment complete. Beginning slow approach.
[INFO] [1790440752.883763787] [leader_pid_controller]: RECOVER capture distance reached. Distance=0.748 m. Entering BRAKE.
[INFO] [1790440752.884148835] [leader_pid_controller]: Controller state: BRAKE
[INFO] [1790440752.884362683] [leader_pid_controller]: Goal braking started. Total speed=0.236 m/s, surge=0.204 m/s.
[INFO] [1790440753.340454743] [leader_pid_controller]: Controller state: HOLD
[INFO] [1790440753.340717264] [leader_pid_controller]: Boat stopped inside target zone. Speed=0.049 m/s, distance=0.770 m.
[INFO] [1790440753.340927345] [leader_pid_controller]: Holding for 5.0 simulated seconds.
[INFO] [1790440754.616080626] [leader_pid_controller]: ========================================
[INFO] [1790440754.616306098] [leader_pid_controller]: EXPERIMENT SUCCESS
[INFO] [1790440754.616499821] [leader_pid_controller]: Goal distance: 0.876 m
[INFO] [1790440754.616690058] [leader_pid_controller]: Speed: 0.004 m/s
[INFO] [1790440754.616907244] [leader_pid_controller]: Remained within 1.00 m for 5.0 simulated seconds.
[INFO] [1790440754.617108806] [leader_pid_controller]: ========================================
Traceback (most recent call last):
  File "/home/sajed/vrx_ws/install/platoon_control/lib/platoon_control/leader_pid_controller", line 33, in <module>
    sys.exit(load_entry_point('platoon-control', 'console_scripts', 'leader_pid_controller')())
             ^^^^^^^^^^^^^^^^^^^^^^^^^^^^^^^^^^^^^^^^^^^^^^^^^^^^^^^^^^^^^^^^^^^^^^^^^^^^^^^^^
  File "/home/sajed/vrx_ws/build/platoon_control/platoon_control/leader_pid_controller.py", line 2126, in main
    node.stop()
  File "/home/sajed/vrx_ws/build/platoon_control/platoon_control/leader_pid_controller.py", line 2096, in stop
    self.publish_zero_thrust()
  File "/home/sajed/vrx_ws/build/platoon_control/platoon_control/leader_pid_controller.py", line 2046, in publish_zero_thrust
    self.publish_thrusters(
  File "/home/sajed/vrx_ws/build/platoon_control/platoon_control/leader_pid_controller.py", line 2006, in publish_thrusters
    self.left_position_publisher.publish(
  File "/opt/ros/jazzy/lib/python3.12/site-packages/rclpy/publisher.py", line 70, in publish
    self.__publisher.publish(msg)
rclpy._rclpy_pybind11.RCLError: Failed to publish: publisher's context is invalid, at ./src/rcl/publisher.c:423
[ros2run]: Process exited with failure 1
