[INFO] [1790441844.045020351] [leader_pid_controller]: Leader PID controller started.
[INFO] [1790441844.045692225] [leader_pid_controller]: Control rate: 10.00 Hz
[INFO] [1790441844.046199045] [leader_pid_controller]: Controller state: TRACK
[INFO] [1790441848.061026155] [leader_pid_controller]: Controller state: TRACK
[INFO] [1790441848.061283617] [leader_pid_controller]: New reference path received: 41 waypoints.
[INFO] [1790441855.628089513] [leader_pid_controller]: Controller state: BRAKE
[INFO] [1790441855.628352175] [leader_pid_controller]: Goal braking started. Total speed=0.747 m/s, surge=0.747 m/s.
[INFO] [1790441856.783063232] [leader_pid_controller]: Boat stopped outside goal tolerance. Distance=1.266 m. Entering RECOVER.
[INFO] [1790441856.783778404] [leader_pid_controller]: Controller state: RECOVER
[INFO] [1790441856.784013937] [leader_pid_controller]: RECOVER mode: ALIGN
[INFO] [1790441856.808852929] [leader_pid_controller]: RECOVER alignment complete. Beginning slow approach.
[INFO] [1790441857.645644337] [leader_pid_controller]: RECOVER capture distance reached. Distance=0.738 m. Entering BRAKE.
[INFO] [1790441857.646003195] [leader_pid_controller]: Controller state: BRAKE
[INFO] [1790441857.646220487] [leader_pid_controller]: Goal braking started. Total speed=0.206 m/s, surge=0.205 m/s.
[INFO] [1790441857.772997846] [leader_pid_controller]: Controller state: HOLD
[INFO] [1790441857.773267278] [leader_pid_controller]: Boat stopped inside target zone. Speed=0.030 m/s, distance=0.681 m.
[INFO] [1790441857.773474119] [leader_pid_controller]: Holding for 5.0 simulated seconds.
[INFO] [1790441859.116399305] [leader_pid_controller]: ========================================
[INFO] [1790441859.116627782] [leader_pid_controller]: EXPERIMENT SUCCESS
[INFO] [1790441859.116824318] [leader_pid_controller]: Goal distance: 0.826 m
[INFO] [1790441859.117032688] [leader_pid_controller]: Speed: 0.009 m/s
[INFO] [1790441859.117273705] [leader_pid_controller]: Remained within 1.00 m for 5.0 simulated seconds.
[INFO] [1790441859.117481780] [leader_pid_controller]: ========================================
Traceback (most recent call last):
  File "/home/sajed/vrx_ws/install/platoon_control/lib/platoon_control/leader_pid_controller", line 33, in <module>
    sys.exit(load_entry_point('platoon-control', 'console_scripts', 'leader_pid_controller')())
             ^^^^^^^^^^^^^^^^^^^^^^^^^^^^^^^^^^^^^^^^^^^^^^^^^^^^^^^^^^^^^^^^^^^^^^^^^^^^^^^^^
  File "/home/sajed/vrx_ws/build/platoon_control/platoon_control/leader_pid_controller.py", line 2126, in main
    node.stop()
  File "/home/sajed/vrx_ws/build/platoon_control/platoon_control/leader_pid_controller.py", line 2096, in stop
    self.publish_zero_thrust()
  File "/home/sajed/vrx_ws/build/platoon_control/platoon_control/leader_pid_controller.py", line 2046, in publish_zero_thrust
    self.publish_thrusters(
  File "/home/sajed/vrx_ws/build/platoon_control/platoon_control/leader_pid_controller.py", line 2006, in publish_thrusters
    self.left_position_publisher.publish(
  File "/opt/ros/jazzy/lib/python3.12/site-packages/rclpy/publisher.py", line 70, in publish
    self.__publisher.publish(msg)
rclpy._rclpy_pybind11.RCLError: Failed to publish: publisher's context is invalid, at ./src/rcl/publisher.c:423
[ros2run]: Process exited with failure 1
