[INFO] [1790443238.413652738] [leader_pid_controller]: Leader PID controller started.
[INFO] [1790443238.414288351] [leader_pid_controller]: Control rate: 10.00 Hz
[INFO] [1790443238.414808762] [leader_pid_controller]: Controller state: TRACK
[INFO] [1790443242.532581358] [leader_pid_controller]: Controller state: TRACK
[INFO] [1790443242.532869143] [leader_pid_controller]: New reference path received: 41 waypoints.
[INFO] [1790443250.257591961] [leader_pid_controller]: Controller state: BRAKE
[INFO] [1790443250.257959213] [leader_pid_controller]: Goal braking started. Total speed=0.748 m/s, surge=0.746 m/s.
[INFO] [1790443251.473058884] [leader_pid_controller]: Boat stopped outside goal tolerance. Distance=1.312 m. Entering RECOVER.
[INFO] [1790443251.473490968] [leader_pid_controller]: Controller state: RECOVER
[INFO] [1790443251.473710693] [leader_pid_controller]: RECOVER mode: ALIGN
[INFO] [1790443251.499429103] [leader_pid_controller]: RECOVER alignment complete. Beginning slow approach.
[INFO] [1790443252.496351380] [leader_pid_controller]: RECOVER capture distance reached. Distance=0.734 m. Entering BRAKE.
[INFO] [1790443252.496783824] [leader_pid_controller]: Controller state: BRAKE
[INFO] [1790443252.497028407] [leader_pid_controller]: Goal braking started. Total speed=0.258 m/s, surge=0.200 m/s.
[INFO] [1790443253.124439431] [leader_pid_controller]: Controller state: HOLD
[INFO] [1790443253.124708909] [leader_pid_controller]: Boat stopped inside target zone. Speed=0.050 m/s, distance=0.782 m.
[INFO] [1790443253.124920400] [leader_pid_controller]: Holding for 5.0 simulated seconds.
[INFO] [1790443254.443658170] [leader_pid_controller]: ========================================
[INFO] [1790443254.443895579] [leader_pid_controller]: EXPERIMENT SUCCESS
[INFO] [1790443254.444087082] [leader_pid_controller]: Goal distance: 0.882 m
[INFO] [1790443254.444281121] [leader_pid_controller]: Speed: 0.010 m/s
[INFO] [1790443254.444616958] [leader_pid_controller]: Remained within 1.00 m for 5.0 simulated seconds.
[INFO] [1790443254.444892601] [leader_pid_controller]: ========================================
Traceback (most recent call last):
  File "/home/sajed/vrx_ws/install/platoon_control/lib/platoon_control/leader_pid_controller", line 33, in <module>
    sys.exit(load_entry_point('platoon-control', 'console_scripts', 'leader_pid_controller')())
             ^^^^^^^^^^^^^^^^^^^^^^^^^^^^^^^^^^^^^^^^^^^^^^^^^^^^^^^^^^^^^^^^^^^^^^^^^^^^^^^^^
  File "/home/sajed/vrx_ws/build/platoon_control/platoon_control/leader_pid_controller.py", line 2126, in main
    node.stop()
  File "/home/sajed/vrx_ws/build/platoon_control/platoon_control/leader_pid_controller.py", line 2096, in stop
    self.publish_zero_thrust()
  File "/home/sajed/vrx_ws/build/platoon_control/platoon_control/leader_pid_controller.py", line 2046, in publish_zero_thrust
    self.publish_thrusters(
  File "/home/sajed/vrx_ws/build/platoon_control/platoon_control/leader_pid_controller.py", line 2006, in publish_thrusters
    self.left_position_publisher.publish(
  File "/opt/ros/jazzy/lib/python3.12/site-packages/rclpy/publisher.py", line 70, in publish
    self.__publisher.publish(msg)
rclpy._rclpy_pybind11.RCLError: Failed to publish: publisher's context is invalid, at ./src/rcl/publisher.c:423
[ros2run]: Process exited with failure 1
